P1  full           180s  obj=535783      Z1=13.0     Z2=5504   Z3=721.0     feas=y   ran 144s  py3.12
P1  nobay          180s  obj=524295      Z1=21.0     Z2=6496   Z3=608.0     feas=y   ran 161s  py3.12
P1  nobrk          180s  obj=552772      Z1=28.0     Z2=7232   Z3=574.0     feas=y   ran 144s  py3.12
P2  full           180s  obj=68451793    Z1=5055.0   Z2=2557   Z3=6955.0    feas=y   ran 165s  py3.12
P2  nobay          180s  obj=68295404    Z1=5038.0   Z2=2875   Z3=7415.0    feas=y   ran 179s  py3.12
P2  nobrk          180s  obj=65917130    Z1=4864.0   Z2=1042   Z3=7075.0    feas=y   ran 179s  py3.12
P3  full           180s  obj=4548193     Z1=173.0    Z2=7643   Z3=7351.0    feas=y   ran 179s  py3.12
P3  nobay          180s  obj=4432997     Z1=130.0    Z2=4960   Z3=7439.0    feas=y   ran 179s  py3.12
P3  nobrk          180s  obj=4486683     Z1=157.0    Z2=7997   Z3=7331.0    feas=y   ran 179s  py3.12
P4  full           180s  obj=2742261     Z1=379.0    Z2=2874   Z3=2748.0    feas=y   ran 164s  py3.12
P4  nobay          180s  obj=2777706     Z1=378.0    Z2=3061   Z3=2819.0    feas=y   ran 164s  py3.12
P4  nobrk          180s  obj=2777706     Z1=378.0    Z2=3061   Z3=2819.0    feas=y   ran 164s  py3.12
P5  full           180s  obj=7796336     Z1=2199.0   Z2=341    Z3=1160.0    feas=y   ran 156s  py3.12
P5  nobay          180s  obj=7650950     Z1=2071.0   Z2=123    Z3=1868.0    feas=y   ran 161s  py3.12
P5  nobrk          180s  obj=7723264     Z1=2170.0   Z2=206    Z3=1222.0    feas=y   ran 153s  py3.12
P6  full           180s  obj=5380340     Z1=339.0    Z2=3154   Z3=6351.0    feas=y   ran 179s  py3.12
P6  nobay          180s  obj=5345709     Z1=344.0    Z2=3430   Z3=5579.0    feas=y   ran 179s  py3.12
P6  nobrk          180s  obj=5581583     Z1=358.0    Z2=3457   Z3=5948.0    feas=y   ran 176s  py3.12
P7  full           180s  obj=730098      Z1=36.0     Z2=1980   Z3=1575.0    feas=y   ran 152s  py3.12
P7  nobay          180s  obj=732330      Z1=36.0     Z2=2406   Z3=1570.0    feas=y   ran 149s  py3.12
P7  nobrk          180s  obj=730098      Z1=36.0     Z2=1980   Z3=1575.0    feas=y   ran 151s  py3.12
P8  full           180s  obj=131134      Z1=234.0    Z2=1399   Z3=1919.0    feas=y   ran 155s  py3.12
P8  nobay          180s  obj=131206      Z1=263.0    Z2=1075   Z3=1576.0    feas=y   ran 150s  py3.12
P8  nobrk          180s  obj=130987      Z1=264.0    Z2=739    Z3=1568.0    feas=y   ran 152s  py3.12
P9  full           180s  obj=5775195     Z1=277.0    Z2=5218   Z3=6530.0    feas=y   ran 149s  py3.12
P9  nobay          180s  obj=5775195     Z1=277.0    Z2=5218   Z3=6530.0    feas=y   ran 149s  py3.12
P9  nobrk          180s  obj=5775195     Z1=277.0    Z2=5218   Z3=6530.0    feas=y   ran 149s  py3.12
P10 full           180s  obj=3902295     Z1=259.0    Z2=5062   Z3=2144.0    feas=y   ran 149s  py3.12
P10 nobay          180s  obj=4098070     Z1=278.0    Z2=3274   Z3=1892.0    feas=y   ran 151s  py3.12
P10 nobrk          180s  obj=4098070     Z1=278.0    Z2=3274   Z3=1892.0    feas=y   ran 150s  py3.12
