# [F.base.p1]
DIRGATE fired: peak_util=1.016 in [1.00,1.30], timelimit 60 <= 60
BEAMSTAT salv=0 capped=0 used=4.69 level=1.00 B=96 K=4 work=3999
BEAMSTAT salv=0 capped=0 used=2.69 level=1.00 B=67 K=5 work=3999
WSTAT round=0 n=1 535130  spread=0.00%
BEAMSTAT salv=0 capped=0 used=6.84 level=1.00 B=67 K=5 work=3999
FILL round=1 budget=16 moved=0 best=498554
P1  [F.base.p1]     60s  obj=498554      Z1=11.0     Z2=4539   Z3=686.0     feas=y   ran 48s  py3.12
# WALL [F.base.p1] 49.56
# [F.dedup.p1]
DIRGATE fired: peak_util=1.016 in [1.00,1.30], timelimit 60 <= 60
BEAMSTAT salv=0 capped=0 used=4.62 level=1.00 B=96 K=4 work=3999
BEAMSTAT salv=0 capped=0 used=2.63 level=1.00 B=67 K=5 work=3999
WSTAT round=0 n=1 535130  spread=0.00%
BEAMSTAT salv=0 capped=0 used=6.66 level=1.00 B=67 K=5 work=3999
FILL round=1 budget=17 moved=0 best=498554
P1  [F.dedup.p1]    60s  obj=498554      Z1=11.0     Z2=4539   Z3=686.0     feas=y   ran 48s  py3.12
# WALL [F.dedup.p1] 48.16
# [F.fcache.p1]
DIRGATE fired: peak_util=1.016 in [1.00,1.30], timelimit 60 <= 60
BEAMSTAT salv=0 capped=0 used=9.12 level=1.00 B=96 K=4 work=3999
WSTAT round=0 n=1 535130  spread=0.00%
BEAMSTAT salv=0 capped=0 used=13.76 level=1.00 B=67 K=5 work=3999
FILL round=1 budget=16 moved=0 best=498554
P1  [F.fcache.p1]    60s  obj=498554      Z1=11.0     Z2=4539   Z3=686.0     feas=y   ran 58s  py3.12
# WALL [F.fcache.p1] 58.20
# [F.both.p1]
DIRGATE fired: peak_util=1.016 in [1.00,1.30], timelimit 60 <= 60
BEAMSTAT salv=0 capped=0 used=9.40 level=1.00 B=96 K=4 work=3999
WSTAT round=0 n=1 535130  spread=0.00%
BEAMSTAT salv=0 capped=0 used=14.95 level=1.00 B=67 K=5 work=3999
FILL round=1 budget=15 moved=0 best=498554
P1  [F.both.p1]     60s  obj=498554      Z1=11.0     Z2=4539   Z3=686.0     feas=y   ran 60s  py3.12
# WALL [F.both.p1] 59.82
# [F.base.p3]
DIRGATE fired: peak_util=1.182 in [1.00,1.30], timelimit 60 <= 60
BEAMSTAT salv=0 capped=0 used=6.68 level=1.00 B=96 K=4 work=3999
WSTAT round=0 n=1 4597700  spread=0.00%
BEAMSTAT salv=0 capped=0 used=9.34 level=1.00 B=67 K=5 work=3999
FILL round=1 budget=18 moved=0 best=4597700
P3  [F.base.p3]     60s  obj=4597700     Z1=106.0    Z2=4510   Z3=7904.0    feas=y   ran 55s  py3.12
# WALL [F.base.p3] 55.33
# [F.dedup.p3]
DIRGATE fired: peak_util=1.182 in [1.00,1.30], timelimit 60 <= 60
BEAMSTAT salv=0 capped=0 used=6.82 level=1.00 B=96 K=4 work=3999
WSTAT round=0 n=1 4597700  spread=0.00%
BEAMSTAT salv=0 capped=0 used=8.95 level=1.00 B=67 K=5 work=3999
FILL round=1 budget=18 moved=0 best=4597700
P3  [F.dedup.p3]    60s  obj=4597700     Z1=106.0    Z2=4510   Z3=7904.0    feas=y   ran 54s  py3.12
# WALL [F.dedup.p3] 54.59
