# [r1.base.16]
BEAMSTAT salv=1 capped=0 used=0.10 level=0.14 B=96 K=3 work=45
BEAMSTAT salv=1 capped=0 used=0.10 level=0.14 B=67 K=5 work=45
BEAMSTAT salv=0 capped=1 used=0.86 level=1.00 B=67 K=5 work=3633
BEAMSTAT salv=0 capped=0 used=0.89 level=1.00 B=96 K=4 work=3361
BEAMSTAT salv=1 capped=0 used=0.10 level=0.23 B=48 K=6 work=74
BEAMSTAT salv=1 capped=0 used=0.10 level=0.24 B=67 K=5 work=77
BEAMSTAT salv=0 capped=0 used=0.90 level=1.00 B=96 K=3 work=9402
BEAMSTAT salv=0 capped=1 used=0.88 level=1.00 B=67 K=5 work=9684
BEAMSTAT salv=1 capped=0 used=0.10 level=0.31 B=96 K=4 work=97
BEAMSTAT salv=1 capped=0 used=0.10 level=0.33 B=96 K=3 work=102
BEAMSTAT salv=1 capped=0 used=0.10 level=0.30 B=96 K=4 work=93
BEAMSTAT salv=1 capped=0 used=0.10 level=0.26 B=48 K=6 work=83
BEAMSTAT salv=1 capped=0 used=0.10 level=0.34 B=67 K=5 work=106
BEAMSTAT salv=1 capped=0 used=0.10 level=0.17 B=96 K=4 work=55
BEAMSTAT salv=1 capped=0 used=0.90 level=0.99 B=48 K=6 work=3769
BEAMSTAT salv=0 capped=1 used=0.88 level=1.00 B=67 K=5 work=3858
BEAMSTAT salv=1 capped=0 used=0.10 level=0.18 B=67 K=5 work=58
BEAMSTAT salv=1 capped=0 used=0.10 level=0.18 B=96 K=4 work=56
BEAMSTAT salv=0 capped=0 used=0.90 level=1.00 B=96 K=3 work=3495
BEAMSTAT salv=0 capped=0 used=0.90 level=1.00 B=96 K=4 work=4066
BEAMSTAT salv=1 capped=0 used=0.10 level=0.17 B=96 K=3 work=54
BEAMSTAT salv=1 capped=0 used=0.10 level=0.17 B=67 K=5 work=54
BEAMSTAT salv=0 capped=0 used=0.90 level=1.00 B=96 K=4 work=3712
BEAMSTAT salv=1 capped=0 used=0.10 level=0.16 B=48 K=6 work=51
BEAMSTAT salv=1 capped=0 used=0.10 level=0.12 B=67 K=5 work=41
BEAMSTAT salv=1 capped=0 used=0.90 level=0.89 B=67 K=5 work=272
BEAMSTAT salv=0 capped=1 used=0.88 level=1.00 B=48 K=6 work=10252
BEAMSTAT salv=1 capped=0 used=0.10 level=0.09 B=96 K=4 work=31
BEAMSTAT salv=1 capped=0 used=0.10 level=0.04 B=96 K=3 work=14
BEAMSTAT salv=1 capped=0 used=0.91 level=0.32 B=67 K=5 work=101
BEAMSTAT salv=1 capped=0 used=0.91 level=0.27 B=96 K=4 work=85
WSTAT round=0 n=4 4633297 3656247 3936863 3959175  spread=26.72%
P16 [r1.base.16]   240s  obj=3612529     Z1=182.0    Z2=2141   Z3=4718.0    feas=y   ran 239s  py3.12
# [r1.deep.16]
BEAMSTAT salv=0 capped=0 used=0.84 level=1.00 B=96 K=4 work=1068
BEAMSTAT salv=0 capped=1 used=0.84 level=1.00 B=67 K=5 work=1474
BEAMSTAT salv=0 capped=0 used=0.85 level=1.00 B=96 K=3 work=786
BEAMSTAT salv=0 capped=0 used=0.86 level=1.00 B=67 K=5 work=1033
BEAMSTAT salv=0 capped=0 used=0.90 level=1.00 B=67 K=5 work=5165
BEAMSTAT salv=0 capped=0 used=0.90 level=1.00 B=67 K=5 work=4749
BEAMSTAT salv=0 capped=1 used=0.89 level=1.00 B=96 K=3 work=5126
BEAMSTAT salv=0 capped=0 used=0.90 level=1.00 B=48 K=6 work=5018
BEAMSTAT salv=0 capped=0 used=0.89 level=1.00 B=48 K=6 work=1717
BEAMSTAT salv=1 capped=0 used=0.90 level=0.98 B=96 K=4 work=1916
BEAMSTAT salv=1 capped=0 used=0.90 level=0.92 B=67 K=5 work=2283
BEAMSTAT salv=0 capped=1 used=0.84 level=1.00 B=96 K=3 work=1234
BEAMSTAT salv=1 capped=0 used=0.90 level=0.98 B=96 K=4 work=1781
BEAMSTAT salv=0 capped=0 used=0.89 level=1.00 B=96 K=4 work=1344
BEAMSTAT salv=0 capped=1 used=0.84 level=1.00 B=48 K=6 work=1490
BEAMSTAT salv=1 capped=0 used=0.90 level=0.95 B=96 K=3 work=1760
BEAMSTAT salv=0 capped=0 used=0.86 level=1.00 B=96 K=4 work=1004
BEAMSTAT salv=0 capped=1 used=0.86 level=1.00 B=67 K=5 work=2199
BEAMSTAT salv=0 capped=0 used=0.89 level=1.00 B=96 K=4 work=592
BEAMSTAT salv=0 capped=1 used=0.82 level=1.00 B=48 K=6 work=3694
BEAMSTAT salv=1 capped=0 used=0.90 level=0.58 B=67 K=5 work=179
BEAMSTAT salv=1 capped=0 used=0.90 level=0.48 B=96 K=4 work=147
BEAMSTAT salv=1 capped=0 used=0.90 level=0.55 B=67 K=5 work=168
BEAMSTAT salv=1 capped=0 used=0.90 level=0.50 B=96 K=4 work=153
WSTAT round=0 n=4 4210708 3196492 3988783 3251998  spread=31.73%
P16 [r1.deep.16]   240s  obj=3196492     Z1=154.0    Z2=1820   Z3=4551.0    feas=y   ran 239s  py3.12
# [r1.shal.16]
BEAMSTAT salv=1 capped=0 used=0.10 level=0.15 B=67 K=5 work=48
BEAMSTAT salv=1 capped=0 used=0.10 level=0.15 B=96 K=4 work=47
BEAMSTAT salv=1 capped=0 used=0.10 level=0.15 B=96 K=3 work=48
BEAMSTAT salv=1 capped=0 used=0.10 level=0.14 B=67 K=5 work=45
BEAMSTAT salv=1 capped=0 used=0.10 level=0.26 B=67 K=5 work=82
BEAMSTAT salv=1 capped=0 used=0.10 level=0.25 B=48 K=6 work=80
BEAMSTAT salv=1 capped=0 used=0.10 level=0.28 B=96 K=3 work=85
BEAMSTAT salv=1 capped=0 used=0.10 level=0.25 B=67 K=5 work=78
BEAMSTAT salv=1 capped=0 used=0.10 level=0.37 B=96 K=3 work=112
BEAMSTAT salv=1 capped=0 used=0.10 level=0.25 B=67 K=5 work=78
BEAMSTAT salv=1 capped=0 used=0.10 level=0.25 B=48 K=6 work=78
BEAMSTAT salv=1 capped=0 used=0.10 level=0.37 B=96 K=4 work=154
BEAMSTAT salv=1 capped=0 used=0.10 level=0.38 B=48 K=6 work=117
BEAMSTAT salv=1 capped=0 used=0.10 level=0.24 B=96 K=3 work=73
BEAMSTAT salv=1 capped=0 used=0.10 level=0.21 B=96 K=4 work=65
BEAMSTAT salv=1 capped=0 used=0.10 level=0.34 B=96 K=4 work=104
BEAMSTAT salv=1 capped=0 used=0.10 level=0.43 B=96 K=4 work=132
BEAMSTAT salv=1 capped=0 used=0.10 level=0.23 B=96 K=4 work=73
BEAMSTAT salv=1 capped=0 used=0.10 level=0.43 B=48 K=6 work=134
BEAMSTAT salv=1 capped=0 used=0.10 level=0.31 B=67 K=5 work=96
BEAMSTAT salv=1 capped=0 used=0.10 level=0.29 B=96 K=4 work=91
BEAMSTAT salv=1 capped=0 used=0.10 level=0.25 B=96 K=4 work=78
BEAMSTAT salv=1 capped=0 used=0.10 level=0.26 B=67 K=5 work=82
BEAMSTAT salv=1 capped=0 used=0.10 level=0.34 B=67 K=5 work=105
BEAMSTAT salv=1 capped=0 used=0.10 level=0.25 B=67 K=5 work=78
BEAMSTAT salv=1 capped=0 used=0.10 level=0.24 B=96 K=4 work=75
BEAMSTAT salv=1 capped=0 used=0.10 level=0.37 B=67 K=5 work=116
BEAMSTAT salv=1 capped=0 used=0.10 level=0.33 B=96 K=3 work=101
BEAMSTAT salv=1 capped=0 used=0.10 level=0.23 B=67 K=5 work=74
BEAMSTAT salv=1 capped=0 used=0.10 level=0.26 B=67 K=5 work=82
BEAMSTAT salv=1 capped=0 used=0.10 level=0.31 B=96 K=3 work=94
BEAMSTAT salv=1 capped=0 used=0.10 level=0.30 B=48 K=6 work=95
BEAMSTAT salv=1 capped=0 used=0.10 level=0.32 B=96 K=3 work=97
BEAMSTAT salv=1 capped=0 used=0.10 level=0.33 B=67 K=5 work=102
BEAMSTAT salv=1 capped=0 used=0.10 level=0.23 B=48 K=6 work=74
BEAMSTAT salv=1 capped=0 used=0.10 level=0.26 B=96 K=4 work=81
BEAMSTAT salv=1 capped=0 used=0.10 level=0.32 B=48 K=6 work=100
BEAMSTAT salv=1 capped=0 used=0.10 level=0.32 B=96 K=3 work=98
BEAMSTAT salv=1 capped=0 used=0.10 level=0.31 B=96 K=4 work=96
BEAMSTAT salv=1 capped=0 used=0.10 level=0.31 B=96 K=4 work=95
BEAMSTAT salv=1 capped=0 used=0.10 level=0.32 B=96 K=4 work=161
BEAMSTAT salv=1 capped=0 used=0.10 level=0.37 B=48 K=6 work=146
BEAMSTAT salv=1 capped=0 used=0.10 level=0.34 B=67 K=5 work=106
BEAMSTAT salv=1 capped=0 used=0.10 level=0.38 B=96 K=4 work=118
BEAMSTAT salv=1 capped=0 used=0.10 level=0.21 B=96 K=4 work=67
BEAMSTAT salv=1 capped=0 used=0.10 level=0.42 B=67 K=5 work=130
BEAMSTAT salv=1 capped=0 used=0.10 level=0.15 B=67 K=5 work=49
BEAMSTAT salv=1 capped=0 used=0.10 level=0.16 B=96 K=4 work=50
BEAMSTAT salv=1 capped=0 used=0.10 level=0.13 B=96 K=3 work=40
BEAMSTAT salv=1 capped=0 used=0.10 level=0.09 B=67 K=5 work=32
BEAMSTAT salv=1 capped=0 used=0.10 level=0.06 B=67 K=5 work=23
BEAMSTAT salv=1 capped=0 used=0.10 level=0.06 B=48 K=6 work=23
WSTAT round=0 n=4 3958263 3499985 4020540 3746541  spread=14.87%
P16 [r1.shal.16]   240s  obj=3499985     Z1=177.0    Z2=2598   Z3=4529.0    feas=y   ran 239s  py3.12
# [r1.base.1]
BEAMSTAT salv=1 capped=0 used=0.10 level=0.29 B=67 K=5 work=46
BEAMSTAT salv=1 capped=0 used=0.10 level=0.29 B=96 K=3 work=46
BEAMSTAT salv=1 capped=0 used=0.10 level=0.49 B=67 K=5 work=76
BEAMSTAT salv=1 capped=0 used=0.10 level=0.48 B=48 K=6 work=74
BEAMSTAT salv=0 capped=1 used=0.78 level=1.00 B=67 K=5 work=5365
BEAMSTAT salv=0 capped=1 used=0.83 level=1.00 B=96 K=4 work=4198
BEAMSTAT salv=0 capped=1 used=0.67 level=1.00 B=67 K=5 work=9702
