# [r1.base]
WSTAT round=0 n=4 516577 678217 544247 762638  spread=47.63%
P1  [r1.base]      240s  obj=516577      Z1=13.0     Z2=4102   Z3=696.0     feas=y   ran 200s  py3.12
# [g240.p6.base]
WSTAT round=0 n=4 5516722 5465474 5302050 5302630  spread=4.05%
P6  [g240.p6.base]   240s  obj=5302050     Z1=341.0    Z2=2166   Z3=5599.0    feas=y   ran 232s  py3.12
# [g240.p6.dir2]
WSTAT round=0 n=4 5535631 5642685 5449984 5365162  spread=5.17%
P6  [g240.p6.dir2]   240s  obj=5345947     Z1=338.0    Z2=4528   Z3=6141.0    feas=y   ran 240s  py3.12
# [g240.p20.base]
WSTAT round=0 n=4 10929379 9537284 9696200 8868533  spread=23.24%
P20 [g240.p20.base]   240s  obj=8868533     Z1=1123.0   Z2=374    Z3=9190.0    feas=y   ran 231s  py3.12
# [g240.p20.dir2]
WSTAT round=0 n=4 12257193 9537284 10173938 9164946  spread=33.74%
P20 [g240.p20.dir2]   240s  obj=9164502     Z1=1164.0   Z2=3108   Z3=9195.0    feas=y   ran 239s  py3.12
# [g240.p36.base]
WSTAT round=0 n=4 80788639 77225665 90363294 76795351  spread=17.67%
P36 [g240.p36.base]   240s  obj=76795351    Z1=10734.0  Z2=2973   Z3=6536.0    feas=y   ran 240s  py3.12
# [g240.p36.dir2]
WSTAT round=0 n=4 91926866 75190266 81417105 75579647  spread=22.26%
P36 [g240.p36.dir2]   240s  obj=75178259    Z1=10438.0  Z2=2513   Z3=6982.0    feas=y   ran 240s  py3.12
# [g240.p16.base]
WSTAT round=0 n=4 4557909 3495836 3936863 3574290  spread=30.38%
P16 [g240.p16.base]   240s  obj=3495836     Z1=175.0    Z2=2687   Z3=4618.0    feas=y   ran 239s  py3.12
# [g240.p16.dir2]
WSTAT round=0 n=4 2676209 3233601 3283454 3657631  spread=36.67%
P16 [g240.p16.dir2]   240s  obj=2646248     Z1=111.0    Z2=1345   Z3=4649.0    feas=y   ran 239s  py3.12
# [g240.p24.base]
WSTAT round=0 n=4 2928256 2739434 3041009 2847445  spread=11.01%
P24 [g240.p24.base]   240s  obj=2739434     Z1=536.0    Z2=4478   Z3=1536.0    feas=y   ran 218s  py3.12
