# [r1.base.16]
WSTAT round=0 n=4 4372508 3813686 4342410 4396442  spread=15.28%
P16 [r1.base.16]   240s  obj=3813686     Z1=196.0    Z2=2306   Z3=4774.0    feas=y   ran 239s  py3.12
# [r1.sac3.16]
WSTAT round=0 n=4 4564414 3332264 4159770 3450147  spread=36.98%
P16 [r1.sac3.16]   240s  obj=3316538     Z1=156.0    Z2=2280   Z3=4919.0    feas=y   ran 239s  py3.12
# [r1.lst.16]
WSTAT round=0 n=4 3472659 3813686 3332506 3740946  spread=14.44%
P16 [r1.lst.16]    240s  obj=3278845     Z1=164.0    Z2=911    Z3=4358.0    feas=y   ran 239s  py3.12
# [r1.a4.16]
WSTAT round=0 n=4 3198844 3669158 4531747 3680078  spread=41.67%
P16 [r1.a4.16]     240s  obj=3146758     Z1=155.0    Z2=1131   Z3=4307.0    feas=y   ran 239s  py3.12
# [r1.base.6]
WSTAT round=0 n=4 5345604 5613527 5388065 5788034  spread=8.28%
P6  [r1.base.6]    240s  obj=5333564     Z1=344.0    Z2=3927   Z3=5469.0    feas=y   ran 239s  py3.12
# [r1.sac3.6]
WSTAT round=0 n=4 5402751 5613527 5576457 5465204  spread=3.90%
P6  [r1.sac3.6]    240s  obj=5402556     Z1=345.0    Z2=3940   Z3=5887.0    feas=y   ran 239s  py3.12
# [r1.lst.6]
WSTAT round=0 n=4 5538888 5406973 5076573 5517249  spread=9.11%
P6  [r1.lst.6]     240s  obj=5076573     Z1=322.0    Z2=3347   Z3=5764.0    feas=y   ran 239s  py3.12
# [r1.a4.6]
WSTAT round=0 n=4 5541739 5597790 5190773 5616316  spread=8.20%
P6  [r1.a4.6]      240s  obj=5190773     Z1=331.0    Z2=2693   Z3=5745.0    feas=y   ran 239s  py3.12
