# [c.p16.stock.r1]
WSTAT round=0 n=4 2981561 3469962 3200982 4340936  spread=45.59%
PARFILL round=1 parity=even even=2981561 odd=3469962 wids=[16, 18, 20, 22]
FILL round=1 budget=67 moved=0 best=2979743
P16 [c.p16.stock.r1]   240s  obj=2979743     Z1=120.0    Z2=1261   Z3=5504.0    feas=y   ran 238s  py3.12
# [c.p16.b137.r1]
WSTAT round=0 n=4 3050986 3495836 3233225 4582171  spread=50.19%
PARFILL round=1 parity=even even=3050986 odd=3495836 wids=[16, 18, 20, 22]
FILL round=1 budget=67 moved=0 best=3050986
P16 [c.p16.b137.r1]   240s  obj=3050986     Z1=134.0    Z2=1538   Z3=5039.0    feas=y   ran 238s  py3.12
# [c.p16.stock.r2]
# [c.p16.bm2.r1]
WSTAT round=0 n=4 2995191 3495836 3167378 4582171  spread=52.98%
PARFILL round=1 parity=even even=2995191 odd=3495836 wids=[16, 18, 20, 22]
FILL round=1 budget=66 moved=0 best=2995191
P16 [c.p16.bm2.r1]   240s  obj=2995191     Z1=132.0    Z2=2745   Z3=4908.0    feas=y   ran 239s  py3.12
# [c.p16.stock.r2]
WSTAT round=0 n=4 2895137 3469962 3019173 4554750  spread=57.32%
PARFILL round=1 parity=even even=2895137 odd=3469962 wids=[16, 18, 20, 22]
FILL round=1 budget=64 moved=0 best=2895137
P16 [c.p16.stock.r2]   240s  obj=2895137     Z1=118.0    Z2=1531   Z3=5269.0    feas=y   ran 239s  py3.12
# [c.p16.bm2.r2]
WSTAT round=0 n=4 3193706 3495836 3277700 4554750  spread=42.62%
PARFILL round=1 parity=even even=3193706 odd=3495836 wids=[16, 18, 20, 22]
FILL round=1 budget=62 moved=0 best=3186941
P16 [c.p16.bm2.r2]   240s  obj=3186941     Z1=142.0    Z2=1385   Z3=5158.0    feas=y   ran 240s  py3.12
# [c.p16.stock.r3]
WSTAT round=0 n=4 3201748 3469962 3078567 4279590  spread=39.01%
PARFILL round=1 parity=even even=3078567 odd=3469962 wids=[16, 18, 20, 22]
FILL round=1 budget=63 moved=0 best=3069049
P16 [c.p16.stock.r3]   240s  obj=3069049     Z1=137.0    Z2=1976   Z3=4946.0    feas=y   ran 240s  py3.12
# [c.p16.bm2.r3]
WSTAT round=0 n=4 2960795 3199896 2858221 4582171  spread=60.32%
PARFILL round=1 parity=even even=2858221 odd=3199896 wids=[16, 18, 20, 22]
FILL round=1 budget=61 moved=0 best=2834903
P16 [c.p16.bm2.r3]   240s  obj=2834903     Z1=127.0    Z2=1454   Z3=4549.0    feas=y   ran 240s  py3.12
# [c.p16.stock.r4]
WSTAT round=0 n=4 3200244 3495836 2912646 4554750  spread=56.38%
PARFILL round=1 parity=even even=2912646 odd=3495836 wids=[16, 18, 20, 22]
FILL round=1 budget=69 moved=0 best=2898517
P16 [c.p16.stock.r4]   240s  obj=2898517     Z1=134.0    Z2=1715   Z3=4427.0    feas=y   ran 238s  py3.12
# [c.p16.bm2.r4]
