# [r1.base.16]
  opstat  op      tried   seconds %budget         gain     gain/s
  opstat  beam       10     139.4   59.2%   8399805163 60265510.9
  opstat  grow        1      17.5    7.5%            0        0.0
  opstat  bal         2       0.1    0.1%            0        0.0
  opstat  pref        2      27.7   11.8%        63492     2292.3
  opstat  bay         1      48.4   20.6%          150        3.1
  opstat  TOTAL      16     233.2   99.1%                        
  opstat  op      tried   seconds %budget         gain     gain/s
  opstat  beam        4      88.2   37.2%   8397271571 95173351.6
  opstat  grow        2      78.1   33.0%      2088580    26728.7
  opstat  bal         1       0.0    0.0%            0        0.0
  opstat  pref        1      23.7   10.0%        12273      518.5
  opstat  bay         1      45.6   19.2%          189        4.1
  opstat  TOTAL       9     235.7   99.4%                        
  opstat  op      tried   seconds %budget         gain     gain/s
  opstat  beam       10     140.1   58.9%   8400190787 59971726.4
  opstat  grow        2      23.7   10.0%            0        0.0
  opstat  bal         1       0.1    0.0%            0        0.0
  opstat  pref        1      23.8   10.0%        22077      929.1
  opstat  bay         1      48.8   20.5%            0        0.0
  opstat  TOTAL      15     236.4   99.4%                        
  opstat  op      tried   seconds %budget         gain     gain/s
  opstat  beam        6     121.5   51.0%   8399352079 69137273.4
  opstat  grow        1      42.3   17.7%       423080    10011.5
  opstat  bal         1       0.0    0.0%            0        0.0
  opstat  pref        1      23.7    9.9%        21494      906.5
  opstat  bay         1      50.0   21.0%            0        0.0
  opstat  TOTAL      10     237.5   99.6%                        
WSTAT round=0 n=4 4320129 3479878 3896089 3823937  spread=24.15%
P16 [r1.base.16]   240s  obj=3479878     Z1=173.0    Z2=2923   Z3=4658.0    feas=y   ran 240s  py3.12
# [r1.cap12.16]
