# [r1.p1.base]
WSTAT round=0 n=4 469427 652268 464757 788492  spread=69.66%
PARFILL round=1 parity=even even=464757 odd=652268 wids=[16, 18, 20, 22]
FILL round=1 budget=71 moved=0 best=464757
P1  [r1.p1.base]   240s  obj=464757      Z1=9.0      Z2=3518   Z3=657.0     feas=y   ran 236s  py3.12
# [r1.p1.bk67]
WSTAT round=0 n=4 469427 757894 445311 788492  spread=77.07%
PARFILL round=1 parity=even even=445311 odd=757894 wids=[16, 18, 20, 22]
FILL round=1 budget=74 moved=0 best=445311
P1  [r1.p1.bk67]   240s  obj=445311      Z1=24.0     Z2=6501   Z3=443.0     feas=y   ran 233s  py3.12
# [r2.p1.base]
WSTAT round=0 n=4 492458 652268 437484 722186  spread=65.08%
PARFILL round=1 parity=even even=437484 odd=652268 wids=[16, 18, 20, 22]
FILL round=1 budget=74 moved=0 best=437484
P1  [r2.p1.base]   240s  obj=437484      Z1=15.0     Z2=4293   Z3=541.0     feas=y   ran 234s  py3.12
# [r2.p1.bk67]
WSTAT round=0 n=4 422629 652268 437484 755086  spread=78.66%
PARFILL round=1 parity=even even=422629 odd=652268 wids=[16, 18, 20, 22]
FILL round=1 budget=74 moved=0 best=422629
P1  [r2.p1.bk67]   240s  obj=422629      Z1=7.0      Z2=3720   Z3=608.0     feas=y   ran 234s  py3.12
# [r3.p1.base]
WSTAT round=0 n=4 422629 689187 489878 837035  spread=98.05%
PARFILL round=1 parity=even even=422629 odd=689187 wids=[16, 18, 20, 22]
FILL round=1 budget=73 moved=0 best=422629
P1  [r3.p1.base]   240s  obj=422629      Z1=7.0      Z2=3720   Z3=608.0     feas=y   ran 233s  py3.12
# [r3.p1.bk67]
WSTAT round=0 n=4 533181 689187 499210 781046  spread=56.46%
PARFILL round=1 parity=even even=499210 odd=689187 wids=[16, 18, 20, 22]
FILL round=1 budget=71 moved=0 best=499210
P1  [r3.p1.bk67]   240s  obj=499210      Z1=19.0     Z2=7579   Z3=583.0     feas=y   ran 235s  py3.12
== BK67 prob_1 done ==
# [r1.p16.base]
