# [r1.p1.off]
  opstat  op      tried   seconds %budget         gain     gain/s
  opstat  beam        7      94.6   61.4%    979056715 10352698.1
  opstat  grow        1      26.3   17.0%            0        0.0
  opstat  bal         2       0.0    0.0%            0        0.0
  opstat  pref        2       6.5    4.2%        83909    12966.7
  opstat  bay         1      26.3   17.0%            0        0.0
  opstat  TOTAL      13     153.6   99.7%                        
  opstat  op      tried   seconds %budget         gain     gain/s
  opstat  beam        6      78.0   50.7%    978919663 12546974.8
  opstat  grow        1      26.9   17.5%       124143     4609.0
  opstat  bal         1       0.0    0.0%            0        0.0
  opstat  pref        2      17.8   11.5%        64981     3655.5
  opstat  bay         1      30.5   19.8%            0        0.0
  opstat  TOTAL      11     153.3   99.5%                        
  opstat  op      tried   seconds %budget         gain     gain/s
  opstat  beam       12      79.9   51.9%    978737712 12245101.5
  opstat  grow        2      13.1    8.5%        76663     5851.9
  opstat  bal         2       0.1    0.1%          213     1976.4
  opstat  pref        4      35.4   23.0%        76861     2169.7
  opstat  bay         1      24.5   15.9%            0        0.0
  opstat  TOTAL      21     153.1   99.3%                        
  opstat  op      tried   seconds %budget         gain     gain/s
  opstat  beam       10      77.4   50.2%    978661153 12639606.9
  opstat  grow        1       8.5    5.5%        52611     6202.3
  opstat  bal         2       0.1    0.1%          213     2393.8
  opstat  pref        3      40.2   26.0%        76430     1902.7
  opstat  bay         1      25.5   16.5%            0        0.0
  opstat  TOTAL      17     151.6   98.3%                        
WSTAT round=0 n=4 492458 741633 524295 842675  spread=71.12%
PARFILL round=1 parity=even even=492458 odd=741633 wids=[16, 18, 20, 22]
  opstat  op      tried   seconds %budget         gain     gain/s
  opstat  beam        5      26.0   36.1%    978672462 37623915.6
  opstat  grow        1       8.3   11.6%       103262    12388.0
  opstat  bal         2       0.1    0.1%         1182    17018.2
  opstat  pref        2       7.4   10.3%        90552    12198.0
  opstat  bay         2      29.4   40.8%            0        0.0
  opstat  TOTAL      12      71.2   99.0%                        
  opstat  op      tried   seconds %budget         gain     gain/s
  opstat  beam        7      36.5   50.8%    978672462 26784025.3
  opstat  grow        1       8.3   11.5%       103262    12480.9
  opstat  bal         1       0.1    0.1%         1182    20550.7
  opstat  pref        3      12.9   17.9%        90552     7009.3
  opstat  bay         1      13.5   18.7%            0        0.0
  opstat  TOTAL      13      71.3   99.0%                        
  opstat  op      tried   seconds %budget         gain     gain/s
  opstat  beam        8      39.0   54.2%    978685170 25086120.3
  opstat  grow        1       8.4   11.7%            0        0.0
  opstat  bal         2       0.0    0.0%            0        0.0
  opstat  pref        2      10.1   14.0%       185677    18411.7
  opstat  bay         1      14.0   19.4%            0        0.0
  opstat  TOTAL      14      71.6   99.4%                        
  opstat  op      tried   seconds %budget         gain     gain/s
  opstat  beam        7      32.0   44.3%    978688834 30614576.1
  opstat  grow        2      13.2   18.2%        75405     5727.1
  opstat  bal         2       0.0    0.0%            0        0.0
  opstat  pref        2      10.2   14.1%       163964    16086.3
  opstat  bay         1      15.6   21.6%           54        3.5
  opstat  TOTAL      14      70.9   98.3%                        
FILL round=1 budget=73 moved=0 best=492458
P1  [r1.p1.off]    240s  obj=492458      Z1=2.0      Z2=2708   Z3=785.0     feas=y   ran 234s  py3.12
# [r1.p1.brk]
  opstat  op      tried   seconds %budget         gain     gain/s
  opstat  beam       10      65.2   42.6%    978656390 15011855.3
  opstat  grow        1       7.4    4.9%            0        0.0
  opstat  bal         1       0.0    0.0%            0        0.0
  opstat  pref        2      15.8   10.3%        76014     4799.8
  opstat  bay         1      28.5   18.6%        72673     2551.4
  opstat  brk         1      34.7   22.7%        72919     2098.7
  opstat  TOTAL      16     151.7   99.1%                        
  opstat  op      tried   seconds %budget         gain     gain/s
  opstat  beam        5      55.9   36.3%    979091983 17519544.4
  opstat  grow        1      26.6   17.2%            0        0.0
  opstat  bal         2       0.0    0.0%         2796    87392.3
  opstat  pref        2       4.4    2.8%       100606    23079.3
  opstat  bay         1      20.9   13.6%          213       10.2
  opstat  brk         1      45.4   29.5%         8675      191.1
  opstat  TOTAL      12     153.1   99.4%                        
  opstat  op      tried   seconds %budget         gain     gain/s
  opstat  beam        4      48.4   31.4%    979056715 20235242.7
  opstat  grow        1      26.5   17.2%            0        0.0
  opstat  bal         1       0.0    0.0%            0        0.0
  opstat  pref        3       7.6    4.9%       101549    13403.8
  opstat  bay         1      28.3   18.4%            0        0.0
  opstat  brk         1      42.4   27.5%         5391      127.3
  opstat  TOTAL      11     153.1   99.4%                        
  opstat  op      tried   seconds %budget         gain     gain/s
  opstat  beam        9      57.8   37.5%    978737712 16927217.6
  opstat  grow        2      13.7    8.9%        76663     5612.0
  opstat  bal         1       0.1    0.1%          213     2227.4
  opstat  pref        2      16.1   10.5%        89377     5540.2
  opstat  bay         1      23.0   14.9%            0        0.0
  opstat  brk         2      41.2   26.7%        36186      877.8
  opstat  TOTAL      17     151.9   98.5%                        
WSTAT round=0 n=4 469427 692931 428809 755086  spread=76.09%
PARFILL round=1 parity=even even=428809 odd=692931 wids=[16, 18, 20, 22]
  opstat  op      tried   seconds %budget         gain     gain/s
  opstat  beam        8      39.9   54.7%    978675573 24529057.7
  opstat  grow        1       8.5   11.7%            0        0.0
  opstat  bal         2       0.0    0.0%            0        0.0
  opstat  pref        2       7.6   10.4%       147766    19420.8
  opstat  bay         1      13.4   18.4%            0        0.0
  opstat  brk         1       3.1    4.3%            0        0.0
  opstat  TOTAL      15      72.6   99.5%                        
  opstat  op      tried   seconds %budget         gain     gain/s
  opstat  beam        3      18.2   25.0%    978672462 53675992.1
  opstat  grow        1       8.5   11.6%       103262    12186.1
  opstat  bal         2       0.1    0.1%         1182    17006.8
  opstat  pref        2       7.9   10.9%        90552    11412.4
  opstat  bay         2      18.0   24.6%            0        0.0
  opstat  brk         1      19.5   26.7%            0        0.0
  opstat  TOTAL      11      72.2   98.9%                        
  opstat  op      tried   seconds %budget         gain     gain/s
  opstat  beam        3      17.7   24.2%    978640922 55236112.3
  opstat  grow        1       8.3   11.3%        75405     9102.3
  opstat  bal         1       0.0    0.0%            0        0.0
  opstat  pref        2      10.2   14.0%        87033     8510.8
  opstat  bay         1      14.4   19.7%           54        3.7
  opstat  brk         2      21.1   28.8%        23288     1106.1
  opstat  TOTAL      10      71.7   98.1%                        
  opstat  op      tried   seconds %budget         gain     gain/s
  opstat  beam        4      22.3   30.4%    978672462 43981481.0
  opstat  grow        1       8.9   12.1%       185324    20853.4
  opstat  bal         1       0.0    0.0%            0        0.0
  opstat  pref        2       9.3   12.8%        73444     7856.3
  opstat  bay         1      13.2   18.0%            0        0.0
  opstat  brk         1      18.6   25.4%        57381     3079.9
  opstat  TOTAL      10      72.3   98.8%                        
FILL round=1 budget=74 moved=0 best=428809
P1  [r1.p1.brk]    240s  obj=428809      Z1=22.0     Z2=5045   Z3=445.0     feas=y   ran 233s  py3.12
