# [b120.f8.r1]
  opstat  op      tried   seconds %budget         gain     gain/s
  opstat  beam        3      20.9   27.9%    978876007 46778566.8
  opstat  grow        1      13.5   18.0%       141929    10498.4
  opstat  bal         1       0.0    0.0%            0        0.0
  opstat  pref        2       7.2    9.6%         2511      348.4
  opstat  bay         1      13.7   18.3%            0        0.0
  opstat  brk         1      19.1   25.4%        28026     1470.7
  opstat  TOTAL       9      74.5   99.1%                        
P1  [b120.f8.r1]   120s  obj=584609      Z1=20.0     Z2=7223   Z3=716.0     feas=y   ran 78s  py3.12
# [b120.f20.r1]
  opstat  op      tried   seconds %budget         gain     gain/s
  opstat  beam        3      21.0   28.0%    978876007 46525750.3
  opstat  grow        1      13.5   18.0%       141929    10497.1
  opstat  bal         1       0.0    0.0%            0        0.0
  opstat  pref        2       7.3    9.8%         2511      343.2
  opstat  bay         1      13.8   18.4%            0        0.0
  opstat  brk         1      18.7   24.9%        28026     1498.5
  opstat  TOTAL       9      74.4   99.2%                        
P1  [b120.f20.r1]   120s  obj=584609      Z1=20.0     Z2=7223   Z3=716.0     feas=y   ran 78s  py3.12
# [b120.f35.r1]
  opstat  op      tried   seconds %budget         gain     gain/s
  opstat  beam        6      41.2   54.1%    978876007 23780349.8
  opstat  grow        1      13.5   17.7%       141929    10522.7
  opstat  bal         2       0.0    0.0%            0        0.0
  opstat  pref        2       6.8    8.9%         2511      370.8
  opstat  bay         1      14.2   18.6%            0        0.0
  opstat  brk         0       0.0    0.0%            0        0.0
  opstat  TOTAL      12      75.6   99.3%                        
P1  [b120.f35.r1]   120s  obj=612635      Z1=17.0     Z2=5432   Z3=805.0     feas=y   ran 80s  py3.12
# [b120.f50.r1]
