# [CONTAM.r1.p1.brk]
  opstat  op      tried   seconds %budget         gain     gain/s
  opstat  beam        5      59.6   38.9%    978863889 16437019.2
  opstat  grow        1      21.7   14.2%       173514     8000.9
  opstat  bal         1       0.1    0.0%         4938    77170.4
  opstat  pref        1       3.9    2.6%        46972    11942.6
  opstat  bay         1      27.6   18.0%         2504       90.9
  opstat  brk         1      38.3   25.0%          166        4.3
  opstat  TOTAL      10     151.1   98.6%                        
  opstat  op      tried   seconds %budget         gain     gain/s
  opstat  beam       15      90.5   59.0%    978645817 10812308.1
  opstat  grow        2      15.8   10.3%       117209     7420.4
  opstat  bal         2       0.0    0.0%            0        0.0
  opstat  pref        1      13.0    8.5%        46787     3609.1
  opstat  bay         1      31.4   20.5%            0        0.0
  opstat  brk         2       0.6    0.4%            0        0.0
  opstat  TOTAL      23     151.2   98.6%                        
  opstat  op      tried   seconds %budget         gain     gain/s
  opstat  beam        4      45.6   29.5%    978774330 21485835.2
  opstat  grow        1      23.2   15.0%       127965     5520.8
  opstat  bal         1       0.0    0.0%            0        0.0
  opstat  pref        2      14.7    9.5%       191527    13052.6
  opstat  bay         1      30.0   19.4%            0        0.0
  opstat  brk         1      39.1   25.3%          324        8.3
  opstat  TOTAL      10     152.5   98.9%                        
  opstat  op      tried   seconds %budget         gain     gain/s
  opstat  beam        8      57.0   37.0%    978738565 17174040.6
  opstat  grow        1      12.7    8.3%            0        0.0
  opstat  bal         1       0.0    0.0%            0        0.0
  opstat  pref        3      19.9   12.9%       263744    13270.5
  opstat  bay         1      20.7   13.4%            0        0.0
  opstat  brk         1      42.5   27.6%        33993      799.4
  opstat  TOTAL      15     152.9   99.1%                        
WSTAT round=0 n=4 541099 823269 538936 596780  spread=52.76%
PARFILL round=1 parity=even even=538936 odd=596780 wids=[16, 18, 20, 22]
  opstat  op      tried   seconds %budget         gain     gain/s
  opstat  beam        8      38.5   53.5%    978640922 25438806.7
  opstat  grow        1       8.5   11.8%        75405     8875.8
  opstat  bal         2       0.0    0.0%            0        0.0
  opstat  pref        2       7.9   11.0%        76134     9676.7
  opstat  bay         1      15.4   21.4%           54        3.5
  opstat  brk         2       0.6    0.8%            0        0.0
  opstat  TOTAL      16      70.8   98.5%                        
  opstat  op      tried   seconds %budget         gain     gain/s
  opstat  beam        4      21.8   30.3%    978672462 44928002.4
  opstat  grow        1       8.9   12.4%        50243     5638.4
  opstat  bal         1       0.0    0.0%            0        0.0
  opstat  pref        2       6.4    8.9%        93998    14656.8
  opstat  bay         2      25.9   36.0%            0        0.0
  opstat  brk         1       8.3   11.6%            0        0.0
  opstat  TOTAL      11      71.3   99.2%                        
  opstat  op      tried   seconds %budget         gain     gain/s
  opstat  beam        8      41.0   56.9%    978675573 23877344.1
  opstat  grow        1       8.2   11.4%            0        0.0
  opstat  bal         2       0.0    0.1%            0        0.0
  opstat  pref        2       8.4   11.7%       147766    17607.5
  opstat  bay         1      13.6   18.9%            0        0.0
  opstat  brk         1       0.3    0.5%            0        0.0
  opstat  TOTAL      15      71.6   99.4%                        
  opstat  op      tried   seconds %budget         gain     gain/s
  opstat  beam        5      24.3   33.7%    978661836 40287782.9
  opstat  grow        1       8.4   11.7%       142937    16999.9
  opstat  bal         2       0.1    0.1%         1182    18375.9
  opstat  pref        2       7.6   10.5%        89894    11826.5
  opstat  bay         1      13.7   19.1%            0        0.0
  opstat  brk         1      16.6   23.1%        20625     1239.9
  opstat  TOTAL      12      70.7   98.1%                        
FILL round=1 budget=73 moved=0 best=538936
P1  [CONTAM.r1.p1.brk]    240s  obj=538936      Z1=19.0     Z2=7021   Z3=652.0     feas=y   ran 234s  py3.12
# [r1.p1.th2]
# NOTE: r1.p1.brk was taken in the seconds where the resume hook's brk.sh queue and this one
# overlapped on the same four cores.  538,936 is outside brk's whole observed range on this
# instance (428,809 / 437,484 / 437,484), so it is renamed rather than read.  The arms after
# it ran alone; the baseline is re-taken at the end.
  opstat  op      tried   seconds %budget         gain     gain/s
  opstat  beam        7      87.3   56.7%    979011595 11220069.1
  opstat  grow        1      26.3   17.1%        33049     1257.8
  opstat  bal         1       0.0    0.0%            0        0.0
  opstat  pref        2       8.6    5.6%        89228    10434.2
  opstat  bay         1      20.9   13.6%            0        0.0
  opstat  brk         1      10.4    6.8%            0        0.0
  opstat  TOTAL      13     153.4   99.6%                        
  opstat  op      tried   seconds %budget         gain     gain/s
  opstat  beam        8      43.7   28.3%    978575330 22411643.4
  opstat  grow        2      10.5    6.8%       273602    26075.3
  opstat  bal         1       0.1    0.1%            0        0.0
  opstat  pref        2      15.3    9.9%        23625     1548.3
  opstat  bay         1      29.3   19.0%         1365       46.6
  opstat  brk         2      53.7   34.8%         1266       23.6
  opstat  TOTAL      16     152.5   99.0%                        
  opstat  op      tried   seconds %budget         gain     gain/s
  opstat  beam        8     102.3   66.4%    979100662  9571044.4
  opstat  grow        1      26.8   17.4%            0        0.0
  opstat  bal         2       0.0    0.0%            0        0.0
  opstat  pref        2       4.9    3.2%       109791    22219.2
  opstat  bay         1      19.3   12.5%            0        0.0
  opstat  brk         1       0.4    0.3%            0        0.0
  opstat  TOTAL      15     153.8   99.8%                        
  opstat  op      tried   seconds %budget         gain     gain/s
  opstat  beam       11      52.5   34.1%    978718831 18639599.6
  opstat  grow        1       9.4    6.1%        32446     3465.2
  opstat  bal         2       0.0    0.0%          213     4808.7
  opstat  pref        3      23.6   15.3%       199027     8434.9
  opstat  bay         1      29.6   19.2%            0        0.0
  opstat  brk         1      36.2   23.5%        85785     2369.2
  opstat  TOTAL      19     151.4   98.2%                        
WSTAT round=0 n=4 422629 757894 499210 596780  spread=79.33%
PARFILL round=1 parity=even even=422629 odd=596780 wids=[16, 18, 20, 22]
  opstat  op      tried   seconds %budget         gain     gain/s
  opstat  beam        7      34.3   47.1%    978672462 28531563.9
  opstat  grow        1       9.3   12.8%            0        0.0
  opstat  bal         1       0.0    0.0%            0        0.0
  opstat  pref        2      14.1   19.3%       264760    18802.4
  opstat  bay         1      14.2   19.4%            0        0.0
  opstat  brk         1       0.6    0.8%            0        0.0
  opstat  TOTAL      13      72.5   99.5%                        
  opstat  op      tried   seconds %budget         gain     gain/s
  opstat  beam        5      25.6   34.6%    978672462 38174123.0
  opstat  grow        1       8.7   11.7%       185324    21298.7
  opstat  bal         1       0.0    0.0%            0        0.0
  opstat  pref        1       6.2    8.3%        29721     4828.4
  opstat  bay         2      25.1   33.8%            0        0.0
  opstat  brk         1       7.9   10.7%            0        0.0
  opstat  TOTAL      11      73.5   99.2%                        
  opstat  op      tried   seconds %budget         gain     gain/s
  opstat  beam        8      43.3   58.1%    978688834 22600736.4
  opstat  grow        1       8.3   11.2%        75405     9033.7
  opstat  bal         1       0.0    0.0%            0        0.0
  opstat  pref        1       6.1    8.2%        76134    12400.1
  opstat  bay         1      14.9   20.0%           54        3.6
  opstat  brk         2       0.8    1.0%            0        0.0
  opstat  TOTAL      14      73.5   98.5%                        
  opstat  op      tried   seconds %budget         gain     gain/s
  opstat  beam        5      27.0   34.8%    978748785 36226304.2
  opstat  grow        1       8.1   10.5%            0        0.0
  opstat  bal         1       0.0    0.0%            0        0.0
  opstat  pref        1       6.4    8.3%       147766    22973.6
  opstat  bay         1      13.5   17.4%            0        0.0
  opstat  brk         1      21.4   27.6%            0        0.0
  opstat  TOTAL      10      76.5   98.6%                        
FILL round=1 budget=74 moved=0 best=422629
P1  [r1.p1.th2]    240s  obj=422629      Z1=7.0      Z2=3720   Z3=608.0     feas=y   ran 237s  py3.12
# [r1.p1.th4]
  opstat  op      tried   seconds %budget         gain     gain/s
  opstat  beam        8     100.9   65.7%    979027504  9706190.0
  opstat  grow        1      26.7   17.4%        17140      643.0
  opstat  bal         1       0.0    0.0%            0        0.0
  opstat  pref        1       5.6    3.6%        89228    15976.9
  opstat  bay         1      19.2   12.5%            0        0.0
  opstat  brk         1       0.8    0.5%            0        0.0
  opstat  TOTAL      13     153.0   99.6%                        
  opstat  op      tried   seconds %budget         gain     gain/s
  opstat  beam        6      41.2   26.8%    978737712 23742500.5
  opstat  grow        2      12.2    7.9%       131438    10741.6
  opstat  bal         1       0.0    0.0%            0        0.0
  opstat  pref        1      11.5    7.5%        23625     2055.4
  opstat  bay         1      30.5   19.8%         1365       44.7
  opstat  brk         2      56.4   36.6%        77223     1368.0
  opstat  TOTAL      13     151.9   98.6%                        
  opstat  op      tried   seconds %budget         gain     gain/s
  opstat  beam        7      39.9   25.9%    978688163 24506433.6
  opstat  grow        1       8.5    5.5%            0        0.0
  opstat  bal         1       0.0    0.0%            0        0.0
  opstat  pref        3      28.0   18.2%       174867     6243.1
  opstat  bay         1      29.9   19.4%            0        0.0
  opstat  brk         1      46.0   29.8%        34808      757.2
  opstat  TOTAL      14     152.4   98.9%                        
  opstat  op      tried   seconds %budget         gain     gain/s
  opstat  beam        4      46.3   30.0%    979056715 21151898.6
  opstat  grow        1      26.6   17.3%            0        0.0
  opstat  bal         1       0.0    0.0%            0        0.0
  opstat  pref        2       7.1    4.6%        89792    12712.4
  opstat  bay         1      31.6   20.5%            0        0.0
  opstat  brk         1      41.9   27.2%         1557       37.1
  opstat  TOTAL      10     153.5   99.6%                        
WSTAT round=0 n=4 485018 661719 499210 735244  spread=51.59%
PARFILL round=1 parity=even even=485018 odd=661719 wids=[16, 18, 20, 22]
  opstat  op      tried   seconds %budget         gain     gain/s
  opstat  beam        1       8.9   12.3%    978640922 110239713.1
  opstat  grow        1       8.9   12.3%       134316    15155.3
  opstat  bal         1       0.0    0.0%            0        0.0
  opstat  pref        1       6.2    8.6%       102329    16597.3
  opstat  bay         1      13.6   18.8%            0        0.0
  opstat  brk         2      33.9   47.0%        41984     1239.6
  opstat  TOTAL       7      71.4   99.0%                        
  opstat  op      tried   seconds %budget         gain     gain/s
  opstat  beam        7      22.4   31.0%    978661836 43693274.8
  opstat  grow        1       8.4   11.6%       142937    17012.2
  opstat  bal         1       0.1    0.1%         1182    20899.8
  opstat  pref        2       8.8   12.1%        89894    10272.8
  opstat  bay         1      12.1   16.7%            0        0.0
  opstat  brk         1      19.1   26.5%        20625     1078.7
  opstat  TOTAL      13      70.8   98.1%                        
  opstat  op      tried   seconds %budget         gain     gain/s
  opstat  beam        6      29.3   40.4%    978672462 33434338.7
  opstat  grow        1       9.1   12.6%        50243     5510.9
  opstat  bal         1       0.0    0.0%            0        0.0
  opstat  pref        2       5.4    7.5%        93998    17267.9
  opstat  bay         2      27.5   38.0%            0        0.0
  opstat  brk         1       0.5    0.7%            0        0.0
  opstat  TOTAL      13      71.8   99.2%                        
  opstat  op      tried   seconds %budget         gain     gain/s
  opstat  beam        8      36.7   50.7%    978685170 26648249.8
  opstat  grow        2      11.1   15.3%            0        0.0
  opstat  bal         2       0.0    0.1%            0        0.0
  opstat  pref        2       8.0   11.0%       185677    23224.9
  opstat  bay         1      14.9   20.6%            0        0.0
  opstat  brk         1       1.1    1.5%            0        0.0
  opstat  TOTAL      16      71.9   99.2%                        
FILL round=1 budget=73 moved=0 best=485018
P1  [r1.p1.th4]    240s  obj=485018      Z1=2.0      Z2=2828   Z3=772.0     feas=y   ran 233s  py3.12
# [r1.p1.nout50]
  opstat  op      tried   seconds %budget         gain     gain/s
  opstat  beam        7      96.9   63.3%    979091983 10104973.1
  opstat  grow        1      26.6   17.4%            0        0.0
  opstat  bal         2       0.0    0.0%         2796    69051.7
  opstat  pref        2       5.6    3.6%       100606    18039.6
  opstat  bay         1      22.2   14.5%          213        9.6
  opstat  brk         1       0.9    0.6%            0        0.0
  opstat  TOTAL      14     152.2   99.4%                        
  opstat  op      tried   seconds %budget         gain     gain/s
  opstat  beam        7      51.7   33.7%    978737712 18913488.4
  opstat  grow        2      15.9   10.4%       111220     6988.9
  opstat  bal         2       0.1    0.1%            0        0.0
  opstat  pref        1      12.4    8.1%        23625     1902.9
  opstat  bay         1      31.1   20.3%         1365       43.9
  opstat  brk         1      40.2   26.2%         1266       31.5
  opstat  TOTAL      14     151.4   98.7%                        
  opstat  op      tried   seconds %budget         gain     gain/s
  opstat  beam        8     102.2   66.5%    979100662  9583632.5
  opstat  grow        1      26.6   17.3%            0        0.0
  opstat  bal         2       0.0    0.0%            0        0.0
  opstat  pref        1       3.4    2.2%       109791    32394.1
  opstat  bay         1      20.2   13.1%            0        0.0
  opstat  brk         1       0.9    0.6%            0        0.0
  opstat  TOTAL      14     153.3   99.8%                        
  opstat  op      tried   seconds %budget         gain     gain/s
  opstat  beam        5      39.3   25.6%    978656390 24878930.2
  opstat  grow        1       8.8    5.7%            0        0.0
  opstat  bal         1       0.0    0.0%            0        0.0
  opstat  pref        3      19.4   12.6%        75908     3903.9
  opstat  bay         1      28.0   18.2%        72673     2598.7
  opstat  brk         1      57.1   37.1%        35077      614.0
  opstat  TOTAL      12     152.7   99.2%                        
WSTAT round=0 n=4 422629 757894 437484 793034  spread=87.64%
PARFILL round=1 parity=even even=422629 odd=757894 wids=[16, 18, 20, 22]
  opstat  op      tried   seconds %budget         gain     gain/s
  opstat  beam        3      17.8   24.5%    978672462 55099224.7
  opstat  grow        1       8.5   11.8%       103262    12097.2
  opstat  bal         1       0.1    0.1%         1182    20660.9
  opstat  pref        1       6.2    8.5%        90552    14643.6
  opstat  bay         2      22.4   31.0%            0        0.0
  opstat  brk         1      16.7   23.0%            0        0.0
  opstat  TOTAL       9      71.6   98.9%                        
  opstat  op      tried   seconds %budget         gain     gain/s
  opstat  beam        7      34.4   47.2%    978685170 28479147.2
  opstat  grow        1       8.2   11.2%            0        0.0
  opstat  bal         2       0.0    0.0%            0        0.0
  opstat  pref        2       7.9   10.8%       185677    23564.6
  opstat  bay         1      13.9   19.2%            0        0.0
  opstat  brk         1       7.9   10.9%            0        0.0
  opstat  TOTAL      14      72.3   99.3%                        
  opstat  op      tried   seconds %budget         gain     gain/s
  opstat  beam        4      21.3   29.1%    978745583 45931002.4
  opstat  grow        1       8.6   11.7%            0        0.0
  opstat  bal         1       0.0    0.0%            0        0.0
  opstat  pref        2       7.5   10.3%        88015    11706.4
  opstat  bay         2      16.2   22.1%        58161     3600.7
  opstat  brk         1      18.7   25.6%            0        0.0
  opstat  TOTAL      11      72.3   98.8%                        
  opstat  op      tried   seconds %budget         gain     gain/s
  opstat  beam        1       8.9   12.1%    978640922 109946257.2
  opstat  grow        1       8.6   11.7%        75405     8790.2
  opstat  bal         1       0.0    0.0%            0        0.0
  opstat  pref        1       6.2    8.4%        76134    12375.5
  opstat  bay         1      14.8   20.2%           54        3.6
  opstat  brk         2      33.8   45.9%       111847     3311.2
  opstat  TOTAL       7      72.2   98.2%                        
FILL round=1 budget=74 moved=0 best=422629
P1  [r1.p1.nout50]   240s  obj=422629      Z1=7.0      Z2=3720   Z3=608.0     feas=y   ran 234s  py3.12
