# [A.p1.r1]
DIRGATE fired: peak_util=1.016 in [1.00,1.30], timelimit 60 <= 60
WSTAT round=0 n=3 712652 714479 683809  spread=4.49%
PARFILL round=1 parity=even even=683809 odd=714479 wids=[12, 14, 16]
FILL round=1 budget=18 moved=1 best=580990
P1  [A.p1.r1]       60s  obj=580990      Z1=7.0      Z2=6907   Z3=856.0     feas=y   ran 52s  py3.12
# WALL [A.p1.r1] 52.21
# [B.p1.r1]
DIRGATE fired: peak_util=1.016 in [1.00,1.30], timelimit 60 <= 60
WSTAT round=0 n=3 606605 693039 717151  spread=18.22%
PARFILL round=1 parity=even even=606605 odd=693039 wids=[12, 14, 16]
FILL round=1 budget=19 moved=0 best=606605
P1  [B.p1.r1]       60s  obj=606605      Z1=29.0     Z2=5754   Z3=660.0     feas=y   ran 50s  py3.12
# WALL [B.p1.r1] 50.03
# [C.p1.r1]
DIRGATE fired: peak_util=1.016 in [1.00,1.30], timelimit 60 <= 60
WSTAT round=0 n=3 712040 696791 758116  spread=8.80%
PARFILL round=1 parity=odd even=712040 odd=696791 wids=[13, 15, 17]
FILL round=1 budget=18 moved=0 best=696791
P1  [C.p1.r1]       60s  obj=696791      Z1=26.0     Z2=5683   Z3=844.0     feas=y   ran 51s  py3.12
# WALL [C.p1.r1] 51.39
# [D.p1.r1]
DIRGATE fired: peak_util=1.016 in [1.00,1.30], timelimit 60 <= 60
WSTAT round=0 n=3 669732 755305 711194  spread=12.78%
PARFILL round=1 parity=even even=669732 odd=755305 wids=[12, 14, 16]
FILL round=1 budget=17 moved=1 best=536363
P1  [D.p1.r1]       60s  obj=536363      Z1=14.0     Z2=5475   Z3=711.0     feas=y   ran 52s  py3.12
# WALL [D.p1.r1] 52.28
# [A.p3.r1]
DIRGATE fired: peak_util=1.182 in [1.00,1.30], timelimit 60 <= 60
WSTAT round=0 n=3 4707791 5028832 4798935  spread=6.82%
PARFILL round=1 parity=even even=4707791 odd=5028832 wids=[12, 14, 16]
FILL round=1 budget=15 moved=0 best=4690735
P3  [A.p3.r1]       60s  obj=4690735     Z1=170.0    Z2=7277   Z3=7642.0    feas=y   ran 55s  py3.12
# WALL [A.p3.r1] 55.71
