# [A.p7.r1]
DIRGATE fired: peak_util=1.271 in [1.00,1.30], timelimit 60 <= 60
  opstat  op      tried   seconds %budget         gain     gain/s
  opstat  beam        5       8.9   38.5%   2702282439 304843102.7
  opstat  grow        1       2.7   11.8%            0        0.0
  opstat  bal         1       0.1    0.4%            0        0.0
  opstat  pref        2       5.0   21.9%        40561     8059.8
  opstat  bay         1       4.8   20.7%            0        0.0
  opstat  brk         1       0.9    3.8%            0        0.0
  opstat  TOTAL      11      22.4   97.1%                        
  opstat  op      tried   seconds %budget         gain     gain/s
  opstat  beam        1       3.3   13.9%   2701993529 824154844.1
  opstat  grow        1       2.9   12.5%            0        0.0
  opstat  bal         1       0.1    0.3%            0        0.0
  opstat  pref        1       2.1    8.9%        42003    20022.6
  opstat  bay         1       4.9   20.8%            0        0.0
  opstat  brk         1      10.0   42.4%            0        0.0
  opstat  TOTAL       6      23.3   98.8%                        
  opstat  op      tried   seconds %budget         gain     gain/s
  opstat  beam        4       8.0   33.5%   2702304100 336377736.4
  opstat  grow        1       2.7   11.4%            0        0.0
  opstat  bal         1       0.0    0.1%            0        0.0
  opstat  pref        2       4.7   19.6%         6788     1438.9
  opstat  bay         1       5.9   24.7%            0        0.0
  opstat  brk         1       2.3    9.5%            0        0.0
  opstat  TOTAL      10      23.7   98.9%                        
WSTAT round=0 n=3 848632 1136100 860744  spread=33.87%
PARFILL round=1 parity=even even=848632 odd=1136100 wids=[12, 14, 16]
  opstat  op      tried   seconds %budget         gain     gain/s
  opstat  beam        3       4.7   28.9%   2702151207 573908748.1
  opstat  grow        1       1.9   11.5%            0        0.0
  opstat  bal         1       0.0    0.1%            0        0.0
  opstat  pref        3       5.6   34.1%        27044     4859.8
  opstat  bay         1       3.9   23.7%            0        0.0
  opstat  brk         0       0.0    0.0%            0        0.0
  opstat  TOTAL       9      16.0   98.2%                        
  opstat  op      tried   seconds %budget         gain     gain/s
  opstat  beam        2       4.3   26.1%   2702163322 630882673.8
  opstat  grow        1       3.1   18.9%            0        0.0
  opstat  bal         2       0.2    1.1%            0        0.0
  opstat  pref        3       5.2   31.9%         2440      466.8
  opstat  bay         1       3.3   20.2%            0        0.0
  opstat  brk         0       0.0    0.0%            0        0.0
  opstat  TOTAL       9      16.1   98.3%                        
  opstat  op      tried   seconds %budget         gain     gain/s
  opstat  beam        3       6.3   38.1%   2702366662 430723113.5
  opstat  grow        1       3.1   18.8%            0        0.0
  opstat  bal         1       0.0    0.1%            0        0.0
  opstat  pref        2       3.6   21.9%        40973    11338.9
  opstat  bay         1       3.0   18.1%            0        0.0
  opstat  brk         0       0.0    0.0%            0        0.0
  opstat  TOTAL       8      16.0   97.0%                        
FILL round=1 budget=17 moved=1 best=763997
P7  [A.p7.r1]       60s  obj=763997      Z1=31.0     Z2=232    Z3=2327.0    feas=y   ran 52s  py3.12
# WALL [A.p7.r1] 52.27
# [B.p7.r1]
DIRGATE fired: peak_util=1.271 in [1.00,1.30], timelimit 60 <= 60
  opstat  op      tried   seconds %budget         gain     gain/s
  opstat  beam        1       0.0    0.0%            0        0.0
  opstat  grow        4      15.5   65.9%   2701895649 174546258.4
  opstat  bal         1       0.0    0.1%            0        0.0
  opstat  pref        2       4.9   20.7%        25911     5333.5
  opstat  bay         1       0.0    0.0%            0        0.0
  opstat  brk         1       2.6   11.2%            0        0.0
  opstat  TOTAL      10      23.0   97.9%                        
  opstat  op      tried   seconds %budget         gain     gain/s
  opstat  beam        1       0.0    0.0%            0        0.0
  opstat  grow        6      17.5   73.7%   2701887861 154278509.6
  opstat  bal         1       0.1    0.3%            0        0.0
  opstat  pref        2       5.2   21.8%        65008    12569.7
  opstat  bay         1       0.0    0.0%            0        0.0
  opstat  brk         1       0.3    1.2%            0        0.0
  opstat  TOTAL      12      23.0   97.0%                        
  opstat  op      tried   seconds %budget         gain     gain/s
  opstat  beam        1       0.0    0.0%            0        0.0
  opstat  grow        5      16.5   68.2%   2702084585 163892260.0
  opstat  bal         1       0.1    0.3%            0        0.0
  opstat  pref        2       4.2   17.2%        64952    15593.3
  opstat  bay         1       0.0    0.0%            0        0.0
  opstat  brk         1       2.9   11.8%            0        0.0
  opstat  TOTAL      11      23.6   97.6%                        
WSTAT round=0 n=3 1250072 1218763 1022095  spread=22.30%
PARFILL round=1 parity=even even=1022095 odd=1218763 wids=[12, 14, 16]
  opstat  op      tried   seconds %budget         gain     gain/s
  opstat  beam        1       0.0    0.0%            0        0.0
  opstat  grow        5       9.4   61.9%   2701972833 287608112.7
  opstat  bal         1       0.0    0.3%            0        0.0
  opstat  pref        2       4.1   27.1%        38255     9312.7
  opstat  bay         1       0.0    0.0%            0        0.0
  opstat  brk         2       0.9    6.0%            0        0.0
  opstat  TOTAL      12      14.5   95.2%                        
  opstat  op      tried   seconds %budget         gain     gain/s
  opstat  beam        1       0.0    0.0%            0        0.0
  opstat  grow        4       7.6   48.1%   2701940782 355077963.6
  opstat  bal         3       0.3    1.7%         9183    34247.4
  opstat  pref        2       3.8   24.3%        67569    17565.8
  opstat  bay         1       0.0    0.0%            0        0.0
  opstat  brk         1       3.3   20.7%            0        0.0
  opstat  TOTAL      12      15.0   94.8%                        
  opstat  op      tried   seconds %budget         gain     gain/s
  opstat  beam        1       0.0    0.0%            0        0.0
  opstat  grow        3       8.1   50.8%   2701860556 332483812.3
  opstat  bal         1       0.0    0.1%            0        0.0
  opstat  pref        1       1.5    9.4%        10353     6861.2
  opstat  bay         2       3.3   20.5%            0        0.0
  opstat  brk         1       2.8   17.3%            0        0.0
  opstat  TOTAL       9      15.7   98.2%                        
FILL round=1 budget=17 moved=0 best=1022095
P7  [B.p7.r1]       60s  obj=1022095     Z1=60.0     Z2=895    Z3=1439.0    feas=y   ran 52s  py3.12
# WALL [B.p7.r1] 52.08
# [C.p7.r1]
DIRGATE fired: peak_util=1.271 in [1.00,1.30], timelimit 60 <= 60
  opstat  op      tried   seconds %budget         gain     gain/s
  opstat  beam        1       2.5   10.7%   2702186755 1092217083.5
  opstat  grow        1       3.6   15.6%            0        0.0
  opstat  bal         1       0.1    0.3%            0        0.0
  opstat  pref        2       5.5   23.5%        39057     7145.1
  opstat  bay         1       3.9   17.0%            0        0.0
  opstat  brk         1       7.3   31.3%        14410     1980.8
  opstat  TOTAL       7      22.8   98.3%                        
  opstat  op      tried   seconds %budget         gain     gain/s
  opstat  beam        2       6.0   24.8%   2702039619 451043530.7
  opstat  grow        1       2.9   11.9%            0        0.0
  opstat  bal         1       0.1    0.3%            0        0.0
  opstat  pref        2       3.4   13.9%        34863    10351.3
  opstat  bay         1       3.8   15.6%            0        0.0
  opstat  brk         1       7.6   31.4%        30480     4018.8
  opstat  TOTAL       8      23.7   97.9%                        
  opstat  op      tried   seconds %budget         gain     gain/s
  opstat  beam        4       8.8   36.2%   2702280277 308362136.9
  opstat  grow        1       3.6   14.9%            0        0.0
  opstat  bal         1       0.1    0.2%            0        0.0
  opstat  pref        2       5.5   22.9%        33740     6097.3
  opstat  bay         1       4.3   17.7%         8983     2095.8
  opstat  brk         1       1.2    4.9%            0        0.0
  opstat  TOTAL      10      23.4   96.8%                        
WSTAT round=0 n=3 848632 1066670 931410  spread=25.69%
PARFILL round=1 parity=even even=848632 odd=1066670 wids=[12, 14, 16]
  opstat  op      tried   seconds %budget         gain     gain/s
  opstat  beam        1       2.2   13.7%   2702082223 1252818591.6
  opstat  grow        1       3.1   19.7%            0        0.0
  opstat  bal         1       0.1    0.4%            0        0.0
  opstat  pref        3       6.4   40.5%            0        0.0
  opstat  bay         1       3.9   24.9%            0        0.0
  opstat  brk         0       0.0    0.0%            0        0.0
  opstat  TOTAL       7      15.6   99.1%                        
  opstat  op      tried   seconds %budget         gain     gain/s
  opstat  beam        2       4.2   26.0%   2702241251 642065594.0
  opstat  grow        1       3.1   19.0%            0        0.0
  opstat  bal         1       0.0    0.2%            0        0.0
  opstat  pref        3       5.5   34.1%        18525     3356.2
  opstat  bay         1       2.9   18.1%         5591     1905.7
  opstat  brk         0       0.0    0.0%            0        0.0
  opstat  TOTAL       8      15.8   97.4%                        
  opstat  op      tried   seconds %budget         gain     gain/s
  opstat  beam        3       4.8   29.4%   2702151207 564247279.0
  opstat  grow        1       1.9   11.4%            0        0.0
  opstat  bal         1       0.0    0.1%            0        0.0
  opstat  pref        3       5.6   34.1%        27044     4867.1
  opstat  bay         1       3.8   23.2%            0        0.0
  opstat  brk         0       0.0    0.0%            0        0.0
  opstat  TOTAL       9      16.0   98.2%                        
FILL round=1 budget=17 moved=0 best=848632
P7  [C.p7.r1]       60s  obj=848632      Z1=37.0     Z2=723    Z3=2335.0    feas=y   ran 52s  py3.12
# WALL [C.p7.r1] 51.98
