# [c.40.60]
WSTAT round=0 n=4 11365297 9943325 11438706 9832305  spread=16.34%
P40 [c.40.60]       60s  obj=9667243     Z1=2129.0   Z2=843    Z3=3212.0    feas=y   ran 59s  py3.12
# [c.40.90]
WSTAT round=0 n=4 11274341 10336725 11206879 10429213  spread=9.07%
P40 [c.40.90]       90s  obj=10162600    Z1=2158.0   Z2=1793   Z3=3708.0    feas=y   ran 89s  py3.12
# [c.40.120]
WSTAT round=0 n=4 10509967 10635964 11410632 10143948  spread=12.49%
P40 [c.40.120]     120s  obj=10135728    Z1=2196.0   Z2=2630   Z3=3514.0    feas=y   ran 119s  py3.12
# [c.40.180]
WSTAT round=0 n=4 10456528 10460283 10118813 10068854  spread=3.89%
P40 [c.40.180]     180s  obj=10021636    Z1=2082.0   Z2=365    Z3=3852.0    feas=y   ran 179s  py3.12
# [c.40.240]
WSTAT round=0 n=4 11090519 10564305 9783172 10748686  spread=13.36%
P40 [c.40.240]     240s  obj=9689177     Z1=2373.0   Z2=1184   Z3=2222.0    feas=y   ran 222s  py3.12
# [c.40.300]
WSTAT round=0 n=4 10017995 10238608 9967971 10186157  spread=2.72%
P40 [c.40.300]     300s  obj=9774269     Z1=2307.0   Z2=919    Z3=2604.0    feas=y   ran 280s  py3.12
CURVEDONE 40
# [c.36.60]
WSTAT round=0 n=2 89614038 - 89182195 -  spread=0.48%
P36 [c.36.60]       60s  obj=89182195    Z1=12499.0  Z2=1762   Z3=7312.0    feas=y   ran 60s  py3.12
# [c.36.90]
WSTAT round=0 n=4 92501999 77652531 92445004 76054432  spread=21.63%
P36 [c.36.90]       90s  obj=75990782    Z1=10542.0  Z2=1668   Z3=7132.0    feas=y   ran 89s  py3.12
# [c.36.120]
WSTAT round=0 n=4 89306337 76981782 92661569 76042419  spread=21.86%
P36 [c.36.120]     120s  obj=75990782    Z1=10542.0  Z2=1668   Z3=7132.0    feas=y   ran 119s  py3.12
# [c.36.180]
WSTAT round=0 n=4 86996752 79295264 90758858 74726745  spread=21.45%
P36 [c.36.180]     180s  obj=74726745    Z1=10348.0  Z2=7029   Z3=7162.0    feas=y   ran 179s  py3.12
