# [r1.base.1]
WSTAT round=0 n=4 612635 675997 501758 729656  spread=45.42%
P1  [r1.base.1]    240s  obj=501758      Z1=17.0     Z2=7073   Z3=612.0     feas=y   ran 200s  py3.12
# [r1.o.1]
WSTAT round=0 n=4 483050 748178 501758 792379  spread=64.04%
P1  [r1.o.1]       240s  obj=483050      Z1=14.0     Z2=2704   Z3=636.0     feas=y   ran 200s  py3.12
# [r1.w.1]
WSTAT round=0 n=4 556620 752151 504490 703040  spread=49.09%
P1  [r1.w.1]       240s  obj=504490      Z1=19.0     Z2=7339   Z3=593.0     feas=y   ran 200s  py3.12
# [r1.r.1]
WSTAT round=0 n=4 610313 774104 470530 705590  spread=64.52%
P1  [r1.r.1]       240s  obj=470530      Z1=19.0     Z2=7419   Z3=536.0     feas=y   ran 120s  py3.12
# [r1.owr.1]
WSTAT round=0 n=4 422629 814901 524295 699096  spread=92.82%
P1  [r1.owr.1]     240s  obj=422629      Z1=7.0      Z2=3720   Z3=608.0     feas=y   ran 120s  py3.12
# [r1.base.4]
WSTAT round=0 n=4 2800387 2986468 2551983 2960000  spread=17.03%
P4  [r1.base.4]    240s  obj=2551983     Z1=369.0    Z2=1439   Z3=2467.0    feas=y   ran 218s  py3.12
# [r1.o.4]
WSTAT round=0 n=4 2763198 2998819 2557119 2976442  spread=17.27%
P4  [r1.o.4]       240s  obj=2557119     Z1=330.0    Z2=1174   Z3=2723.0    feas=y   ran 239s  py3.12
