# [r1.p1.off]
WSTAT round=0 n=4 518660 855092 594521 743665  spread=64.87%
P1  [r1.p1.off]    120s  obj=518660      Z1=20.0     Z2=4840   Z3=618.0     feas=y   ran 82s  py3.12
# [r1.p1.cross]
WSTAT round=0 n=4 584609 811242 667717 836872  spread=43.15%
P1  [r1.p1.cross]   120s  obj=584609      Z1=20.0     Z2=7223   Z3=716.0     feas=y   ran 80s  py3.12
# [r2.p1.off]
WSTAT round=0 n=4 584609 752029 594521 836872  spread=43.15%
P1  [r2.p1.off]    120s  obj=584609      Z1=20.0     Z2=7223   Z3=716.0     feas=y   ran 80s  py3.12
# [r2.p1.cross]
WSTAT round=0 n=4 584609 795438 830096 743665  spread=41.99%
P1  [r2.p1.cross]   120s  obj=584609      Z1=20.0     Z2=7223   Z3=716.0     feas=y   ran 80s  py3.12
# [r3.p1.off]
WSTAT round=0 n=4 584609 660593 647941 836872  spread=43.15%
P1  [r3.p1.off]    120s  obj=584609      Z1=20.0     Z2=7223   Z3=716.0     feas=y   ran 80s  py3.12
# [r3.p1.cross]
WSTAT round=0 n=4 584609 811242 729984 743665  spread=38.77%
P1  [r3.p1.cross]   120s  obj=584609      Z1=20.0     Z2=7223   Z3=716.0     feas=y   ran 80s  py3.12
# [r4.p1.off]
WSTAT round=0 n=4 584609 850702 804918 743665  spread=45.52%
P1  [r4.p1.off]    120s  obj=584609      Z1=20.0     Z2=7223   Z3=716.0     feas=y   ran 80s  py3.12
# [r4.p1.cross]
WSTAT round=0 n=4 583497 811242 521238 743665  spread=55.64%
P1  [r4.p1.cross]   120s  obj=521238      Z1=12.0     Z2=7078   Z3=700.0     feas=y   ran 82s  py3.12
# [r5.p1.off]
WSTAT round=0 n=4 584609 738538 601634 836872  spread=43.15%
P1  [r5.p1.off]    120s  obj=584609      Z1=20.0     Z2=7223   Z3=716.0     feas=y   ran 80s  py3.12
# [r5.p1.cross]
WSTAT round=0 n=4 584609 811242 853219 791651  spread=45.95%
P1  [r5.p1.cross]   120s  obj=584609      Z1=20.0     Z2=7223   Z3=716.0     feas=y   ran 80s  py3.12
# [r6.p1.off]
WSTAT round=0 n=4 641965 754716 540328 836872  spread=54.88%
P1  [r6.p1.off]    120s  obj=540328      Z1=16.0     Z2=6552   Z3=690.0     feas=y   ran 82s  py3.12
# [r6.p1.cross]
WSTAT round=0 n=4 437697 811242 667717 743665  spread=85.34%
P1  [r6.p1.cross]   120s  obj=437697      Z1=15.0     Z2=4364   Z3=541.0     feas=y   ran 79s  py3.12
