# [g.p1.60.off.r1]
P1  [g.p1.60.off.r1]    60s  obj=701392      Z1=28.0     Z2=6572   Z3=825.0     feas=y   ran 39s  py3.12
# [g.p1.60.on.r1]
P1  [g.p1.60.on.r1]    60s  obj=556718      Z1=20.0     Z2=6326   Z3=674.0     feas=y   ran 30s  py3.12
# [g.p1.120.off.r1]
P1  [g.p1.120.off.r1]   120s  obj=489878      Z1=20.0     Z2=6646   Z3=561.0     feas=y   ran 79s  py3.12
# [g.p1.120.on.r1]
P1  [g.p1.120.on.r1]   120s  obj=437697      Z1=15.0     Z2=4364   Z3=541.0     feas=y   ran 112s  py3.12
# [g.p1.60.off.r2]
P1  [g.p1.60.off.r2]    60s  obj=705686      Z1=41.0     Z2=6313   Z3=689.0     feas=y   ran 40s  py3.12
# [g.p1.60.on.r2]
P1  [g.p1.60.on.r2]    60s  obj=556718      Z1=20.0     Z2=6326   Z3=674.0     feas=y   ran 30s  py3.12
# [g.p1.120.off.r2]
P1  [g.p1.120.off.r2]   120s  obj=489878      Z1=20.0     Z2=6646   Z3=561.0     feas=y   ran 79s  py3.12
# [g.p1.120.on.r2]
P1  [g.p1.120.on.r2]   120s  obj=584609      Z1=20.0     Z2=7223   Z3=716.0     feas=y   ran 113s  py3.12
# [g.p1.60.off.r3]
P1  [g.p1.60.off.r3]    60s  obj=705686      Z1=41.0     Z2=6313   Z3=689.0     feas=y   ran 40s  py3.12
# [g.p1.60.on.r3]
P1  [g.p1.60.on.r3]    60s  obj=671556      Z1=33.0     Z2=6315   Z3=721.0     feas=y   ran 34s  py3.12
# [g.p1.120.off.r3]
P1  [g.p1.120.off.r3]   120s  obj=499210      Z1=19.0     Z2=7579   Z3=583.0     feas=y   ran 79s  py3.12
# [g.p1.120.on.r3]
P1  [g.p1.120.on.r3]   120s  obj=518803      Z1=22.0     Z2=6443   Z3=588.0     feas=y   ran 113s  py3.12
# [g.p3.60.off]
P3  [g.p3.60.off]    60s  obj=4730658     Z1=176.0    Z2=7230   Z3=7680.0    feas=y   ran 46s  py3.12
# [g.p3.60.on]
