# [A.p16.r1] OGC_DUMMY=0
DIRGATE fired: peak_util=1.231 in [1.00,1.30], timelimit 60 <= 60
P16 [A.p16.r1]      60s  obj=3260347     Z1=152.0    Z2=2327   Z3=4907.0    feas=y   ran 53s  py3.12
# [B.p16.r1] OGC_ORDER=lst OGC_W3MUL=0.5
DIRGATE fired: peak_util=1.231 in [1.00,1.30], timelimit 60 <= 60
P16 [B.p16.r1]      60s  obj=3268380     Z1=154.0    Z2=2366   Z3=4832.0    feas=y   ran 53s  py3.12
# [C.p16.r1] OGC_DIRSET=0
DIRGATE fired: peak_util=1.231 in [1.00,1.30], timelimit 60 <= 60
P16 [C.p16.r1]      60s  obj=3230017     Z1=151.0    Z2=2578   Z3=4836.0    feas=y   ran 53s  py3.12
# [A.p2.r1] OGC_DUMMY=0
MGATE fired: peak_util=3.289 >= 2.00, MSET=8
P2  [A.p2.r1]       60s  obj=60851014    Z1=4474.0   Z2=1518   Z3=7954.0    feas=y   ran 43s  py3.12
# [B.p2.r1] OGC_ORDER=lst OGC_W3MUL=0.5
MGATE fired: peak_util=3.289 >= 2.00, MSET=8
P2  [B.p2.r1]       60s  obj=60665280    Z1=4466.0   Z2=2038   Z3=7413.0    feas=y   ran 52s  py3.12
# [C.p2.r1] OGC_DIRSET=0
MGATE fired: peak_util=3.289 >= 2.00, MSET=8
P2  [C.p2.r1]       60s  obj=59956136    Z1=4412.0   Z2=1185   Z3=7508.0    feas=y   ran 55s  py3.12
# [A.p5.r1] OGC_DUMMY=0
MGATE fired: peak_util=3.154 >= 2.00, MSET=8
P5  [A.p5.r1]       60s  obj=7970627     Z1=2069.0   Z2=650    Z3=2672.0    feas=y   ran 45s  py3.12
# [B.p5.r1] OGC_ORDER=lst OGC_W3MUL=0.5
MGATE fired: peak_util=3.154 >= 2.00, MSET=8
P5  [B.p5.r1]       60s  obj=7809007     Z1=2073.0   Z2=1122   Z3=2224.0    feas=y   ran 44s  py3.12
# [C.p5.r1] OGC_DIRSET=0
MGATE fired: peak_util=3.154 >= 2.00, MSET=8
P5  [C.p5.r1]       60s  obj=7970627     Z1=2069.0   Z2=650    Z3=2672.0    feas=y   ran 45s  py3.12
# [A.p13.r1] OGC_DUMMY=0
MGATE fired: peak_util=4.089 >= 2.00, MSET=8
P13 [A.p13.r1]      60s  obj=67433655    Z1=9230.0   Z2=2845   Z3=7368.0    feas=y   ran 48s  py3.12
# [B.p13.r1] OGC_ORDER=lst OGC_W3MUL=0.5
MGATE fired: peak_util=4.089 >= 2.00, MSET=8
P13 [B.p13.r1]      60s  obj=67433655    Z1=9230.0   Z2=2845   Z3=7368.0    feas=y   ran 50s  py3.12
# [C.p13.r1] OGC_DIRSET=0
MGATE fired: peak_util=4.089 >= 2.00, MSET=8
P13 [C.p13.r1]      60s  obj=67433655    Z1=9230.0   Z2=2845   Z3=7368.0    feas=y   ran 47s  py3.12
