# [r1.p1.off]
WSTAT round=0 n=4 422629 689851 504490 780214  spread=84.61%
P1  [r1.p1.off]    240s  obj=422629      Z1=7.0      Z2=3720   Z3=608.0     feas=y   ran 200s  py3.12
# [r1.p1.dk2]
WSTAT round=0 n=4 422629 684356 504490 556188  spread=61.93%
P1  [r1.p1.dk2]    240s  obj=422629      Z1=7.0      Z2=3720   Z3=608.0     feas=y   ran 200s  py3.12
# [r1.p1.dk3]
WSTAT round=0 n=4 438791 810713 504490 734587  spread=84.76%
P1  [r1.p1.dk3]    240s  obj=438791      Z1=8.0      Z2=4085   Z3=622.0     feas=y   ran 200s  py3.12
# [r1.p16.off]
WSTAT round=0 n=4 2563646 3647507 2865277 4143601  spread=61.63%
P16 [r1.p16.off]   240s  obj=2526153     Z1=103.0    Z2=1618   Z3=4592.0    feas=y   ran 239s  py3.12
# [r1.p16.dk2]
WSTAT round=0 n=4 2518775 3647507 2939376 4010962  spread=59.24%
P16 [r1.p16.dk2]   240s  obj=2469078     Z1=99.0     Z2=1537   Z3=4578.0    feas=y   ran 239s  py3.12
# [r1.p16.dk3]
WSTAT round=0 n=4 2668950 3790662 2943623 3731675  spread=42.03%
P16 [r1.p16.dk3]   240s  obj=2651255     Z1=102.0    Z2=763    Z3=5156.0    feas=y   ran 239s  py3.12
# [r2.p1.off]
WSTAT round=0 n=4 422629 760047 504490 738538  spread=79.84%
P1  [r2.p1.off]    240s  obj=422629      Z1=7.0      Z2=3720   Z3=608.0     feas=y   ran 200s  py3.12
# [r2.p1.dk2]
WSTAT round=0 n=4 455218 772500 504490 689851  spread=69.70%
P1  [r2.p1.dk2]    240s  obj=455218      Z1=13.0     Z2=3449   Z3=597.0     feas=y   ran 200s  py3.12
# [r2.p1.dk3]
WSTAT round=0 n=4 438791 632953 504490 689851  spread=57.22%
P1  [r2.p1.dk3]    240s  obj=438791      Z1=8.0      Z2=4085   Z3=622.0     feas=y   ran 200s  py3.12
# [r2.p16.off]
