# [r1.s60.16]
DRAW wid=3 gen=1 axis=4 ask=11.2 took=10.2 obj=4103551
DRAW wid=1 gen=1 axis=2 ask=11.2 took=11.4 obj=3557431
DRAW wid=0 gen=1 axis=1 ask=11.2 took=12.5 obj=6290116
DRAW wid=2 gen=1 axis=3 ask=11.2 took=12.7 obj=5275773
DRAW wid=3 gen=3 axis=0 ask=11.2 took=11.3 obj=5472182
DRAW wid=1 gen=3 axis=4 ask=11.2 took=9.5 obj=4103551
DRAW wid=0 gen=3 axis=3 ask=11.2 took=12.6 obj=5852941
DRAW wid=2 gen=3 axis=5 ask=11.2 took=12.0 obj=6836369
  opstat  op      tried   seconds %budget         gain     gain/s
  opstat  beam        2      24.8   45.1%   8398416969 338814854.4
  opstat  grow        1      11.5   20.9%       695366    60523.3
  opstat  bal         1       0.0    0.1%            0        0.0
  opstat  pref        2       7.5   13.6%         9912     1327.8
  opstat  bay         1      10.3   18.7%            0        0.0
  opstat  TOTAL       7      54.1   98.3%                        
  opstat  op      tried   seconds %budget         gain     gain/s
  opstat  beam        2      25.0   45.3%   8397402626 335227759.5
  opstat  grow        1      11.3   20.4%      1878046   166355.7
  opstat  bal         1       0.0    0.1%            0        0.0
  opstat  pref        2       7.8   14.1%        33026     4252.4
  opstat  bay         1       9.9   17.8%        13250     1343.5
  opstat  TOTAL       7      54.0   97.7%                        
  opstat  op      tried   seconds %budget         gain     gain/s
  opstat  beam        2      21.4   38.7%   8399589191 391936343.3
  opstat  grow        1      12.8   23.2%            0        0.0
  opstat  bal         1       0.0    0.1%            0        0.0
  opstat  pref        2       9.7   17.5%        22250     2297.1
  opstat  bay         1      10.4   18.8%            0        0.0
  opstat  TOTAL       7      54.4   98.3%                        
  opstat  op      tried   seconds %budget         gain     gain/s
  opstat  beam        2      21.0   37.8%   8400135311 400745689.5
  opstat  grow        1      12.6   22.7%            0        0.0
  opstat  bal         1       0.0    0.0%            0        0.0
  opstat  pref        2       9.7   17.4%        30853     3197.0
  opstat  bay         1      11.0   19.7%        12610     1151.0
  opstat  TOTAL       7      54.2   97.7%                        
WSTAT round=0 n=4 4365794 3513968 4570495 4081301  spread=30.07%
P16 [r1.s60.16]     60s  obj=3513968     Z1=173.0    Z2=1203   Z3=4815.0    feas=y   ran 57s  py3.12
# [r1.s240.16]
DRAW wid=1 gen=1 axis=2 ask=47.2 took=16.5 obj=3656247
DRAW wid=3 gen=1 axis=4 ask=47.2 took=17.9 obj=4999206
DRAW wid=2 gen=1 axis=3 ask=47.2 took=25.5 obj=4675766
DRAW wid=0 gen=1 axis=1 ask=47.2 took=25.7 obj=6464583
DRAW wid=3 gen=3 axis=0 ask=47.2 took=10.3 obj=6935855
DRAW wid=1 gen=3 axis=4 ask=47.2 took=9.6 obj=7153841
DRAW wid=3 gen=4 axis=1 ask=47.2 took=9.5 obj=6381688
DRAW wid=1 gen=4 axis=5 ask=47.2 took=10.5 obj=6318103
DRAW wid=3 gen=5 axis=2 ask=47.2 took=7.7 obj=4274228
DRAW wid=1 gen=5 axis=0 ask=47.2 took=11.1 obj=7093141
DRAW wid=3 gen=6 axis=3 ask=47.2 took=16.8 obj=4556982
DRAW wid=1 gen=6 axis=1 ask=47.2 took=16.7 obj=4505707
DRAW wid=0 gen=3 axis=3 ask=47.2 took=26.6 obj=4723117
DRAW wid=2 gen=3 axis=5 ask=47.2 took=26.2 obj=6389450
DRAW wid=3 gen=7 axis=4 ask=47.2 took=17.5 obj=4651156
DRAW wid=1 gen=7 axis=2 ask=47.2 took=18.9 obj=3926575
DRAW wid=3 gen=8 axis=5 ask=47.2 took=19.1 obj=5634552
DRAW wid=0 gen=4 axis=4 ask=47.2 took=26.7 obj=9482502
DRAW wid=2 gen=4 axis=0 ask=47.2 took=26.6 obj=6606624
DRAW wid=1 gen=8 axis=3 ask=47.2 took=17.9 obj=4495332
DRAW wid=3 gen=9 axis=0 ask=46.2 took=18.1 obj=5277770
DRAW wid=1 gen=9 axis=4 ask=39.7 took=19.5 obj=4999206
DRAW wid=2 gen=5 axis=1 ask=40.1 took=22.4 obj=6321894
DRAW wid=3 gen=10 axis=1 ask=28.1 took=18.9 obj=4896154
DRAW wid=2 gen=6 axis=2 ask=17.7 took=11.6 obj=3936863
DRAW wid=1 gen=10 axis=5 ask=20.2 took=16.0 obj=4746562
DRAW wid=3 gen=11 axis=2 ask=9.3 took=10.9 obj=3602025
  opstat  op      tried   seconds %budget         gain     gain/s
  opstat  beam       10     146.8   62.0%   8400055776 57232973.0
  opstat  grow        1      16.9    7.1%            0        0.0
  opstat  bal         1       0.1    0.0%            0        0.0
  opstat  pref        1      23.7   10.0%        33924     1434.3
  opstat  bay         1      47.5   20.0%         1017       21.4
  opstat  TOTAL      14     234.8   99.1%                        
DRAW wid=0 gen=6 axis=0 ask=6.8 took=10.6 obj=7019144
  opstat  op      tried   seconds %budget         gain     gain/s
  opstat  beam        4      89.6   37.5%   8397228159 93760721.7
  opstat  grow        2      77.5   32.5%      2201092    28389.2
  opstat  bal         1       0.0    0.0%            0        0.0
  opstat  pref        1      23.6    9.9%        25775     1091.5
  opstat  bay         1      46.9   19.7%          234        5.0
  opstat  TOTAL       9     237.7   99.5%                        
DRAW wid=2 gen=7 axis=3 ask=5.9 took=9.9 obj=5176678
  opstat  op      tried   seconds %budget         gain     gain/s
  opstat  beam        6     122.1   51.1%   8399673814 68770140.7
  opstat  grow        1      42.2   17.7%        54108     1280.7
  opstat  bal         1       0.1    0.0%            0        0.0
  opstat  pref        1      23.7    9.9%        27957     1181.5
  opstat  bay         1      49.9   20.9%            0        0.0
  opstat  TOTAL      10     238.1   99.6%                        
DRAW wid=1 gen=11 axis=0 ask=4.1 took=8.5 obj=5206554
  opstat  op      tried   seconds %budget         gain     gain/s
  opstat  beam       10     145.3   60.7%   8400036495 57812405.5
  opstat  grow        1      20.1    8.4%            0        0.0
  opstat  bal         1       0.1    0.0%            0        0.0
  opstat  pref        1      23.9   10.0%        25508     1066.7
  opstat  bay         1      48.8   20.4%            0        0.0
  opstat  TOTAL      14     238.1   99.5%                        
WSTAT round=0 n=4 4237482 3630739 3936863 3602025  spread=17.64%
P16 [r1.s240.16]   240s  obj=3602025     Z1=182.0    Z2=1723   Z3=4681.0    feas=y   ran 240s  py3.12
# [r1.s60.4]
DRAW wid=1 gen=1 axis=2 ask=11.2 took=13.2 obj=3476598
DRAW wid=3 gen=1 axis=4 ask=11.2 took=13.4 obj=3155129
DRAW wid=2 gen=1 axis=3 ask=11.2 took=14.0 obj=3369076
DRAW wid=0 gen=1 axis=1 ask=11.2 took=14.6 obj=3447105
DRAW wid=0 gen=3 axis=3 ask=11.2 took=13.5 obj=3680877
  opstat  op      tried   seconds %budget         gain     gain/s
  opstat  beam        2      28.2   50.3%   1384615792 49162104.5
  opstat  grow        1       9.6   17.2%       278572    28997.8
  opstat  bal         1       0.1    0.2%            0        0.0
  opstat  pref        1       5.7   10.2%       105936    18590.0
  opstat  bay         1      11.2   20.0%        54701     4890.4
  opstat  TOTAL       6      54.7   97.8%                        
  opstat  op      tried   seconds %budget         gain     gain/s
  opstat  beam        1      13.4   23.7%   1384907768 102983008.8
  opstat  grow        2      27.5   48.4%            0        0.0
  opstat  bal         1       0.0    0.1%            0        0.0
  opstat  pref        1       6.0   10.5%       125718    21104.1
  opstat  bay         1       9.3   16.3%            0        0.0
  opstat  TOTAL       6      56.2   99.0%                        
DRAW wid=1 gen=3 axis=4 ask=9.4 took=12.5 obj=3367571
  opstat  op      tried   seconds %budget         gain     gain/s
  opstat  beam        2      25.7   44.2%   1384586299 53874943.1
  opstat  grow        1      13.6   23.5%       304588    22327.1
  opstat  bal         1       0.1    0.2%            0        0.0
  opstat  pref        1       6.1   10.4%       127325    21032.3
  opstat  bay         1      11.5   19.8%        26231     2278.0
  opstat  TOTAL       6      57.0   98.1%                        
WSTAT round=0 n=3 3007896 3018454 - 3029411  spread=0.72%
P4  [r1.s60.4]      60s  obj=3007896     Z1=331.0    Z2=2931   Z3=3546.0    feas=y   ran 60s  py3.12
# [r1.s240.4]
DRAW wid=3 gen=1 axis=4 ask=47.2 took=22.6 obj=3160713
DRAW wid=1 gen=1 axis=2 ask=47.2 took=23.4 obj=3207921
DRAW wid=2 gen=1 axis=3 ask=47.2 took=27.1 obj=3194962
DRAW wid=0 gen=1 axis=1 ask=47.2 took=27.4 obj=3196671
DRAW wid=1 gen=3 axis=4 ask=47.2 took=12.8 obj=4053513
DRAW wid=1 gen=4 axis=5 ask=47.2 took=12.5 obj=3583068
DRAW wid=3 gen=4 axis=1 ask=47.2 took=13.3 obj=3386380
DRAW wid=1 gen=5 axis=0 ask=47.2 took=15.7 obj=3551470
DRAW wid=3 gen=5 axis=2 ask=47.2 took=20.1 obj=3268454
DRAW wid=0 gen=3 axis=3 ask=47.2 took=26.3 obj=3119916
DRAW wid=1 gen=6 axis=1 ask=47.2 took=24.0 obj=3389945
DRAW wid=2 gen=3 axis=5 ask=47.2 took=25.8 obj=3485437
DRAW wid=3 gen=6 axis=3 ask=47.2 took=20.1 obj=3344020
DRAW wid=1 gen=7 axis=2 ask=47.2 took=16.1 obj=3264412
DRAW wid=2 gen=4 axis=0 ask=47.2 took=25.9 obj=3343226
DRAW wid=3 gen=7 axis=4 ask=47.2 took=18.3 obj=3637153
DRAW wid=1 gen=8 axis=3 ask=47.2 took=19.2 obj=3474778
DRAW wid=2 gen=5 axis=1 ask=37.8 took=21.5 obj=3222071
DRAW wid=0 gen=4 axis=4 ask=34.2 took=19.3 obj=4251089
DRAW wid=3 gen=8 axis=5 ask=36.6 took=22.9 obj=3469094
DRAW wid=2 gen=6 axis=2 ask=16.3 took=9.2 obj=3570643
DRAW wid=1 gen=9 axis=4 ask=28.6 took=21.7 obj=3277011
DRAW wid=3 gen=9 axis=0 ask=13.7 took=14.7 obj=3379772
  opstat  op      tried   seconds %budget         gain     gain/s
  opstat  beam        7     132.1   56.0%   1384902184 10480160.6
  opstat  grow        2      31.9   13.5%            0        0.0
  opstat  bal         1       0.2    0.1%            0        0.0
  opstat  pref        1      24.1   10.2%       146432     6076.7
  opstat  bay         1      46.3   19.6%        16375      353.7
  opstat  TOTAL      12     234.6   99.4%                        
DRAW wid=0 gen=5 axis=5 ask=14.9 took=16.3 obj=3653049
  opstat  op      tried   seconds %budget         gain     gain/s
  opstat  beam        4      89.2   37.8%   1384866226 15519127.0
  opstat  grow        1      42.2   17.9%       287294     6804.3
  opstat  bal         1       0.1    0.0%            0        0.0
  opstat  pref        2      56.0   23.7%       108990     1947.2
  opstat  bay         1      47.8   20.2%            0        0.0
  opstat  TOTAL       9     235.3   99.6%                        
DRAW wid=2 gen=7 axis=3 ask=7.1 took=11.2 obj=3717100
  opstat  op      tried   seconds %budget         gain     gain/s
  opstat  beam        6     120.7   50.5%   1384867935 11473851.7
  opstat  grow        1      42.4   17.7%       379703     8953.0
  opstat  bal         1       0.0    0.0%            0        0.0
  opstat  pref        1      23.6    9.9%        77915     3295.3
  opstat  bay         1      51.3   21.5%            0        0.0
  opstat  TOTAL      10     238.1   99.6%                        
WSTAT round=0 n=3 2800387 - 2737344 2997906  spread=9.52%
P4  [r1.s240.4]    240s  obj=2737344     Z1=363.0    Z2=1683   Z3=2850.0    feas=y   ran 240s  py3.12
