# [e1.p13.r1]
MGATE fired: peak_util=4.089 >= 2.00, MSET=8
WSTAT round=0 n=3 70571728 68921195 71515687  spread=3.76%
P13 [e1.p13.r1]     60s  obj=68921195    Z1=9489.0   Z2=432    Z3=7072.0    feas=y   ran 59s  py3.12
# WALL [e1.p13.r1] 60.31
# [e3.p13.r1]
MGATE fired: peak_util=4.089 >= 2.00, MSET=8
WSTAT round=0 n=1 - 68921195 -  spread=0.00%
P13 [e3.p13.r1]     60s  obj=68921195    Z1=9489.0   Z2=432    Z3=7072.0    feas=y   ran 58s  py3.12
# WALL [e3.p13.r1] 58.16
# [e5.p13.r1]
MGATE fired: peak_util=4.089 >= 2.00, MSET=8
WSTAT round=0 n=0 - - -  spread=0.00%
P13 [e5.p13.r1]     60s  obj=4027473504  Z1=604088.0 Z2=18808  Z3=0.0       feas=y   ran 55s  py3.12
# WALL [e5.p13.r1] 55.38
# [e1.p2.r1]
MGATE fired: peak_util=3.289 >= 2.00, MSET=8
WSTAT round=0 n=2 - 60324179 67634913  spread=12.12%
P2  [e1.p2.r1]      60s  obj=60324179    Z1=4443.0   Z2=2915   Z3=7160.0    feas=y   ran 60s  py3.12
# WALL [e1.p2.r1] 60.49
# [e3.p2.r1]
MGATE fired: peak_util=3.289 >= 2.00, MSET=8
WSTAT round=0 n=1 - 60167297 -  spread=0.00%
P2  [e3.p2.r1]      60s  obj=60167297    Z1=4429.0   Z2=2710   Z3=7364.0    feas=y   ran 58s  py3.12
# WALL [e3.p2.r1] 58.00
