# [A.p1.r1]
DIRGATE fired: peak_util=1.016 in [1.00,1.30], timelimit 60 <= 60
WSTAT round=0 n=3 751892 857960 647835  spread=32.43%
PARFILL round=1 parity=even even=647835 odd=857960 wids=[12, 14, 16]
FILL round=1 budget=20 moved=1 best=627329
P1  [A.p1.r1]       60s  obj=627329      Z1=23.0     Z2=7196   Z3=754.0     feas=y   ran 48s  py3.12
# WALL [A.p1.r1] 48.39
# [B.p1.r1]
DIRGATE fired: peak_util=1.016 in [1.00,1.30], timelimit 60 <= 60
WSTAT round=0 n=3 652412 765211 645448  spread=18.56%
PARFILL round=1 parity=even even=645448 odd=765211 wids=[12, 14, 16]
FILL round=1 budget=20 moved=1 best=523388
P1  [B.p1.r1]       60s  obj=523388      Z1=11.0     Z2=5617   Z3=722.0     feas=y   ran 52s  py3.12
# WALL [B.p1.r1] 51.87
# [C.p1.r1]
DIRGATE fired: peak_util=1.016 in [1.00,1.30], timelimit 60 <= 60
WSTAT round=0 n=3 633153 855548 575385  spread=48.69%
PARFILL round=1 parity=even even=575385 odd=855548 wids=[12, 14, 16]
FILL round=1 budget=21 moved=0 best=575385
P1  [C.p1.r1]       60s  obj=575385      Z1=21.0     Z2=6926   Z3=691.0     feas=y   ran 48s  py3.12
# WALL [C.p1.r1] 48.37
# [A.p1.r2]
DIRGATE fired: peak_util=1.016 in [1.00,1.30], timelimit 60 <= 60
WSTAT round=0 n=3 605585 765211 647835  spread=26.36%
PARFILL round=1 parity=even even=605585 odd=765211 wids=[12, 14, 16]
FILL round=1 budget=18 moved=0 best=605585
P1  [A.p1.r2]       60s  obj=605585      Z1=8.0      Z2=4083   Z3=900.0     feas=y   ran 49s  py3.12
# WALL [A.p1.r2] 48.94
# [B.p1.r2]
DIRGATE fired: peak_util=1.016 in [1.00,1.30], timelimit 60 <= 60
WSTAT round=0 n=3 633153 707029 543874  spread=30.00%
PARFILL round=1 parity=even even=543874 odd=707029 wids=[12, 14, 16]
