# [A.p24.r1]
WSTAT round=0 n=3 3451432 2880946 3354297  spread=19.80%
P24 [A.p24.r1]      60s  obj=2848145     Z1=578.0    Z2=3353   Z3=1497.0    feas=y   ran 39s  py3.12
# WALL [A.p24.r1] 40.22
# [B.p24.r1]
WSTAT round=0 n=3 3419392 2880946 3286979  spread=18.69%
P24 [B.p24.r1]      60s  obj=2848145     Z1=578.0    Z2=3353   Z3=1497.0    feas=y   ran 41s  py3.12
# WALL [B.p24.r1] 41.06
# [A.p26.r1]
MGATE fired: peak_util=2.224 >= 2.00, MSET=8
WSTAT round=0 n=3 26632592 24810023 27046047  spread=9.01%
P26 [A.p26.r1]      60s  obj=24810023    Z1=2400.0   Z2=14023  Z3=10994.0   feas=y   ran 44s  py3.12
# WALL [A.p26.r1] 44.70
# [B.p26.r1]
MGATE fired: peak_util=2.224 >= 2.00, MSET=8
WSTAT round=0 n=3 25839258 25159239 27046047  spread=7.50%
P26 [B.p26.r1]      60s  obj=25159239    Z1=2396.0   Z2=13907  Z3=11464.0   feas=y   ran 52s  py3.12
# WALL [B.p26.r1] 52.98
# [A.p30.r1]
WSTAT round=0 n=3 2112134 2155154 2074467  spread=3.89%
P30 [A.p30.r1]      60s  obj=2074467     Z1=129.0    Z2=2085   Z3=2736.0    feas=y   ran 40s  py3.12
# WALL [A.p30.r1] 41.22
# [B.p30.r1]
WSTAT round=0 n=3 2159325 2264715 2050778  spread=10.43%
P30 [B.p30.r1]      60s  obj=2048570     Z1=124.0    Z2=4088   Z3=2966.0    feas=y   ran 41s  py3.12
# WALL [B.p30.r1] 41.26
# [A.p36.r1]
MGATE fired: peak_util=4.664 >= 2.00, MSET=8
