# [A.p1.r1]
DIRGATE fired: peak_util=1.016 in [1.00,1.30], timelimit 60 <= 60
BEAMSTAT salv=1 capped=0 used=0.10 level=0.27 B=67 K=5 work=98
BEAMSTAT salv=0 capped=0 used=0.88 level=1.00 B=96 K=4 work=772
BEAMSTAT salv=0 capped=0 used=0.87 level=1.00 B=67 K=5 work=784
BEAMSTAT salv=1 capped=0 used=0.10 level=0.35 B=67 K=5 work=170
BEAMSTAT salv=0 capped=0 used=0.87 level=1.00 B=96 K=3 work=1262
BEAMSTAT salv=0 capped=0 used=0.88 level=1.00 B=67 K=5 work=1440
BEAMSTAT salv=1 capped=0 used=0.10 level=0.27 B=96 K=3 work=100
BEAMSTAT salv=1 capped=0 used=0.10 level=0.27 B=48 K=6 work=102
BEAMSTAT salv=0 capped=0 used=0.87 level=1.00 B=48 K=6 work=951
BEAMSTAT salv=1 capped=0 used=0.10 level=0.24 B=96 K=4 work=92
BEAMSTAT salv=0 capped=0 used=0.88 level=1.00 B=67 K=5 work=808
BEAMSTAT salv=1 capped=0 used=0.10 level=0.38 B=96 K=4 work=160
BEAMSTAT salv=0 capped=0 used=0.87 level=1.00 B=96 K=4 work=860
BEAMSTAT salv=0 capped=0 used=0.88 level=1.00 B=96 K=3 work=794
BEAMSTAT salv=1 capped=0 used=0.10 level=0.25 B=67 K=5 work=90
WSTAT round=0 n=3 748741 772500 680523  spread=13.52%
PARFILL round=1 parity=even even=680523 odd=772500 wids=[12, 14, 16]
BEAMSTAT salv=0 capped=0 used=0.87 level=1.00 B=96 K=4 work=614
BEAMSTAT salv=0 capped=0 used=0.87 level=1.00 B=67 K=5 work=642
BEAMSTAT salv=0 capped=0 used=0.88 level=1.00 B=48 K=6 work=755
