# [p16.h1.0]
WSTAT round=0 n=4 2672611 3200146 3009603 3712776  spread=38.92%
P16 [p16.h1.0]     240s  obj=2672611     Z1=115.0    Z2=1022   Z3=4545.0    feas=y   ran 240s  py3.12
# [p16.h2.0]
WSTAT round=0 n=4 2804630 3127761 3009603 3657631  spread=30.41%
P16 [p16.h2.0]     240s  obj=2727389     Z1=110.0    Z2=1003   Z3=5031.0    feas=y   ran 239s  py3.12
# [p16.h3.0]
WSTAT round=0 n=4 2671274 3647507 3036731 3949550  spread=47.85%
P16 [p16.h3.0]     240s  obj=2671274     Z1=115.0    Z2=743    Z3=4543.0    feas=y   ran 239s  py3.12
# [p16.h5.0]
WSTAT round=0 n=4 2533546 3120881 2895009 3950149  spread=55.91%
P16 [p16.h5.0]     240s  obj=2481642     Z1=99.0     Z2=1475   Z3=4629.0    feas=y   ran 239s  py3.12
# [p24.h1.0]
WSTAT round=0 n=4 3132479 2847158 2871832 2742418  spread=14.22%
P24 [p24.h1.0]     240s  obj=2427040     Z1=550.0    Z2=4270   Z3=940.0     feas=y   ran 215s  py3.12
# [p24.h2.0]
WSTAT round=0 n=4 2950371 2892063 3131295 3019316  spread=8.27%
P24 [p24.h2.0]     240s  obj=2892063     Z1=725.0    Z2=4434   Z3=741.0     feas=y   ran 204s  py3.12
# [p24.h3.0]
WSTAT round=0 n=4 3132479 2644178 3131295 2683866  spread=18.47%
P24 [p24.h3.0]     240s  obj=2644178     Z1=621.0    Z2=4055   Z3=910.0     feas=y   ran 205s  py3.12
# [p24.h5.0]
WSTAT round=0 n=4 3132479 2586483 3131295 2893205  spread=21.11%
P24 [p24.h5.0]     240s  obj=2545328     Z1=646.0    Z2=4430   Z3=602.0     feas=y   ran 217s  py3.12
# [p1.h1.0]
WSTAT round=0 n=4 438791 725306 504490 740964  spread=68.86%
P1  [p1.h1.0]      240s  obj=438791      Z1=8.0      Z2=4085   Z3=622.0     feas=y   ran 200s  py3.12
# [p1.h2.0]
WSTAT round=0 n=4 472330 765211 504490 689851  spread=62.01%
P1  [p1.h2.0]      240s  obj=472330      Z1=1.0      Z2=2221   Z3=765.0     feas=y   ran 200s  py3.12
# [p1.h3.0]
WSTAT round=0 n=4 438791 765211 504490 787370  spread=79.44%
P1  [p1.h3.0]      240s  obj=438791      Z1=8.0      Z2=4085   Z3=622.0     feas=y   ran 200s  py3.12
# [p1.h5.0]
