# [A.p2.r1]
P2  [A.p2.r1]       60s  obj=60116544    Z1=4426.0   Z2=3659   Z3=7267.0    feas=y   ran 52s  py3.12
# WALL [A.p2.r1] 52.53
# [B.p2.r1]
P2  [B.p2.r1]       60s  obj=60116544    Z1=4426.0   Z2=3659   Z3=7267.0    feas=y   ran 51s  py3.12
# WALL [B.p2.r1] 51.00
# [A.p27.r1]
P27 [A.p27.r1]      60s  obj=795054      Z1=83.0     Z2=353    Z3=968.0     feas=y   ran 52s  py3.12
# WALL [A.p27.r1] 52.47
# [B.p27.r1]
P27 [B.p27.r1]      60s  obj=795054      Z1=83.0     Z2=353    Z3=968.0     feas=y   ran 52s  py3.12
# WALL [B.p27.r1] 52.62
# [A.p33.r1]
P33 [A.p33.r1]      60s  obj=1056831     Z1=77.0     Z2=1408   Z3=2654.0    feas=y   ran 52s  py3.12
# WALL [A.p33.r1] 52.25
# [B.p33.r1]
P33 [B.p33.r1]      60s  obj=1056831     Z1=77.0     Z2=1408   Z3=2654.0    feas=y   ran 52s  py3.12
# WALL [B.p33.r1] 52.00
# [A.p26.r1]
P26 [A.p26.r1]      60s  obj=24866510    Z1=2493.0   Z2=13679  Z3=10290.0   feas=y   ran 42s  py3.12
# WALL [A.p26.r1] 42.34
# [B.p26.r1]
P26 [B.p26.r1]      60s  obj=24506631    Z1=2464.0   Z2=13543  Z3=10082.0   feas=y   ran 41s  py3.12
# WALL [B.p26.r1] 41.04
# [A.p30.r1]
P30 [A.p30.r1]      60s  obj=2045538     Z1=123.0    Z2=4159   Z3=3045.0    feas=y   ran 42s  py3.12
# WALL [A.p30.r1] 42.03
# [B.p30.r1]
P30 [B.p30.r1]      60s  obj=2045538     Z1=123.0    Z2=4159   Z3=3045.0    feas=y   ran 41s  py3.12
# WALL [B.p30.r1] 41.03
# [A.p36.r1]
P36 [A.p36.r1]      60s  obj=75872841    Z1=10633.0  Z2=5030   Z3=6222.0    feas=y   ran 45s  py3.12
# WALL [A.p36.r1] 45.90
# [B.p36.r1]
P36 [B.p36.r1]      60s  obj=75872841    Z1=10633.0  Z2=5030   Z3=6222.0    feas=y   ran 46s  py3.12
# WALL [B.p36.r1] 46.07
# [A.p10.r1]
P10 [A.p10.r1]      60s  obj=4338534     Z1=302.0    Z2=6092   Z3=1438.0    feas=y   ran 38s  py3.12
# WALL [A.p10.r1] 38.50
# [B.p10.r1]
P10 [B.p10.r1]      60s  obj=4297103     Z1=291.0    Z2=2800   Z3=2030.0    feas=y   ran 40s  py3.12
# WALL [B.p10.r1] 40.49
# [A.p6.r1]
P6  [A.p6.r1]       60s  obj=5544987     Z1=355.0    Z2=4776   Z3=5924.0    feas=y   ran 42s  py3.12
# WALL [A.p6.r1] 42.43
# [B.p6.r1]
P6  [B.p6.r1]       60s  obj=5241069     Z1=328.0    Z2=4792   Z3=6345.0    feas=y   ran 42s  py3.12
# WALL [B.p6.r1] 42.65
# [A.p2.r2]
P2  [A.p2.r2]       60s  obj=59783816    Z1=4410.0   Z2=2609   Z3=6499.0    feas=y   ran 52s  py3.12
# WALL [A.p2.r2] 52.19
# [B.p2.r2]
P2  [B.p2.r2]       60s  obj=59956136    Z1=4412.0   Z2=1185   Z3=7508.0    feas=y   ran 50s  py3.12
# WALL [B.p2.r2] 50.38
# [A.p27.r2]
P27 [A.p27.r2]      60s  obj=782680      Z1=83.0     Z2=565    Z3=942.0     feas=y   ran 52s  py3.12
# WALL [A.p27.r2] 52.23
# [B.p27.r2]
P27 [B.p27.r2]      60s  obj=817010      Z1=50.0     Z2=928    Z3=1208.0    feas=y   ran 52s  py3.12
# WALL [B.p27.r2] 52.19
