# [cen.p1]
# [cen.p1]
  opstat  op      tried   seconds %budget         gain     gain/s
  opstat  beam        8     140.5   71.2%    978310041  6961913.1
  opstat  grow        1      27.9   14.2%       707895    25341.6
  opstat  bal         2       0.0    0.0%            0        0.0
  opstat  pref        2       7.1    3.6%         2511      355.5
  opstat  bay         1      21.1   10.7%            0        0.0
  opstat  TOTAL      14     196.7   99.7%                        
  opstat  op      tried   seconds %budget         gain     gain/s
  opstat  beam       14      76.7   38.7%    978768789 12765272.6
  opstat  grow        2      11.8    6.0%            0        0.0
  opstat  bal         2       0.1    0.0%            0        0.0
  opstat  pref        4      83.8   42.3%       112142     1337.9
  opstat  bay         1      25.0   12.6%            0        0.0
  opstat  TOTAL      23     197.3   99.7%                        
  opstat  op      tried   seconds %budget         gain     gain/s
  opstat  beam        8     127.8   64.5%    978922561  7660122.0
  opstat  grow        1      32.5   16.4%       164317     5053.1
  opstat  bal         2       0.0    0.0%        18855  1065469.3
  opstat  pref        2       2.8    1.4%        56819    20613.2
  opstat  bay         1      34.3   17.3%            0        0.0
  opstat  TOTAL      14     197.4   99.7%                        
  opstat  op      tried   seconds %budget         gain     gain/s
  opstat  beam       25     144.6   73.0%    978714194  6770420.1
  opstat  grow        1       6.7    3.4%            0        0.0
  opstat  bal         1       0.1    0.0%            0        0.0
  opstat  pref        4      15.6    7.9%       145903     9342.8
  opstat  bay         1      29.4   14.8%        69945     2379.8
  opstat  TOTAL      32     196.4   99.1%                        
WSTAT round=0 n=4 612635 752151 470530 703040  spread=59.85%
P1  [cen.p1]       240s  obj=470530      Z1=19.0     Z2=7419   Z3=536.0     feas=y   ran 200s  py3.12
