P9   solved 30s  obj=6215155  (bays=3 blocks=200)
P3   solved 30s  obj=4634693  (bays=4 blocks=200)
P3   nbay=1  0 application(s) in 54s  obj=4634693  +0.00%
P3   nbay=2  0 application(s) in 55s  obj=4634693  +0.00%
P1   solved 30s  obj=682223  (bays=3 blocks=150)
P1   nbay=1  1 application(s) in 78s  obj=678750  -0.51%
P1   nbay=2  0 application(s) in 53s  obj=682223  +0.00%
P16  solved 30s  obj=3642159  (bays=5 blocks=300)
P16  nbay=1  0 application(s) in 75s  obj=3642159  +0.00%
P16  nbay=2  0 application(s) in 54s  obj=3642159  +0.00%
P20  solved 30s  obj=10077312  (bays=3 blocks=250)
P20  nbay=1  0 application(s) in 57s  obj=10077312  +0.00%
P20  nbay=2  0 application(s) in 14s  obj=10077312  +0.00%
P6   solved 30s  obj=5335323  (bays=4 blocks=250)
P6   nbay=1  0 application(s) in 69s  obj=5335323  +0.00%
P6   nbay=2  1 application(s) in 56s  obj=5335296  -0.00%
MBAY3DONE
P26  solved 30s  obj=27182136  (bays=2 blocks=300)
P26  nbay=1  1 application(s) in 68s  obj=27175833  -0.02%
P26  nbay=2  0 application(s) in 54s  obj=27182136  +0.00%
