# probe 3
P3   solved 30s  obj=4678986  (bays=4 blocks=200)
    brk calib: 556:41.2ms 1180:53.1ms 3960:222.0ms 13310:1486.8ms -> fixed 0.039s + 8.17e-09 s/col^2
    brk tier: room=51s rate=8.17e-09 -> tier 3 (step 6 nout 10 nent 2) ncol~29472 pred=7.1s  [hard=60 slice=60s]
    brk stick: 9 of 52 residents cannot leave the bay set at all
    brk cost: ncol~29472 real_ncol=20895 build=6.7s ask=60.0s total=51.2s
    brk cost: tier 3 ncol~29472 real_ncol=20895 build=6.7s total=51.2s  -> rate 7.672e-09 s/col^2
    brk[pressure] bays=[3] res=52 outs=10 displaced 5: [(177, 420), (31, 414), (170, 141), (57, 95), (185, 85)]
    brk[pressure] bays=[3] res=52 outs=10 rehome pass 0 stuck on b185 -- retrying with it first
    brk[pressure] bays=[3] res=52 outs=10 rehome pass 1 stuck on b177 -- retrying with it first
    brk[pressure] bays=[3] res=52 outs=10 admitted 3, moved 3, displaced 5, obj 4721727 vs base 4678986 -> reject
P3   nbay=1  0 application(s) in 58s  obj=4678986  +0.00%
    brk calib: 370:26.3ms 692:59.3ms 1812:216.7ms 5588:1307.3ms -> fixed 0.021s + 4.12e-08 s/col^2
      ncol_est per bay ['122274', '101276']  step x[1, 4]  (cand=92 res=52 frozen=69)
      ncol_est per bay ['106550', '87436']  step x[1, 4]  (cand=92 res=52 frozen=69)
      ncol_est per bay ['67916', '54840']  step x[1, 4]  (cand=72 res=52 frozen=69)
      ncol_est per bay ['19114', '15384']  step x[1, 4]  (cand=62 res=52 frozen=69)
    brk tier: room=51s rate=4.12e-08 -> tier 3 (step 6 nout 10 nent 2) ncol~24536 pred=24.8s  [hard=60 slice=60s]
    brk stick: 43 of 52 residents cannot leave the bay set at all
    brk cost: ncol~24536 real_ncol=4927 build=0.7s ask=60.0s total=51.0s
    brk cost: tier 3 ncol~24536 real_ncol=4927 build=0.7s total=51.0s  -> rate 1.139e-09 s/col^2
    brk[pressure] bays=[3, 0] res=52 outs=10 displaced 1: [(165, 107)]
    brk[pressure] bays=[3, 0] res=52 outs=10 admitted 1, moved 1, displaced 1, obj 4674388 vs base 4678986 -> KEEP
      ncol_est per bay ['118050', '99392']  step x[1, 4]  (cand=92 res=52 frozen=69)
      ncol_est per bay ['103184', '86140']  step x[1, 4]  (cand=92 res=52 frozen=69)
      ncol_est per bay ['64986', '53760']  step x[1, 4]  (cand=72 res=52 frozen=69)
      ncol_est per bay ['17788', '15324']  step x[1, 4]  (cand=62 res=52 frozen=69)
      ncol_est per bay ['17788', '15324']  step x[1, 4]  (cand=62 res=52 frozen=69)
    brk: declined, smallest tier predicts 12s of 4s
P3   nbay=2  1 application(s) in 55s  obj=4674388  -0.10%
# probe 13
P13  solved 30s  obj=69211432  (bays=2 blocks=300)
    brk calib: 1048:39.9ms 3184:58.6ms 10448:233.1ms 36276:2594.9ms -> fixed 0.038s + 1.94e-09 s/col^2
    brk: declined, smallest tier predicts 117s of 51s
P13  nbay=1  0 application(s) in 3s  obj=69211432  +0.00%
    brk calib: 1108:52.8ms 2714:124.6ms 8490:754.5ms -> fixed 0.041s + 9.9e-09 s/col^2
      ncol_est per bay ['772388', '324202']  step x[1, 1]  (cand=188 res=188 frozen=112)
      ncol_est per bay ['725034', '305872']  step x[1, 1]  (cand=188 res=188 frozen=112)
      ncol_est per bay ['627598', '265824']  step x[1, 1]  (cand=188 res=188 frozen=112)
      ncol_est per bay ['213410', '92406']  step x[1, 1]  (cand=188 res=188 frozen=112)
      ncol_est per bay ['213410', '92406']  step x[1, 1]  (cand=188 res=188 frozen=112)
    brk: declined, smallest tier predicts 536s of 51s
P13  nbay=2  0 application(s) in 1s  obj=69211432  +0.00%
# probe 20
P20  solved 30s  obj=9748532  (bays=3 blocks=250)
    brk calib: 848:39.1ms 2328:57.3ms 7178:183.8ms 24810:1563.1ms -> fixed 0.037s + 2.48e-09 s/col^2
    brk tier: room=51s rate=2.48e-09 -> tier 3 (step 6 nout 10 nent 1) ncol~79106 pred=15.5s  [hard=60 slice=60s]
    brk stick: 43 of 101 residents cannot leave the bay set at all
    brk cost: ncol~79106 real_ncol=55032 build=15.9s ask=60.0s total=51.7s
    brk cost: tier 3 ncol~79106 real_ncol=55032 build=15.9s total=51.7s  -> rate 2.539e-09 s/col^2
    brk[pressure] bays=[0] res=101 outs=10 displaced 17: [(116, 778), (206, 776), (220, 772), (213, 742), (131, 645), (73, 580), (100, 568), (14, 525), (87, 423), (219, 411), (184, 366), (79, 361), (68, 172), (70, 159), (232, 155), (114, 152), (173, 105)]
    brk[pressure] bays=[0] res=101 outs=10 rehome pass 0 stuck on b116 -- retrying with it first
    brk[pressure] bays=[0] res=101 outs=10 displaced b116 could not be rehomed within 16 days, 1 order(s) tried
P20  nbay=1  0 application(s) in 57s  obj=9748532  +0.00%
    brk calib: 636:28.2ms 1412:61.7ms 3992:269.2ms -> fixed 0.022s + 1.55e-08 s/col^2
      ncol_est per bay ['157724', '125232']  step x[1, 2]  (cand=141 res=101 frozen=99)
      ncol_est per bay ['152572', '119862']  step x[1, 2]  (cand=141 res=101 frozen=99)
      ncol_est per bay ['127334', '98070']  step x[1, 2]  (cand=121 res=101 frozen=99)
      ncol_est per bay ['51084', '39760']  step x[1, 2]  (cand=111 res=101 frozen=99)
      ncol_est per bay ['51084', '39760']  step x[1, 2]  (cand=111 res=101 frozen=99)
    brk: declined, smallest tier predicts 65s of 51s
P20  nbay=2  0 application(s) in 0s  obj=9748532  +0.00%
