# [c.p2.r1]
P2  [c.p2.r1]       60s  obj=66655894    Z1=4916.0   Z2=704    Z3=7387.0    feas=y   ran 49s  py3.12
# [t.p2.r1]
P2  [t.p2.r1]       60s  obj=59788783    Z1=4403.0   Z2=2621   Z3=7154.0    feas=y   ran 51s  py3.12
# [c.p36.r1]
P36 [c.p36.r1]      60s  obj=97247964    Z1=13657.0  Z2=3145   Z3=7742.0    feas=y   ran 60s  py3.12
# [t.p36.r1]
P36 [t.p36.r1]      60s  obj=76702836    Z1=10746.0  Z2=54     Z3=6324.0    feas=y   ran 58s  py3.12
# [c.p13.r1]
P13 [c.p13.r1]      60s  obj=71323007    Z1=9751.0   Z2=1090   Z3=7890.0    feas=y   ran 45s  py3.12
# [t.p13.r1]
P13 [t.p13.r1]      60s  obj=72725696    Z1=9812.0   Z2=292    Z3=9136.0    feas=y   ran 60s  py3.12
# [c.p23.r1]
P23 [c.p23.r1]      60s  obj=13744404    Z1=1569.0   Z2=4627   Z3=6540.0    feas=y   ran 44s  py3.12
# [t.p23.r1]
P23 [t.p23.r1]      60s  obj=13890354    Z1=1533.0   Z2=4281   Z3=7314.0    feas=y   ran 50s  py3.12
# [c.p11.r1]
P11 [c.p11.r1]      60s  obj=7422299     Z1=410.0    Z2=6228   Z3=7255.0    feas=y   ran 45s  py3.12
# [t.p11.r1]
P11 [t.p11.r1]      60s  obj=7281429     Z1=396.0    Z2=4404   Z3=7447.0    feas=y   ran 46s  py3.12
# [c.p16.r1]
P16 [c.p16.r1]      60s  obj=2943339     Z1=128.0    Z2=1405   Z3=4930.0    feas=y   ran 58s  py3.12
