# [s240.p24.m1]
P24 [s240.p24.m1]   240s  obj=2838471     Z1=656.0    Z2=2889   Z3=1053.0    feas=y   ran 209s  py3.12
# [s240.p24.m2]
P24 [s240.p24.m2]   240s  obj=2739434     Z1=536.0    Z2=4478   Z3=1536.0    feas=y   ran 218s  py3.12
# [s240.p24.mix]
P24 [s240.p24.mix]   240s  obj=2620889     Z1=563.0    Z2=3830   Z3=1196.0    feas=y   ran 205s  py3.12
# [s240.p20.m1]
P20 [s240.p20.m1]   240s  obj=9530012     Z1=1218.0   Z2=1807   Z3=9301.0    feas=y   ran 239s  py3.12
# [s240.p20.m2]
P20 [s240.p20.m2]   240s  obj=8962893     Z1=1137.0   Z2=1833   Z3=9119.0    feas=y   ran 239s  py3.12
# [s240.p20.mix]
P20 [s240.p20.mix]   240s  obj=9274964     Z1=1176.0   Z2=2584   Z3=9426.0    feas=y   ran 239s  py3.12
# [s240.p1.m1]
P1  [s240.p1.m1]   240s  obj=470530      Z1=19.0     Z2=7419   Z3=536.0     feas=y   ran 200s  py3.12
# [s240.p1.m2]
P1  [s240.p1.m2]   240s  obj=601265      Z1=35.0     Z2=3440   Z3=596.0     feas=y   ran 201s  py3.12
# [s240.p1.mix]
P1  [s240.p1.mix]   240s  obj=470530      Z1=19.0     Z2=7419   Z3=536.0     feas=y   ran 200s  py3.12
# [s240.p4.m1]
P4  [s240.p4.m1]   240s  obj=2761139     Z1=358.0    Z2=2846   Z3=2915.0    feas=y   ran 232s  py3.12
# [s240.p4.m2]
P4  [s240.p4.m2]   240s  obj=2718640     Z1=329.0    Z2=246    Z3=3041.0    feas=y   ran 240s  py3.12
# [s240.p4.mix]
P4  [s240.p4.mix]   240s  obj=2621290     Z1=345.0    Z2=1664   Z3=2745.0    feas=y   ran 228s  py3.12
== MSET pass 1 done ==
# [s240.p24.m1.r2]
P24 [s240.p24.m1.r2]   240s  obj=2957934     Z1=594.0    Z2=3276   Z3=1592.0    feas=y   ran 209s  py3.12
