== PHASE A prefw ==
# [A.p1.a0.pw0.0]
P1   [A.p1.a0.pw0.0] work=3000      B=96   K=4 axis=0  obj=1174681      feas=y    22.7s  digest=70a2b32ad25991a0
# [A.p1.a0.pw0.5]
== PHASE A prefw ==
# [A.p1.a0.pw0.5]
P1   [A.p1.a0.pw0.5] work=3000      B=96   K=4 axis=0  obj=1174681      feas=y    22.9s  digest=70a2b32ad25991a0
# [A.p1.a0.pw1.0]
P1   [A.p1.a0.pw1.0] work=3000      B=96   K=4 axis=0  obj=1174681      feas=y    22.2s  digest=70a2b32ad25991a0
== PHASE A prefw ==
# [A.p1.a0.pw2.0]
P1   [A.p1.a0.pw2.0] work=3000      B=96   K=4 axis=0  obj=1174681      feas=y    22.6s  digest=70a2b32ad25991a0
# [A.p1.a0.pw4.0]
P1   [A.p1.a0.pw4.0] work=3000      B=96   K=4 axis=0  obj=1174681      feas=y    22.7s  digest=70a2b32ad25991a0
# [A.p1.a2.pw0.0]
P1   [A.p1.a2.pw0.0] work=3000      B=96   K=4 axis=2  obj=684687       feas=y    15.7s  digest=34e5f49cfcb0d2e4
# [A.p1.a2.pw0.5]
P1   [A.p1.a2.pw0.5] work=3000      B=96   K=4 axis=2  obj=684687       feas=y    15.2s  digest=34e5f49cfcb0d2e4
# [A.p1.a2.pw1.0]
P1   [A.p1.a2.pw1.0] work=3000      B=96   K=4 axis=2  obj=684687       feas=y    15.2s  digest=34e5f49cfcb0d2e4
== PHASE A w3mul ==
# [A.p1.a0.wm0.25]
P1   [A.p1.a0.wm0.25] work=3000      B=96   K=4 axis=0  obj=1201102      feas=y    22.5s  digest=46b73682311582ef
# [A.p1.a0.wm0.5]
P1   [A.p1.a0.wm0.5] work=3000      B=96   K=4 axis=0  obj=1201926      feas=y    22.4s  digest=5b9b03049d5151f5
# [A.p1.a0.wm1.0]
P1   [A.p1.a0.wm1.0] work=3000      B=96   K=4 axis=0  obj=1174681      feas=y    22.5s  digest=70a2b32ad25991a0
# [A.p1.a0.wm2.0]
P1   [A.p1.a0.wm2.0] work=3000      B=96   K=4 axis=0  obj=1459516      feas=y    22.2s  digest=aed2effe4c1cee8d
# [A.p1.a0.wm4.0]
P1   [A.p1.a0.wm4.0] work=3000      B=96   K=4 axis=0  obj=1500279      feas=y    22.2s  digest=a54c45043c633856
# [A.p1.a0.wm8.0]
P1   [A.p1.a0.wm8.0] work=3000      B=96   K=4 axis=0  obj=1500279      feas=y    22.6s  digest=a54c45043c633856
# [A.p1.a2.wm0.25]
P1   [A.p1.a2.wm0.25] work=3000      B=96   K=4 axis=2  obj=612236       feas=y    16.1s  digest=f8d329a33cdd663d
# [A.p1.a2.wm0.5]
P1   [A.p1.a2.wm0.5] work=3000      B=96   K=4 axis=2  obj=587906       feas=y    16.0s  digest=39737f8bfcbdf615
# [A.p1.a2.wm1.0]
P1   [A.p1.a2.wm1.0] work=3000      B=96   K=4 axis=2  obj=587906       feas=y    16.1s  digest=39737f8bfcbdf615
# [A.p1.a2.wm2.0]
P1   [A.p1.a2.wm2.0] work=3000      B=96   K=4 axis=2  obj=587906       feas=y    16.6s  digest=39737f8bfcbdf615
# [A.p1.a2.wm4.0]
P1   [A.p1.a2.wm4.0] work=3000      B=96   K=4 axis=2  obj=684687       feas=y    15.3s  digest=34e5f49cfcb0d2e4
# [A.p1.a2.wm8.0]
P1   [A.p1.a2.wm8.0] work=3000      B=96   K=4 axis=2  obj=684687       feas=y    15.1s  digest=34e5f49cfcb0d2e4
# [A.p1.a3.wm0.25]
P1   [A.p1.a3.wm0.25] work=3000      B=96   K=4 axis=3  obj=800610       feas=y    19.0s  digest=0bae0495cec9cfb8
# [A.p1.a3.wm0.5]
P1   [A.p1.a3.wm0.5] work=3000      B=96   K=4 axis=3  obj=612492       feas=y    18.8s  digest=37164361c118eddc
# [A.p1.a3.wm1.0]
P1   [A.p1.a3.wm1.0] work=3000      B=96   K=4 axis=3  obj=737578       feas=y    19.0s  digest=35dc269622b01ecb
