P40 [base.40]      180s  obj=9774269     Z1=2307.0   Z2=919    Z3=2604.0    feas=y   ran 163s  py3.12
P40 [old.40]       180s  obj=9834210     Z1=2416.0   Z2=441    Z3=2226.0    feas=y   ran 164s  py3.12
P40 [new.40]       180s  obj=9729474     Z1=2398.0   Z2=1270   Z3=2168.0    feas=y   ran 179s  py3.12
P26 [base.26]      180s  obj=28090181    Z1=3107.0   Z2=15812  Z3=9200.0    feas=y   ran 160s  py3.12
P26 [old.26]       180s  obj=27745460    Z1=2999.0   Z2=13527  Z3=9672.0    feas=y   ran 151s  py3.12
P26 [new.26]       180s  obj=27278941    Z1=2942.0   Z2=13427  Z3=9564.0    feas=y   ran 150s  py3.12
P3  [base.3]       180s  obj=4432997     Z1=130.0    Z2=4960   Z3=7439.0    feas=y   ran 179s  py3.12
P3  [old.3]        180s  obj=4548193     Z1=173.0    Z2=7643   Z3=7351.0    feas=y   ran 179s  py3.12
P3  [new.3]        180s  obj=4548193     Z1=173.0    Z2=7643   Z3=7351.0    feas=y   ran 179s  py3.12
P4  [base.4]       180s  obj=2777706     Z1=378.0    Z2=3061   Z3=2819.0    feas=y   ran 164s  py3.12
P4  [old.4]        180s  obj=2779537     Z1=372.0    Z2=2843   Z3=2862.0    feas=y   ran 166s  py3.12
P4  [new.4]        180s  obj=2777706     Z1=378.0    Z2=3061   Z3=2819.0    feas=y   ran 164s  py3.12
P13 [base.13]      180s  obj=84962422    Z1=11810.0  Z2=2752   Z3=7778.0    feas=y   ran 179s  py3.12
P13 [old.13]       180s  obj=85556498    Z1=11890.0  Z2=2668   Z3=7854.0    feas=y   ran 165s  py3.12
P13 [new.13]       180s  obj=84962422    Z1=11810.0  Z2=2752   Z3=7778.0    feas=y   ran 179s  py3.12
P36 [base.36]      180s  obj=94753060    Z1=13709.0  Z2=1557   Z3=4192.0    feas=y   ran 179s  py3.12
P36 [old.36]       180s  obj=93356809    Z1=13477.0  Z2=1650   Z3=4380.0    feas=y   ran 179s  py3.12
P36 [new.36]       180s  obj=95628135    Z1=13648.0  Z2=1719   Z3=5794.0    feas=y   ran 169s  py3.12
P18 [base.18]      180s  obj=11187415    Z1=2745.0   Z2=1493   Z3=3124.0    feas=y   ran 155s  py3.12
P18 [old.18]       180s  obj=11446390    Z1=2730.0   Z2=2258   Z3=3634.0    feas=y   ran 164s  py3.12
P18 [new.18]       180s  obj=11033000    Z1=2691.0   Z2=1822   Z3=3169.0    feas=y   ran 154s  py3.12
P27 [base.27]      180s  obj=801498      Z1=174.0    Z2=1346   Z3=398.0     feas=y   ran 147s  py3.12
P27 [old.27]       180s  obj=754223      Z1=187.0    Z2=1423   Z3=227.0     feas=y   ran 146s  py3.12
P27 [new.27]       180s  obj=798047      Z1=195.0    Z2=1514   Z3=258.0     feas=y   ran 179s  py3.12
P24 [base.24]      180s  obj=2953886     Z1=709.0    Z2=3827   Z3=940.0     feas=y   ran 148s  py3.12
P24 [old.24]       180s  obj=3014904     Z1=736.0    Z2=3888   Z3=891.0     feas=y   ran 149s  py3.12
P24 [new.24]       180s  obj=2798819     Z1=646.0    Z2=2243   Z3=1050.0    feas=y   ran 150s  py3.12
P15 [base.15]      180s  obj=12694324    Z1=1406.0   Z2=961    Z3=5531.0    feas=y   ran 173s  py3.12
P15 [old.15]       180s  obj=12853966    Z1=1332.0   Z2=4061   Z3=6609.0    feas=y   ran 180s  py3.12
P15 [new.15]       180s  obj=12226752    Z1=1396.0   Z2=3010   Z3=4856.0    feas=y   ran 159s  py3.12
P17 [base.17]      180s  obj=5614141     Z1=1061.0   Z2=1616   Z3=6883.0    feas=y   ran 162s  py3.12
P17 [old.17]       180s  obj=5292719     Z1=1023.0   Z2=3820   Z3=6175.0    feas=y   ran 167s  py3.12
P17 [new.17]       180s  obj=5504355     Z1=1111.0   Z2=5649   Z3=5854.0    feas=y   ran 160s  py3.12
P9  [base.9]       180s  obj=5827930     Z1=286.0    Z2=4884   Z3=6519.0    feas=y   ran 149s  py3.12
P9  [old.9]        180s  obj=5775195     Z1=277.0    Z2=5218   Z3=6530.0    feas=y   ran 149s  py3.12
P9  [new.9]        180s  obj=5744817     Z1=293.0    Z2=3893   Z3=6306.0    feas=y   ran 149s  py3.12
NIGHTWINWDONE 19:14
P1  [base.1]       180s  obj=524295      Z1=21.0     Z2=6496   Z3=608.0     feas=y   ran 161s  py3.12
P1  [old.1]        180s  obj=524295      Z1=21.0     Z2=6496   Z3=608.0     feas=y   ran 161s  py3.12
P1  [new.1]        180s  obj=491271      Z1=18.0     Z2=6155   Z3=588.0     feas=y   ran 144s  py3.12
P2  [base.2]       180s  obj=69138698    Z1=5108.0   Z2=1146   Z3=6861.0    feas=y   ran 179s  py3.12
P2  [old.2]        180s  obj=68815572    Z1=5086.0   Z2=2921   Z3=6615.0    feas=y   ran 179s  py3.12
P2  [new.2]        180s  obj=67532639    Z1=4987.0   Z2=3292   Z3=6852.0    feas=y   ran 179s  py3.12
P5  [base.5]       180s  obj=8029431     Z1=2261.0   Z2=702    Z3=1218.0    feas=y   ran 159s  py3.12
P5  [old.5]        180s  obj=8078110     Z1=2245.0   Z2=125    Z3=1486.0    feas=y   ran 153s  py3.12
P5  [new.5]        180s  obj=7904400     Z1=2228.0   Z2=1164   Z3=1170.0    feas=y   ran 159s  py3.12
P6  [base.6]       180s  obj=5317889     Z1=343.0    Z2=3831   Z3=5455.0    feas=y   ran 179s  py3.12
P6  [old.6]        180s  obj=5401754     Z1=351.0    Z2=4538   Z3=5257.0    feas=y   ran 179s  py3.12
P6  [new.6]        180s  obj=5345709     Z1=344.0    Z2=3430   Z3=5579.0    feas=y   ran 179s  py3.12
P7  [base.7]       180s  obj=759314      Z1=36.0     Z2=1718   Z3=1782.0    feas=y   ran 153s  py3.12
P7  [old.7]        180s  obj=730098      Z1=36.0     Z2=1980   Z3=1575.0    feas=y   ran 152s  py3.12
P7  [new.7]        180s  obj=730098      Z1=36.0     Z2=1980   Z3=1575.0    feas=y   ran 152s  py3.12
P8  [base.8]       180s  obj=130987      Z1=264.0    Z2=739    Z3=1568.0    feas=y   ran 152s  py3.12
P8  [old.8]        180s  obj=130987      Z1=264.0    Z2=739    Z3=1568.0    feas=y   ran 152s  py3.12
P8  [new.8]        180s  obj=130987      Z1=264.0    Z2=739    Z3=1568.0    feas=y   ran 152s  py3.12
P10 [base.10]      180s  obj=4098070     Z1=278.0    Z2=3274   Z3=1892.0    feas=y   ran 151s  py3.12
P10 [old.10]       180s  obj=4098070     Z1=278.0    Z2=3274   Z3=1892.0    feas=y   ran 151s  py3.12
P10 [new.10]       180s  obj=3902295     Z1=259.0    Z2=5062   Z3=2144.0    feas=y   ran 149s  py3.12
P11 [base.11]      180s  obj=7881177     Z1=456.0    Z2=6012   Z3=6679.0    feas=y   ran 179s  py3.12
P11 [old.11]       180s  obj=7789590     Z1=435.0    Z2=6603   Z3=7378.0    feas=y   ran 180s  py3.12
P11 [new.11]       180s  obj=7733236     Z1=424.0    Z2=7247   Z3=7709.0    feas=y   ran 179s  py3.12
P14 [base.14]      180s  obj=743803      Z1=1948.0   Z2=1456   Z3=3469.0    feas=y   ran 159s  py3.12
P14 [old.14]       180s  obj=762196      Z1=1981.0   Z2=1111   Z3=3756.0    feas=y   ran 167s  py3.12
P14 [new.14]       180s  obj=784974      Z1=1997.0   Z2=3711   Z3=4306.0    feas=y   ran 179s  py3.12
P16 [base.16]      180s  obj=3795465     Z1=191.0    Z2=1204   Z3=4981.0    feas=y   ran 179s  py3.12
P16 [old.16]       180s  obj=3795465     Z1=191.0    Z2=1204   Z3=4981.0    feas=y   ran 179s  py3.12
P16 [new.16]       180s  obj=3795465     Z1=191.0    Z2=1204   Z3=4981.0    feas=y   ran 179s  py3.12
P19 [base.19]      180s  obj=18984015    Z1=1251.0   Z2=1266   Z3=7673.0    feas=y   ran 157s  py3.12
P19 [old.19]       180s  obj=18984015    Z1=1251.0   Z2=1266   Z3=7673.0    feas=y   ran 157s  py3.12
P19 [new.19]       180s  obj=19433334    Z1=1284.0   Z2=3681   Z3=7688.0    feas=y   ran 157s  py3.12
P20 [base.20]      180s  obj=10504181    Z1=1387.0   Z2=1469   Z3=8302.0    feas=y   ran 156s  py3.12
P20 [old.20]       180s  obj=10660382    Z1=1404.0   Z2=1483   Z3=8587.0    feas=y   ran 157s  py3.12
P20 [new.20]       180s  obj=10808961    Z1=1425.0   Z2=2367   Z3=8597.0    feas=y   ran 179s  py3.12
P21 [base.21]      180s  obj=832523      Z1=7.0      Z2=8796   Z3=1804.0    feas=y   ran 146s  py3.12
P21 [old.21]       180s  obj=841641      Z1=5.0      Z2=8288   Z3=1896.0    feas=y   ran 150s  py3.12
P21 [new.21]       180s  obj=832523      Z1=7.0      Z2=8796   Z3=1804.0    feas=y   ran 146s  py3.12
P22 [base.22]      180s  obj=3853        Z1=0.0      Z2=493    Z3=112.0     feas=y   ran 179s  py3.12
P22 [old.22]       180s  obj=4773        Z1=4.0      Z2=507    Z3=97.0      feas=y   ran 179s  py3.12
P22 [new.22]       180s  obj=3757        Z1=0.0      Z2=517    Z3=108.0     feas=y   ran 179s  py3.12
P23 [base.23]      180s  obj=15729971    Z1=1892.0   Z2=3169   Z3=6213.0    feas=y   ran 180s  py3.12
P23 [old.23]       180s  obj=15739184    Z1=1905.0   Z2=3683   Z3=6055.0    feas=y   ran 179s  py3.12
P23 [new.23]       180s  obj=15596646    Z1=1824.0   Z2=8346   Z3=6822.0    feas=y   ran 180s  py3.12
P25 [base.25]      180s  obj=82722781    Z1=12231.0  Z2=676    Z3=5880.0    feas=y   ran 179s  py3.12
P25 [old.25]       180s  obj=83395355    Z1=12333.0  Z2=6211   Z3=5732.0    feas=y   ran 174s  py3.12
P25 [new.25]       180s  obj=83507258    Z1=12310.0  Z2=622    Z3=7170.0    feas=y   ran 179s  py3.12
P28 [base.28]      180s  obj=15818669    Z1=1101.0   Z2=2585   Z3=8467.0    feas=y   ran 180s  py3.12
P28 [old.28]       180s  obj=15552571    Z1=1081.0   Z2=4719   Z3=8391.0    feas=y   ran 180s  py3.12
P28 [new.28]       180s  obj=15818669    Z1=1101.0   Z2=2585   Z3=8467.0    feas=y   ran 179s  py3.12
P29 [base.29]      180s  obj=228965      Z1=277.0    Z2=2978   Z3=2937.0    feas=y   ran 179s  py3.12
P29 [old.29]       180s  obj=232360      Z1=279.0    Z2=1780   Z3=3186.0    feas=y   ran 159s  py3.12
P29 [new.29]       180s  obj=233632      Z1=282.0    Z2=1785   Z3=3127.0    feas=y   ran 180s  py3.12
P30 [base.30]      180s  obj=2151537     Z1=138.0    Z2=1993   Z3=2397.0    feas=y   ran 179s  py3.12
P30 [old.30]       180s  obj=2151537     Z1=138.0    Z2=1993   Z3=2397.0    feas=y   ran 179s  py3.12
P30 [new.30]       180s  obj=2119514     Z1=137.0    Z2=3003   Z3=2199.0    feas=y   ran 159s  py3.12
P31 [base.31]      180s  obj=4033396     Z1=538.0    Z2=1800   Z3=2857.0    feas=y   ran 180s  py3.12
P31 [old.31]       180s  obj=4185270     Z1=570.0    Z2=903    Z3=2507.0    feas=y   ran 181s  py3.12
P31 [new.31]       180s  obj=3992157     Z1=531.0    Z2=2088   Z3=2874.0    feas=y   ran 179s  py3.12
P32 [base.32]      180s  obj=703294      Z1=996.0    Z2=1262   Z3=2900.0    feas=y   ran 162s  py3.12
P32 [old.32]       180s  obj=704020      Z1=993.0    Z2=1532   Z3=3089.0    feas=y   ran 171s  py3.12
P32 [new.32]       180s  obj=707726      Z1=1002.0   Z2=1835   Z3=2889.0    feas=y   ran 180s  py3.12
P33 [base.33]      180s  obj=1230572     Z1=128.0    Z2=844    Z3=1848.0    feas=y   ran 149s  py3.12
P33 [old.33]       180s  obj=1340735     Z1=148.0    Z2=491    Z3=1748.0    feas=y   ran 151s  py3.12
P33 [new.33]       180s  obj=1230572     Z1=128.0    Z2=844    Z3=1848.0    feas=y   ran 149s  py3.12
P34 [base.34]      180s  obj=243851      Z1=3.0      Z2=3767   Z3=1450.0    feas=y   ran 179s  py3.12
P34 [old.34]       180s  obj=248516      Z1=0.0      Z2=3086   Z3=1840.0    feas=y   ran 179s  py3.12
P34 [new.34]       180s  obj=241036      Z1=2.0      Z2=3145   Z3=1564.0    feas=y   ran 179s  py3.12
P35 [base.35]      180s  obj=252715      Z1=510.0    Z2=778    Z3=3041.0    feas=y   ran 180s  py3.12
P35 [old.35]       180s  obj=211725      Z1=376.0    Z2=1008   Z3=3167.0    feas=y   ran 180s  py3.12
P35 [new.35]       180s  obj=242133      Z1=510.0    Z2=1806   Z3=2611.0    feas=y   ran 179s  py3.12
P37 [base.37]      180s  obj=18560367    Z1=2705.0   Z2=948    Z3=2588.0    feas=y   ran 153s  py3.12
P37 [old.37]       180s  obj=18707903    Z1=2706.0   Z2=1089   Z3=3286.0    feas=y   ran 179s  py3.12
P37 [new.37]       180s  obj=17506712    Z1=2529.0   Z2=741    Z3=3196.0    feas=y   ran 163s  py3.12
P38 [base.38]      180s  obj=9072380     Z1=535.0    Z2=2151   Z3=6786.0    feas=y   ran 179s  py3.12
P38 [old.38]       180s  obj=9345952     Z1=563.0    Z2=4349   Z3=6364.0    feas=y   ran 179s  py3.12
P38 [new.38]       180s  obj=9897475     Z1=611.0    Z2=3286   Z3=6004.0    feas=y   ran 180s  py3.12
P39 [base.39]      180s  obj=59918554    Z1=4366.0   Z2=1338   Z3=4260.0    feas=y   ran 148s  py3.12
P39 [old.39]       180s  obj=60113014    Z1=4382.0   Z2=2304   Z3=4208.0    feas=y   ran 156s  py3.12
P39 [new.39]       180s  obj=59538345    Z1=4333.0   Z2=1628   Z3=4408.0    feas=y   ran 153s  py3.12
NIGHTWINWDONE 02:12
