# [b60.r1.p1.w4]
WSTAT round=0 n=4 806160 671556 873724 689339  spread=30.10%
P1  [b60.r1.p1.w4]    60s  obj=671556      Z1=33.0     Z2=6315   Z3=721.0     feas=y   ran 43s  py3.12
# [b60.r1.p1.w3]
WSTAT round=0 n=3 883709 788145 821672  spread=12.13%
P1  [b60.r1.p1.w3]    60s  obj=788145      Z1=24.0     Z2=4979   Z3=1022.0    feas=y   ran 43s  py3.12
# [b60.r1.p16.w4]
WSTAT round=0 n=4 3681850 3862696 4577219 4438419  spread=24.32%
P16 [b60.r1.p16.w4]    60s  obj=3670421     Z1=194.0    Z2=773    Z3=4326.0    feas=y   ran 52s  py3.12
# [b60.r1.p16.w3]
WSTAT round=0 n=3 3656106 3379142 4573867  spread=35.36%
P16 [b60.r1.p16.w3]    60s  obj=3379142     Z1=172.0    Z2=1872   Z3=4321.0    feas=y   ran 48s  py3.12
# [b60.r2.p1.w4]
WSTAT round=0 n=4 806160 843776 892452 812291  spread=10.70%
P1  [b60.r2.p1.w4]    60s  obj=806160      Z1=24.0     Z2=6784   Z3=1043.0    feas=y   ran 42s  py3.12
# [b60.r2.p1.w3]
WSTAT round=0 n=3 701789 801801 856523  spread=22.05%
P1  [b60.r2.p1.w3]    60s  obj=701789      Z1=29.0     Z2=4682   Z3=824.0     feas=y   ran 43s  py3.12
# [b60.r2.p16.w4]
WSTAT round=0 n=4 4225783 3848784 4603186 4413229  spread=19.60%
P16 [b60.r2.p16.w4]    60s  obj=3848784     Z1=205.0    Z2=1173   Z3=4448.0    feas=y   ran 45s  py3.12
# [b60.r2.p16.w3]
WSTAT round=0 n=3 4077870 3379142 4639821  spread=37.31%
P16 [b60.r2.p16.w3]    60s  obj=3379142     Z1=172.0    Z2=1872   Z3=4321.0    feas=y   ran 48s  py3.12
# [b60.r3.p1.w4]
WSTAT round=0 n=4 806160 756382 892452 732350  spread=21.86%
P1  [b60.r3.p1.w4]    60s  obj=732350      Z1=35.0     Z2=4335   Z3=810.0     feas=y   ran 41s  py3.12
# [b60.r3.p1.w3]
