# [op.p22] peak_util=0.68
  opstat  op      tried   seconds %budget         gain     gain/s
  opstat  beam        6      13.2   35.7%     33123775  2507528.4
  opstat  grow        2       6.3   16.9%         7112     1137.3
  opstat  bal         1       0.1    0.2%          526     6323.3
  opstat  pref        2       6.1   16.5%            0        0.0
  opstat  bay         1       6.0   16.1%            0        0.0
  opstat  brk         1       4.9   13.2%            0        0.0
  opstat  TOTAL      13      36.5   98.6%                        
  opstat  op      tried   seconds %budget         gain     gain/s
  opstat  beam        3       9.8   26.4%     33128597  3394441.4
  opstat  grow        1       4.4   11.8%            0        0.0
  opstat  bal         2       0.0    0.0%           36     3073.2
  opstat  pref        2       4.7   12.8%         3061      648.2
  opstat  bay         2       8.6   23.2%         6602      769.2
  opstat  brk         1       9.2   25.0%            0        0.0
  opstat  TOTAL      11      36.7   99.2%                        
  opstat  op      tried   seconds %budget         gain     gain/s
  opstat  beam        6      13.4   36.1%     33127906  2479797.3
  opstat  grow        1       3.2    8.6%           25        7.9
  opstat  bal         2       0.1    0.2%          294     4311.5
  opstat  pref        3       9.9   26.8%         4710      474.7
  opstat  bay         1       5.3   14.4%          656      123.1
  opstat  brk         1       4.5   12.2%            0        0.0
  opstat  TOTAL      14      36.4   98.2%                        
  opstat  op      tried   seconds %budget         gain     gain/s
  opstat  beam        3       9.6   25.9%     33126927  3449301.5
  opstat  grow        1       4.3   11.6%            0        0.0
  opstat  bal         2       0.0    0.0%          101     8251.0
  opstat  pref        2       6.9   18.7%         8898     1281.5
  opstat  bay         1       4.8   13.0%          250       51.9
  opstat  brk         1      10.9   29.5%         4656      425.6
  opstat  TOTAL      10      36.6   98.7%                        
P22 [op.p22]        60s  obj=4607        Z1=1.0      Z2=1268   Z3=100.0     feas=y   ran 43s  py3.12
