# [r1.base.20]
WSTAT round=0 n=4 11165881 9213031 11624394 9162795  spread=26.87%
P20 [r1.base.20]    60s  obj=9162795     Z1=1169.0   Z2=2984   Z3=8968.0    feas=y   ran 59s  py3.12
# [r1.edd.20]
WSTAT round=0 n=4 13356313 9548166 12962223 9425373  spread=41.71%
P20 [r1.edd.20]     60s  obj=9425373     Z1=1215.0   Z2=1596   Z3=8748.0    feas=y   ran 59s  py3.12
# [r1.lst.20]
WSTAT round=0 n=4 11563353 9213031 12493321 9203794  spread=35.74%
P20 [r1.lst.20]     60s  obj=9203794     Z1=1152.0   Z2=1895   Z3=10055.0   feas=y   ran 59s  py3.12
# [r1.rank.20]
WSTAT round=0 n=4 12910190 10596262 13988864 10602492  spread=32.02%
P20 [r1.rank.20]    60s  obj=10596262    Z1=1384.0   Z2=3423   Z3=8945.0    feas=y   ran 59s  py3.12
# [r1.cohort.20]
WSTAT round=0 n=4 11825814 9568720 11447451 9582359  spread=23.59%
P20 [r1.cohort.20]    60s  obj=9568720     Z1=1216.0   Z2=3906   Z3=9536.0    feas=y   ran 59s  py3.12
# [r1.sac3.20]
WSTAT round=0 n=4 13009430 10132310 13988864 10149807  spread=38.06%
P20 [r1.sac3.20]    60s  obj=10132310    Z1=1312.0   Z2=1907   Z3=9133.0    feas=y   ran 59s  py3.12
# [r1.base.16]
WSTAT round=0 n=4 4420212 3516583 4747707 4887283  spread=38.98%
P16 [r1.base.16]    60s  obj=3513968     Z1=173.0    Z2=1203   Z3=4815.0    feas=y   ran 59s  py3.12
# [r1.edd.16]
WSTAT round=0 n=4 4215000 4076330 4848715 4335370  spread=18.95%
P16 [r1.edd.16]     60s  obj=4038368     Z1=224.0    Z2=2342   Z3=4179.0    feas=y   ran 59s  py3.12
# [r1.lst.16]
WSTAT round=0 n=4 3472190 3539316 4332824 3508583  spread=24.79%
P16 [r1.lst.16]     60s  obj=3472190     Z1=174.0    Z2=1416   Z3=4592.0    feas=y   ran 59s  py3.12
# [r1.rank.16]
WSTAT round=0 n=4 4268908 3650220 4722470 3602789  spread=31.08%
P16 [r1.rank.16]    60s  obj=3602289     Z1=181.0    Z2=1172   Z3=4742.0    feas=y   ran 59s  py3.12
# [r1.cohort.16]
WSTAT round=0 n=4 3926150 3836085 4112528 3877895  spread=7.21%
P16 [r1.cohort.16]    60s  obj=3835251     Z1=214.0    Z2=3663   Z3=3884.0    feas=y   ran 59s  py3.12
