# [r1.p1.ax0]
DRAW wid=1 gen=1 axis=0 ask=31.0 took=11.4 obj=911650
DRAW wid=3 gen=1 axis=0 ask=31.0 took=12.2 obj=911650
DRAW wid=2 gen=1 axis=0 ask=31.0 took=17.1 obj=731481
DRAW wid=0 gen=1 axis=0 ask=31.0 took=18.2 obj=779586
DRAW wid=1 gen=3 axis=0 ask=31.0 took=6.2 obj=1003521
DRAW wid=1 gen=4 axis=0 ask=31.0 took=7.3 obj=988080
DRAW wid=0 gen=3 axis=0 ask=31.0 took=11.8 obj=792344
DRAW wid=1 gen=5 axis=0 ask=31.0 took=6.3 obj=1087041
DRAW wid=3 gen=3 axis=0 ask=31.0 took=7.7 obj=872225
DRAW wid=0 gen=4 axis=0 ask=31.0 took=14.0 obj=687209
DRAW wid=3 gen=4 axis=0 ask=30.8 took=8.6 obj=911650
DRAW wid=2 gen=3 axis=0 ask=31.0 took=16.1 obj=709618
DRAW wid=1 gen=7 axis=0 ask=23.2 took=8.3 obj=935358
DRAW wid=3 gen=5 axis=0 ask=22.2 took=9.0 obj=935358
DRAW wid=0 gen=5 axis=0 ask=23.3 took=11.1 obj=754311
DRAW wid=2 gen=4 axis=0 ask=16.4 took=8.5 obj=755612
DRAW wid=1 gen=8 axis=0 ask=14.9 took=7.2 obj=1081347
DRAW wid=0 gen=6 axis=0 ask=12.2 took=6.4 obj=926720
DRAW wid=3 gen=6 axis=0 ask=13.1 took=8.2 obj=1081347
DRAW wid=1 gen=9 axis=0 ask=7.7 took=5.4 obj=989836
DRAW wid=2 gen=5 axis=0 ask=7.9 took=5.8 obj=1114193
DRAW wid=3 gen=7 axis=0 ask=4.9 took=4.6 obj=985078
DRAW wid=0 gen=7 axis=0 ask=5.3 took=5.1 obj=1068275
WSTAT round=0 n=4 668402 822647 630785 822647  spread=30.42%
PARFILL round=1 parity=even even=630785 odd=822647 wids=[16, 18, 20, 22]
DRAW wid=18 gen=1 axis=0 ask=14.2 took=8.7 obj=1123203
DRAW wid=20 gen=1 axis=0 ask=14.2 took=8.7 obj=1123203
DRAW wid=16 gen=1 axis=0 ask=14.2 took=8.8 obj=1123203
DRAW wid=22 gen=1 axis=0 ask=14.2 took=8.8 obj=1123203
DRAW wid=22 gen=3 axis=0 ask=14.2 took=5.9 obj=1102213
DRAW wid=16 gen=3 axis=0 ask=14.2 took=6.0 obj=1340252
DRAW wid=18 gen=3 axis=0 ask=13.1 took=5.7 obj=1316392
DRAW wid=22 gen=4 axis=0 ask=10.2 took=4.4 obj=936201
DRAW wid=16 gen=4 axis=0 ask=8.6 took=4.1 obj=930280
DRAW wid=18 gen=4 axis=0 ask=7.5 took=3.7 obj=968223
DRAW wid=16 gen=5 axis=0 ask=4.6 took=3.5 obj=827046
FILL round=1 budget=71 moved=0 best=630785
P1  [r1.p1.ax0]    240s  obj=630785      Z1=23.0     Z2=2748   Z3=782.0     feas=y   ran 236s  py3.12
# [r1.p1.ax1]
DRAW wid=1 gen=1 axis=1 ask=31.0 took=8.6 obj=1083427
DRAW wid=3 gen=1 axis=1 ask=31.0 took=8.6 obj=1083427
DRAW wid=2 gen=1 axis=0 ask=31.0 took=16.1 obj=598822
DRAW wid=0 gen=1 axis=0 ask=31.0 took=16.2 obj=576367
DRAW wid=1 gen=3 axis=1 ask=31.0 took=4.1 obj=863523
DRAW wid=1 gen=4 axis=1 ask=31.0 took=5.2 obj=863523
DRAW wid=1 gen=5 axis=1 ask=31.0 took=5.6 obj=981373
DRAW wid=2 gen=3 axis=0 ask=31.0 took=17.2 obj=576367
DRAW wid=3 gen=3 axis=1 ask=31.0 took=8.9 obj=1083427
DRAW wid=1 gen=7 axis=1 ask=31.0 took=8.7 obj=873747
DRAW wid=0 gen=3 axis=0 ask=31.0 took=16.3 obj=576367
DRAW wid=2 gen=4 axis=0 ask=31.0 took=9.8 obj=691435
DRAW wid=3 gen=4 axis=1 ask=27.6 took=7.8 obj=1083427
DRAW wid=1 gen=8 axis=1 ask=26.3 took=7.4 obj=1083427
DRAW wid=2 gen=5 axis=0 ask=23.1 took=6.8 obj=957509
DRAW wid=0 gen=4 axis=0 ask=25.9 took=13.2 obj=576367
DRAW wid=3 gen=5 axis=1 ask=19.7 took=7.6 obj=965133
DRAW wid=2 gen=6 axis=0 ask=16.4 took=6.2 obj=947912
DRAW wid=1 gen=9 axis=1 ask=15.9 took=7.8 obj=863286
DRAW wid=0 gen=5 axis=0 ask=12.7 took=6.2 obj=842540
DRAW wid=3 gen=6 axis=1 ask=12.1 took=6.1 obj=874125
DRAW wid=2 gen=7 axis=0 ask=10.2 took=5.7 obj=1175303
DRAW wid=1 gen=10 axis=1 ask=8.1 took=5.2 obj=874125
DRAW wid=3 gen=7 axis=1 ask=6.0 took=4.2 obj=874125
DRAW wid=0 gen=6 axis=0 ask=6.5 took=4.8 obj=1044172
DRAW wid=2 gen=8 axis=0 ask=4.5 took=3.8 obj=941001
WSTAT round=0 n=4 469427 803407 486096 734994  spread=71.15%
PARFILL round=1 parity=even even=469427 odd=734994 wids=[16, 18, 20, 22]
DRAW wid=20 gen=1 axis=0 ask=14.8 took=8.8 obj=957509
DRAW wid=18 gen=1 axis=0 ask=14.8 took=8.9 obj=957509
DRAW wid=16 gen=1 axis=0 ask=14.8 took=8.9 obj=957509
DRAW wid=22 gen=1 axis=0 ask=14.8 took=9.0 obj=957509
DRAW wid=16 gen=3 axis=0 ask=14.8 took=5.6 obj=884456
DRAW wid=22 gen=3 axis=0 ask=14.8 took=5.7 obj=909229
DRAW wid=16 gen=4 axis=0 ask=14.8 took=4.2 obj=938235
DRAW wid=22 gen=4 axis=0 ask=14.8 took=4.6 obj=968415
DRAW wid=16 gen=5 axis=0 ask=14.8 took=4.1 obj=968415
DRAW wid=18 gen=3 axis=0 ask=14.8 took=4.0 obj=922245
DRAW wid=16 gen=6 axis=0 ask=14.8 took=4.7 obj=945911
DRAW wid=18 gen=4 axis=0 ask=14.0 took=5.0 obj=985054
DRAW wid=16 gen=7 axis=0 ask=11.9 took=4.0 obj=941001
DRAW wid=18 gen=5 axis=0 ask=9.0 took=3.8 obj=945911
DRAW wid=16 gen=8 axis=0 ask=7.9 took=3.5 obj=904933
DRAW wid=22 gen=5 axis=0 ask=7.1 took=3.4 obj=941001
DRAW wid=18 gen=6 axis=0 ask=5.2 took=3.2 obj=922167
FILL round=1 budget=74 moved=0 best=469427
P1  [r1.p1.ax1]    240s  obj=469427      Z1=8.0      Z2=2497   Z3=681.0     feas=y   ran 234s  py3.12
# [r1.p1.ax2]
DRAW wid=3 gen=1 axis=2 ask=31.0 took=8.2 obj=895370
DRAW wid=1 gen=1 axis=2 ask=31.0 took=8.5 obj=895370
DRAW wid=0 gen=1 axis=0 ask=31.0 took=16.1 obj=587906
DRAW wid=2 gen=1 axis=0 ask=31.0 took=16.2 obj=587906
DRAW wid=3 gen=3 axis=2 ask=31.0 took=4.2 obj=838293
DRAW wid=3 gen=4 axis=2 ask=31.0 took=4.3 obj=955831
DRAW wid=3 gen=5 axis=2 ask=31.0 took=8.0 obj=969073
DRAW wid=3 gen=6 axis=2 ask=31.0 took=8.0 obj=1042030
DRAW wid=0 gen=3 axis=0 ask=31.0 took=16.5 obj=595333
DRAW wid=2 gen=3 axis=0 ask=31.0 took=16.4 obj=587906
DRAW wid=1 gen=3 axis=2 ask=31.0 took=8.5 obj=1042030
DRAW wid=3 gen=7 axis=2 ask=31.0 took=8.7 obj=912336
DRAW wid=1 gen=4 axis=2 ask=29.6 took=8.4 obj=885578
DRAW wid=2 gen=4 axis=0 ask=30.9 took=16.0 obj=587906
DRAW wid=3 gen=8 axis=2 ask=23.3 took=8.8 obj=963843
DRAW wid=0 gen=4 axis=0 ask=31.0 took=16.8 obj=587906
DRAW wid=1 gen=5 axis=2 ask=21.2 took=7.3 obj=903573
DRAW wid=0 gen=5 axis=0 ask=14.2 took=8.3 obj=1012025
DRAW wid=3 gen=9 axis=2 ask=14.5 took=10.6 obj=866404
DRAW wid=2 gen=5 axis=0 ask=14.9 took=11.1 obj=988968
DRAW wid=0 gen=6 axis=0 ask=5.9 took=6.4 obj=987316
DRAW wid=1 gen=7 axis=2 ask=5.8 took=6.4 obj=781046
WSTAT round=0 n=4 516577 693359 515465 710613  spread=37.86%
PARFILL round=1 parity=even even=515465 odd=693359 wids=[16, 18, 20, 22]
DRAW wid=18 gen=1 axis=0 ask=14.5 took=8.7 obj=964403
DRAW wid=22 gen=1 axis=0 ask=14.5 took=8.8 obj=964403
DRAW wid=16 gen=1 axis=0 ask=14.5 took=8.8 obj=765967
DRAW wid=20 gen=1 axis=0 ask=14.5 took=9.3 obj=945023
DRAW wid=16 gen=3 axis=0 ask=14.5 took=5.5 obj=966127
DRAW wid=18 gen=3 axis=0 ask=14.5 took=5.8 obj=966127
DRAW wid=22 gen=3 axis=0 ask=14.5 took=6.2 obj=768775
DRAW wid=18 gen=4 axis=0 ask=11.4 took=4.2 obj=862996
DRAW wid=16 gen=4 axis=0 ask=11.4 took=4.4 obj=987316
DRAW wid=22 gen=4 axis=0 ask=10.0 took=4.1 obj=864293
DRAW wid=18 gen=5 axis=0 ask=7.1 took=3.5 obj=886482
DRAW wid=16 gen=5 axis=0 ask=7.0 took=3.7 obj=945253
FILL round=1 budget=72 moved=0 best=515465
P1  [r1.p1.ax2]    240s  obj=515465      Z1=17.0     Z2=4242   Z3=649.0     feas=y   ran 234s  py3.12
