# [ctl]
P1  [ctl]           60s  obj=492458      Z1=2.0      Z2=2708   Z3=785.0     feas=y   ran 36s  py3.12
# [bcap137]
P1  [bcap137]       60s  obj=492458      Z1=2.0      Z2=2708   Z3=785.0     feas=y   ran 34s  py3.12
# [bcap192]
P1  [bcap192]       60s  obj=492458      Z1=2.0      Z2=2708   Z3=785.0     feas=y   ran 33s  py3.12
# [bcap256]
P1  [bcap256]       60s  obj=492458      Z1=2.0      Z2=2708   Z3=785.0     feas=y   ran 33s  py3.12
# [bcap64]
P1  [bcap64]        60s  obj=492458      Z1=2.0      Z2=2708   Z3=785.0     feas=y   ran 33s  py3.12
# [prefsearch]
P1  [prefsearch]    60s  obj=492458      Z1=2.0      Z2=2708   Z3=785.0     feas=y   ran 33s  py3.12
# [finefrac85]
P1  [finefrac85]    60s  obj=492458      Z1=2.0      Z2=2708   Z3=785.0     feas=y   ran 33s  py3.12
# [finefrac40]
P1  [finefrac40]    60s  obj=492458      Z1=2.0      Z2=2708   Z3=785.0     feas=y   ran 33s  py3.12
# [z1op]
P1  [z1op]          60s  obj=492458      Z1=2.0      Z2=2708   Z3=785.0     feas=y   ran 33s  py3.12
# [bmul_all15]
P1  [bmul_all15]    60s  obj=492458      Z1=2.0      Z2=2708   Z3=785.0     feas=y   ran 33s  py3.12
# [bcap192_pref]
P1  [bcap192_pref]    60s  obj=492458      Z1=2.0      Z2=2708   Z3=785.0     feas=y   ran 34s  py3.12
