# [r1.base]
WSTAT round=0 n=4 612635 689851 470530 738538  spread=56.96%
P1  [r1.base]      240s  obj=470530      Z1=19.0     Z2=7419   Z3=536.0     feas=y   ran 200s  py3.12
# [r1.dir]
WSTAT round=0 n=4 612635 791945 544247 693845  spread=45.51%
P1  [r1.dir]       240s  obj=544247      Z1=23.0     Z2=7502   Z3=614.0     feas=y   ran 236s  py3.12
# [r2.base]
WSTAT round=0 n=4 612635 704888 537482 738497  spread=37.40%
P1  [r2.base]      240s  obj=537482      Z1=20.0     Z2=3314   Z3=657.0     feas=y   ran 201s  py3.12
# [r2.dir]
WSTAT round=0 n=4 542500 739970 544247 623321  spread=36.40%
P1  [r2.dir]       240s  obj=542500      Z1=22.0     Z2=7542   Z3=622.0     feas=y   ran 201s  py3.12
# [r3.base]
# [r1.dir2]
WSTAT round=0 n=4 472330 692156 457938 689851  spread=51.15%
P1  [r1.dir2]      240s  obj=457938      Z1=15.0     Z2=7311   Z3=560.0     feas=y   ran 202s  py3.12
# [r2.dir2]
# [r2.dir2]
WSTAT round=0 n=4 507136 596780 439374 689851  spread=57.01%
P1  [r2.dir2]      240s  obj=439374      Z1=12.0     Z2=3990   Z3=579.0     feas=y   ran 200s  py3.12
# [r3.base]
WSTAT round=0 n=4 537698 790073 544247 787370  spread=46.94%
P1  [r3.base]      240s  obj=537698      Z1=20.0     Z2=3386   Z3=657.0     feas=y   ran 201s  py3.12
