# [w3.r1]
WSTAT round=0 n=3 469427 646967 428809  spread=50.88%
PARFILL round=1 parity=even even=428809 odd=646967 wids=[12, 14, 16]
FILL round=1 budget=74 moved=0 best=428809
P1  [w3.r1]        240s  obj=428809      Z1=22.0     Z2=5045   Z3=445.0     feas=y   ran 233s  py3.12
# [w3.r2]
WSTAT round=0 n=3 492458 731979 437484  spread=67.32%
PARFILL round=1 parity=even even=437484 odd=731979 wids=[12, 14, 16]
FILL round=1 budget=74 moved=0 best=437484
P1  [w3.r2]        240s  obj=437484      Z1=15.0     Z2=4293   Z3=541.0     feas=y   ran 234s  py3.12
# [w3.r3]
WSTAT round=0 n=3 469427 619234 464757  spread=33.24%
PARFILL round=1 parity=even even=464757 odd=619234 wids=[12, 14, 16]
FILL round=1 budget=71 moved=0 best=464757
P1  [w3.r3]        240s  obj=464757      Z1=9.0      Z2=3518   Z3=657.0     feas=y   ran 236s  py3.12
# [w3.r4]
WSTAT round=0 n=3 487067 635533 428809  spread=48.21%
PARFILL round=1 parity=even even=428809 odd=635533 wids=[12, 14, 16]
FILL round=1 budget=74 moved=0 best=428809
P1  [w3.r4]        240s  obj=428809      Z1=22.0     Z2=5045   Z3=445.0     feas=y   ran 237s  py3.12
# [w3.r5]
WSTAT round=0 n=3 487067 652268 437484  spread=49.10%
PARFILL round=1 parity=even even=437484 odd=652268 wids=[12, 14, 16]
FILL round=1 budget=74 moved=0 best=437484
P1  [w3.r5]        240s  obj=437484      Z1=15.0     Z2=4293   Z3=541.0     feas=y   ran 233s  py3.12
# [w3.r6]
