P1   p1.ax0.w1500 work=1500      B=96   K=4 axis=0  obj=1569183      feas=y    11.5s  digest=3c884ca8a7aef834
P1   p1.ax1.w1500 work=1500      B=96   K=4 axis=1  obj=1323041      feas=y    11.6s  digest=89db34b8dbfdfe48
P1   p1.ax2.w1500 work=1500      B=67   K=5 axis=2  obj=686238       feas=y     8.2s  digest=117df0a25a57b280
P1   p1.ax3.w1500 work=1500      B=67   K=5 axis=3  obj=823207       feas=y     9.5s  digest=7214a96f1854f5b9
P1   p1.ax4.w1500 work=1500      B=96   K=3 axis=4  obj=1487811      feas=y    11.1s  digest=40691b913da130a2
P1   p1.ax5.w1500 work=1500      B=48   K=6 axis=5  obj=1628890      feas=y     9.8s  digest=671fed073afa2e14
P1   p1.ax0.w3000 work=3000      B=96   K=4 axis=0  obj=1174681      feas=y    22.5s  digest=70a2b32ad25991a0
P1   p1.ax1.w3000 work=3000      B=96   K=4 axis=1  obj=1323041      feas=y    22.4s  digest=89db34b8dbfdfe48
P1   p1.ax2.w3000 work=3000      B=67   K=5 axis=2  obj=684687       feas=y    15.3s  digest=34e5f49cfcb0d2e4
P1   p1.ax3.w3000 work=3000      B=67   K=5 axis=3  obj=737578       feas=y    18.5s  digest=35dc269622b01ecb
P1   p1.ax4.w3000 work=3000      B=96   K=3 axis=4  obj=1403609      feas=y    21.9s  digest=4f1d36e87db85438
P1   p1.ax5.w3000 work=3000      B=48   K=6 axis=5  obj=1350271      feas=y    19.4s  digest=5852a9ad20da29d7
P1   p1.ax0.w6000 work=6000      B=96   K=4 axis=0  obj=1243617      feas=y    44.0s  digest=463c78559dac8b01
P1   p1.ax1.w6000 work=6000      B=96   K=4 axis=1  obj=1323041      feas=y    44.5s  digest=89db34b8dbfdfe48
P1   p1.ax2.w6000 work=6000      B=67   K=5 axis=2  obj=573634       feas=y    32.2s  digest=9b75b13f9c411ae4
P1   p1.ax3.w6000 work=6000      B=67   K=5 axis=3  obj=727038       feas=y    37.3s  digest=e48020862e07c48e
P1   p1.ax4.w6000 work=6000      B=96   K=3 axis=4  obj=1280565      feas=y    44.2s  digest=c921932ee5668f62
P1   p1.ax5.w6000 work=6000      B=48   K=6 axis=5  obj=1464281      feas=y    40.5s  digest=4ec118b21ad7d5d0
P1   p1.ax0.w12000 work=12000     B=96   K=4 axis=0  obj=1121887      feas=y    89.3s  digest=8b13a7bee0b2e644
P1   p1.ax1.w12000 work=12000     B=96   K=4 axis=1  obj=1323041      feas=y    91.9s  digest=89db34b8dbfdfe48
P1   p1.ax2.w12000 work=12000     B=67   K=5 axis=2  obj=522683       feas=y    51.1s  digest=b2dae1698fa82ddf
P1   p1.ax3.w12000 work=12000     B=67   K=5 axis=3  obj=678761       feas=y    59.6s  digest=45250c36ba686827
P1   p1.ax4.w12000 work=12000     B=96   K=3 axis=4  obj=1252977      feas=y    89.2s  digest=365031558ceedd7d
