# [r1.adapt.24]
# [r1.adapt.24]
WSTAT round=0 n=4 2809182 2854614 2887982 2957726  spread=5.29%
P24 [r1.adapt.24]   240s  obj=2809182     Z1=656.0    Z2=2562   Z3=1008.0    feas=y   ran 206s  py3.12
# [r1.pinned.24]
WSTAT round=0 n=4 3151247 2753963 3078895 2631837  spread=19.74%
P24 [r1.pinned.24]   240s  obj=2631837     Z1=538.0    Z2=2469   Z3=1369.0    feas=y   ran 208s  py3.12
# [r1.det.24]
WSTAT round=0 n=4 3193831 2753963 3135200 2631837  spread=21.35%
P24 [r1.det.24]    240s  obj=2631837     Z1=538.0    Z2=2469   Z3=1369.0    feas=y   ran 209s  py3.12
# [r1.adapt.20]
WSTAT round=0 n=4 11435975 9086103 11150762 9723448  spread=25.86%
P20 [r1.adapt.20]   240s  obj=9086103     Z1=1157.0   Z2=1898   Z3=9048.0    feas=y   ran 234s  py3.12
# [r1.pinned.20]
WSTAT round=0 n=4 9159932 9023076 9848620 9162795  spread=9.15%
P20 [r1.pinned.20]   240s  obj=9023076     Z1=1144.0   Z2=2416   Z3=9178.0    feas=y   ran 239s  py3.12
# [r1.det.20]
WSTAT round=0 n=4 9508742 8862263 9723448 8924573  spread=9.72%
P20 [r1.det.20]    240s  obj=8854193     Z1=1123.0   Z2=3419   Z3=8932.0    feas=y   ran 228s  py3.12
# [r1.adapt.6]
WSTAT round=0 n=4 5092649 5695271 5446764 5293546  spread=11.83%
P6  [r1.adapt.6]   240s  obj=5092649     Z1=325.0    Z2=3909   Z3=5563.0    feas=y   ran 239s  py3.12
# [r1.pinned.6]
WSTAT round=0 n=4 5393279 5619980 5649837 5393511  spread=4.76%
P6  [r1.pinned.6]   240s  obj=5393279     Z1=348.0    Z2=4379   Z3=5500.0    feas=y   ran 219s  py3.12
# [r1.det.6]
WSTAT round=0 n=4 5264256 5587118 5649837 5393511  spread=7.32%
P6  [r1.det.6]     240s  obj=5264256     Z1=339.0    Z2=5154   Z3=5403.0    feas=y   ran 239s  py3.12
REPDONE 1
# [r2.adapt.24]
