# [p1R2.16.60]
WSTAT round=0 n=4 4603945 2796522 4878553 4193718  spread=74.45%
WSTAT round=1 n=4 5308814 4832459 4490357 2796522  spread=89.84%
P16 [p1R2.16.60]    60s  obj=2796522     Z1=128.0    Z2=1966   Z3=4336.0    feas=y   ran 59s  py3.12
# [p0R2.16.60]
WSTAT round=0 n=4 4675277 3520718 4392731 4887283  spread=38.81%
WSTAT round=1 n=4 5318369 4972924 4603945 3849653  spread=38.15%
P16 [p0R2.16.60]    60s  obj=3520718     Z1=173.0    Z2=1203   Z3=4842.0    feas=y   ran 56s  py3.12
# [p1R1.16.60]
WSTAT round=0 n=4 4377231 3516583 4764608 4442974  spread=35.49%
P16 [p1R1.16.60]    60s  obj=3513968     Z1=173.0    Z2=1203   Z3=4815.0    feas=y   ran 59s  py3.12
# [p0R1.16.60]
WSTAT round=0 n=4 4386877 3472568 5153776 4482290  spread=48.41%
P16 [p0R1.16.60]    60s  obj=3472568     Z1=185.0    Z2=2321   Z3=3996.0    feas=y   ran 60s  py3.12
# [r1.p1.16.240]
WSTAT round=0 n=4 4593105 3286759 3888003 3985669  spread=39.75%
P16 [r1.p1.16.240]   240s  obj=3286759     Z1=158.0    Z2=1965   Z3=4697.0    feas=y   ran 239s  py3.12
# [r1.p0.16.240]
WSTAT round=0 n=4 4428722 3626598 3815649 3557431  spread=24.49%
P16 [r1.p0.16.240]   240s  obj=3557431     Z1=173.0    Z2=1024   Z3=4991.0    feas=y   ran 240s  py3.12
# [r1.p1.4.240]
WSTAT round=0 n=4 2763198 3028780 2615319 3097140  spread=18.42%
P4  [r1.p1.4.240]   240s  obj=2615319     Z1=364.0    Z2=1236   Z3=2619.0    feas=y   ran 222s  py3.12
# [r1.p0.4.240]
WSTAT round=0 n=3 2800387 2914840 2737344 -  spread=6.48%
P4  [r1.p0.4.240]   240s  obj=2737344     Z1=363.0    Z2=1683   Z3=2850.0    feas=y   ran 240s  py3.12
# [r1.p1.20.240]
WSTAT round=0 n=4 11208688 8862263 11563607 9619900  spread=30.48%
P20 [r1.p1.20.240]   240s  obj=8854193     Z1=1123.0   Z2=3419   Z3=8932.0    feas=y   ran 225s  py3.12
# [r1.p0.20.240]
WSTAT round=0 n=4 10555876 9790434 11153976 9215638  spread=21.03%
P20 [r1.p0.20.240]   240s  obj=9215638     Z1=1176.0   Z2=1112   Z3=9109.0    feas=y   ran 239s  py3.12
# [r1.p1.24.240]
