# [pa.p1.off.r1]
P1  [pa.p1.off.r1]    60s  obj=556718      Z1=20.0     Z2=6326   Z3=674.0     feas=y   ran 30s  py3.12
# [pa.p1.g16.r1]
P1  [pa.p1.g16.r1]    60s  obj=605506      Z1=28.0     Z2=7610   Z3=660.0     feas=y   ran 30s  py3.12
# [pa.p1.g25.r1]
P1  [pa.p1.g25.r1]    60s  obj=679268      Z1=32.0     Z2=4908   Z3=752.0     feas=y   ran 30s  py3.12
# [pa.p1.g07.r1]
P1  [pa.p1.g07.r1]    60s  obj=556718      Z1=20.0     Z2=6326   Z3=674.0     feas=y   ran 30s  py3.12
# [pa.p3.off.r1]
P3  [pa.p3.off.r1]    60s  obj=4776637     Z1=189.0    Z2=7837   Z3=7677.0    feas=y   ran 35s  py3.12
# [pa.p3.g16.r1]
P3  [pa.p3.g16.r1]    60s  obj=4736335     Z1=189.0    Z2=7638   Z3=7604.0    feas=y   ran 36s  py3.12
# [pa.p3.g25.r1]
P3  [pa.p3.g25.r1]    60s  obj=4776637     Z1=189.0    Z2=7837   Z3=7677.0    feas=y   ran 36s  py3.12
# [pa.p3.g07.r1]
P3  [pa.p3.g07.r1]    60s  obj=4845728     Z1=152.0    Z2=7380   Z3=8044.0    feas=y   ran 35s  py3.12
# [pa.p1.off.r2]
P1  [pa.p1.off.r2]    60s  obj=556718      Z1=20.0     Z2=6326   Z3=674.0     feas=y   ran 30s  py3.12
# [pa.p1.g16.r2]
P1  [pa.p1.g16.r2]    60s  obj=671556      Z1=33.0     Z2=6315   Z3=721.0     feas=y   ran 34s  py3.12
