P1  full           180s  obj=524295      Z1=21.0     Z2=6496   Z3=608.0     feas=y   ran 161s  py3.12
P1  pref           180s  obj=535783      Z1=13.0     Z2=5504   Z3=721.0     feas=y   ran 144s  py3.12
P1  lean           180s  obj=537482      Z1=20.0     Z2=3314   Z3=657.0     feas=y   ran 144s  py3.12
P2  full           180s  obj=66122291    Z1=4881.0   Z2=692    Z3=6941.0    feas=y   ran 178s  py3.12
P2  pref           180s  obj=69725432    Z1=5154.0   Z2=2375   Z3=6651.0    feas=y   ran 174s  py3.12
P2  lean           180s  obj=68841593    Z1=5085.0   Z2=2672   Z3=6884.0    feas=y   ran 179s  py3.12
P3  full           180s  obj=4503776     Z1=178.0    Z2=6379   Z3=7253.0    feas=y   ran 179s  py3.12
P3  pref           180s  obj=4498462     Z1=171.0    Z2=9029   Z3=7252.0    feas=y   ran 179s  py3.12
P3  lean           180s  obj=4460894     Z1=172.0    Z2=8516   Z3=7182.0    feas=y   ran 179s  py3.12
P4  full           180s  obj=2684555     Z1=340.0    Z2=2726   Z3=2885.0    feas=y   ran 180s  py3.12
P4  pref           180s  obj=2761139     Z1=358.0    Z2=2846   Z3=2915.0    feas=y   ran 165s  py3.12
P4  lean           180s  obj=2777706     Z1=378.0    Z2=3061   Z3=2819.0    feas=y   ran 163s  py3.12
P5  full           180s  obj=7638022     Z1=2142.0   Z2=304    Z3=1240.0    feas=y   ran 156s  py3.12
P5  pref           180s  obj=8073106     Z1=2214.0   Z2=116    Z3=1732.0    feas=y   ran 153s  py3.12
P5  lean           180s  obj=7667037     Z1=2133.0   Z2=372    Z3=1386.0    feas=y   ran 153s  py3.12
P6  full           180s  obj=5390639     Z1=336.0    Z2=3345   Z3=6722.0    feas=y   ran 179s  py3.12
P6  pref           180s  obj=5317889     Z1=343.0    Z2=3831   Z3=5455.0    feas=y   ran 180s  py3.12
P6  lean           180s  obj=5419201     Z1=351.0    Z2=3798   Z3=5416.0    feas=y   ran 161s  py3.12
P7  full           180s  obj=730098      Z1=36.0     Z2=1980   Z3=1575.0    feas=y   ran 152s  py3.12
P7  pref           180s  obj=730098      Z1=36.0     Z2=1980   Z3=1575.0    feas=y   ran 152s  py3.12
P7  lean           180s  obj=732330      Z1=36.0     Z2=2406   Z3=1570.0    feas=y   ran 149s  py3.12
P8  full           180s  obj=129333      Z1=249.0    Z2=1056   Z3=1680.0    feas=y   ran 149s  py3.12
