# [r1.16]
BEAMSTAT salv=1 capped=0 used=0.10 level=0.13 B=96 K=3 work=41
BEAMSTAT salv=1 capped=0 used=0.10 level=0.14 B=67 K=5 work=45
BEAMSTAT salv=0 capped=1 used=0.86 level=1.00 B=67 K=5 work=3462
BEAMSTAT salv=0 capped=0 used=0.89 level=1.00 B=96 K=4 work=3258
BEAMSTAT salv=1 capped=0 used=0.10 level=0.26 B=48 K=6 work=81
BEAMSTAT salv=1 capped=0 used=0.10 level=0.30 B=67 K=5 work=95
BEAMSTAT salv=0 capped=0 used=0.90 level=1.00 B=96 K=3 work=9542
BEAMSTAT salv=0 capped=1 used=0.89 level=1.00 B=67 K=5 work=9666
BEAMSTAT salv=1 capped=0 used=0.10 level=0.31 B=96 K=4 work=97
BEAMSTAT salv=1 capped=0 used=0.10 level=0.38 B=96 K=3 work=115
BEAMSTAT salv=1 capped=0 used=0.10 level=0.32 B=96 K=4 work=100
BEAMSTAT salv=1 capped=0 used=0.10 level=0.34 B=48 K=6 work=107
BEAMSTAT salv=1 capped=0 used=0.10 level=0.33 B=67 K=5 work=102
BEAMSTAT salv=1 capped=0 used=0.10 level=0.33 B=96 K=4 work=102
BEAMSTAT salv=0 capped=1 used=0.88 level=1.00 B=67 K=5 work=3526
BEAMSTAT salv=0 capped=0 used=0.89 level=1.00 B=48 K=6 work=3559
BEAMSTAT salv=1 capped=0 used=0.10 level=0.16 B=67 K=5 work=53
BEAMSTAT salv=1 capped=0 used=0.10 level=0.17 B=96 K=4 work=54
BEAMSTAT salv=1 capped=0 used=0.90 level=1.00 B=96 K=3 work=3672
BEAMSTAT salv=0 capped=0 used=0.89 level=1.00 B=96 K=4 work=3550
BEAMSTAT salv=1 capped=0 used=0.10 level=0.18 B=96 K=3 work=55
BEAMSTAT salv=1 capped=0 used=0.10 level=0.15 B=67 K=5 work=48
BEAMSTAT salv=0 capped=0 used=0.89 level=1.00 B=96 K=4 work=2473
BEAMSTAT salv=1 capped=0 used=0.10 level=0.13 B=48 K=6 work=44
BEAMSTAT salv=1 capped=0 used=0.10 level=0.12 B=67 K=5 work=41
BEAMSTAT salv=0 capped=1 used=0.87 level=1.00 B=48 K=6 work=9341
BEAMSTAT salv=1 capped=0 used=0.90 level=0.80 B=67 K=5 work=248
BEAMSTAT salv=1 capped=0 used=0.11 level=0.06 B=96 K=3 work=19
BEAMSTAT salv=1 capped=0 used=0.10 level=0.06 B=96 K=4 work=22
  opstat  op      tried   seconds %budget         gain     gain/s
  opstat  beam        5      95.4   48.1%   8399723674 88070899.2
  opstat  grow        1      35.7   18.0%            0        0.0
  opstat  bal         3       0.2    0.1%         1091     5583.6
  opstat  pref        2      23.2   11.7%        75784     3271.8
  opstat  bay         1      41.9   21.1%         4190      100.0
  opstat  TOTAL      12     196.4   99.0%                        
  opstat  op      tried   seconds %budget         gain     gain/s
  opstat  beam        8     116.9   58.7%   8399699415 71873346.1
  opstat  grow        1      18.2    9.1%            0        0.0
  opstat  bal         1       0.1    0.0%            0        0.0
  opstat  pref        1      20.0   10.1%         7658      382.4
  opstat  bay         1      42.0   21.1%            0        0.0
  opstat  TOTAL      12     197.2   99.0%                        
  opstat  op      tried   seconds %budget         gain     gain/s
  opstat  beam        8     119.7   60.1%   8400119501 70183331.1
  opstat  grow        1      15.9    8.0%            0        0.0
  opstat  bal         1       0.1    0.0%            0        0.0
  opstat  pref        1      20.6   10.3%        15558      755.3
  opstat  bay         1      41.4   20.8%            0        0.0
  opstat  TOTAL      12     197.6   99.2%                        
BEAMSTAT salv=1 capped=0 used=0.90 level=0.37 B=96 K=4 work=201
  opstat  op      tried   seconds %budget         gain     gain/s
  opstat  beam        4      73.8   36.4%   8397414932 113838964.8
  opstat  grow        2      65.7   32.4%      1884544    28694.4
  opstat  bal         1       0.0    0.0%            0        0.0
  opstat  pref        1      20.0    9.9%        14997      750.2
  opstat  bay         1      41.9   20.7%          438       10.5
  opstat  TOTAL       9     201.4   99.3%                        
WSTAT round=0 n=4 4377831 3557683 3888003 3985669  spread=23.05%
P16 [r1.16]        240s  obj=3499985     Z1=177.0    Z2=2598   Z3=4529.0    feas=y   ran 239s  py3.12
# [r1.4]
BEAMSTAT salv=0 capped=1 used=0.88 level=1.00 B=67 K=5 work=3686
BEAMSTAT salv=0 capped=0 used=0.88 level=1.00 B=96 K=4 work=2613
BEAMSTAT salv=1 capped=0 used=0.10 level=0.16 B=67 K=5 work=42
BEAMSTAT salv=1 capped=0 used=0.10 level=0.18 B=96 K=3 work=47
BEAMSTAT salv=1 capped=0 used=0.10 level=0.30 B=67 K=5 work=78
BEAMSTAT salv=1 capped=0 used=0.10 level=0.30 B=48 K=6 work=79
BEAMSTAT salv=0 capped=1 used=0.89 level=1.00 B=67 K=5 work=7884
BEAMSTAT salv=0 capped=0 used=0.90 level=1.00 B=96 K=3 work=7929
