# [r1.R1.20]
WSTAT round=0 n=4 11089485 10059858 11203543 9449113  spread=18.57%
P20 [r1.R1.20]     240s  obj=9449113     Z1=1199.0   Z2=2260   Z3=9582.0    feas=y   ran 240s  py3.12
# [r1.R2.20]
WSTAT round=0 n=4 11213371 9746076 11835823 9217158  spread=28.41%
WSTAT round=1 n=4 11858757 10003629 11317008 9217158  spread=28.66%
P20 [r1.R2.20]     240s  obj=9217158     Z1=1190.0   Z2=491    Z3=8530.0    feas=y   ran 239s  py3.12
# [r1.R1.16]
WSTAT round=0 n=4 4644071 3262729 4002185 3656247  spread=42.34%
P16 [r1.R1.16]     240s  obj=3262325     Z1=162.0    Z2=1043   Z3=4397.0    feas=y   ran 240s  py3.12
# [r1.R2.16]
WSTAT round=0 n=4 4529691 3822466 4225842 4409188  spread=18.50%
WSTAT round=1 n=4 4024114 3656247 4818185 3813686  spread=31.78%
P16 [r1.R2.16]     240s  obj=3612529     Z1=182.0    Z2=2141   Z3=4718.0    feas=y   ran 240s  py3.12
# [r1.R1.6]
WSTAT round=0 n=4 5237234 5508037 5384002 5790132  spread=10.56%
P6  [r1.R1.6]      240s  obj=5237234     Z1=334.0    Z2=3347   Z3=5769.0    feas=y   ran 240s  py3.12
# [r1.R2.6]
WSTAT round=0 n=4 5681011 5478994 5459462 5369564  spread=5.80%
WSTAT round=1 n=4 5880543 5854607 5328368 5774057  spread=10.36%
P6  [r1.R2.6]      240s  obj=5328368     Z1=343.0    Z2=3453   Z3=5548.0    feas=y   ran 222s  py3.12
# [r1.R1.36]
WSTAT round=0 n=4 88621543 76526880 90823433 74876964  spread=21.30%
P36 [r1.R1.36]     240s  obj=74751119    Z1=10322.0  Z2=1545   Z3=7416.0    feas=y   ran 239s  py3.12
