# [r1.p16.rf20]
WSTAT round=0 n=4 3243039 3495836 3146964 3526905  spread=12.07%
PARFILL round=1 parity=even even=3146964 odd=3495836 wids=[16, 18, 20, 22]
FILL round=1 budget=26 moved=0 best=3095477
P16 [r1.p16.rf20]   240s  obj=3095477     Z1=142.0    Z2=1147   Z3=4795.0    feas=y   ran 237s  py3.12
# [r1.p16.rf25]
WSTAT round=0 n=4 3045205 3495836 2978737 3233601  spread=17.36%
PARFILL round=1 parity=even even=2978737 odd=3233601 wids=[16, 18, 20, 22]
FILL round=1 budget=37 moved=0 best=2952351
P16 [r1.p16.rf25]   240s  obj=2948010     Z1=125.0    Z2=1045   Z3=5113.0    feas=y   ran 237s  py3.12
# [r1.p16.rf35]
WSTAT round=0 n=4 2835468 3495836 3509719 4553143  spread=60.58%
PARFILL round=1 parity=even even=2835468 odd=3495836 wids=[16, 18, 20, 22]
FILL round=1 budget=61 moved=0 best=2828835
P16 [r1.p16.rf35]   240s  obj=2828835     Z1=115.0    Z2=2430   Z3=5153.0    feas=y   ran 239s  py3.12
# [r1.p1.rf20]
WSTAT round=0 n=4 472330 704888 524295 738497  spread=56.35%
PARFILL round=1 parity=even even=472330 odd=704888 wids=[16, 18, 20, 22]
FILL round=1 budget=37 moved=0 best=472330
P1  [r1.p1.rf20]   240s  obj=472330      Z1=1.0      Z2=2221   Z3=765.0     feas=y   ran 234s  py3.12
# [r1.p1.rf25]
WSTAT round=0 n=4 492458 708602 437484 721435  spread=64.91%
PARFILL round=1 parity=even even=437484 odd=708602 wids=[16, 18, 20, 22]
FILL round=1 budget=50 moved=0 best=437484
P1  [r1.p1.rf25]   240s  obj=437484      Z1=15.0     Z2=4293   Z3=541.0     feas=y   ran 233s  py3.12
# [r1.p1.rf35]
WSTAT round=0 n=4 519063 718072 437484 738538  spread=68.81%
PARFILL round=1 parity=even even=437484 odd=718072 wids=[16, 18, 20, 22]
FILL round=1 budget=74 moved=0 best=437484
P1  [r1.p1.rf35]   240s  obj=437484      Z1=15.0     Z2=4293   Z3=541.0     feas=y   ran 234s  py3.12
# [r2.p16.rf20]
WSTAT round=0 n=4 2884314 3495836 3036342 3233601  spread=21.20%
PARFILL round=1 parity=even even=2884314 odd=3233601 wids=[16, 18, 20, 22]
FILL round=1 budget=25 moved=0 best=2850396
P16 [r2.p16.rf20]   240s  obj=2850396     Z1=131.0    Z2=2341   Z3=4387.0    feas=y   ran 237s  py3.12
