# [r1.R1.20]
WSTAT round=0 n=4 11147973 8939583 10915022 9647965  spread=24.70%
P20 [r1.R1.20]     240s  obj=8939583     Z1=1131.0   Z2=357    Z3=9309.0    feas=y   ran 238s  py3.12
# [r1.R2.20]
WSTAT round=0 n=4 11636220 9479505 11636605 9530012  spread=22.76%
WSTAT round=1 n=4 11079624 9662275 11655739 9212489  spread=26.52%
P20 [r1.R2.20]     240s  obj=9212489     Z1=1169.0   Z2=1377   Z3=9385.0    feas=y   ran 238s  py3.12
# [r1.R3.20]
WSTAT round=0 n=4 12008469 9408001 10966145 9153848  spread=31.18%
WSTAT round=1 n=4 11611709 8939583 12008469 9408001  spread=34.33%
WSTAT round=2 n=4 11272854 9153848 11595030 9810609  spread=26.67%
P20 [r1.R3.20]     240s  obj=8939583     Z1=1131.0   Z2=357    Z3=9309.0    feas=y   ran 238s  py3.12
# [r1.R1.16]
WSTAT round=0 n=4 4298617 3661692 3857330 3842236  spread=17.39%
P16 [r1.R1.16]     240s  obj=3661692     Z1=183.0    Z2=2501   Z3=4857.0    feas=y   ran 240s  py3.12
# [r1.R2.16]
WSTAT round=0 n=4 4328027 3778805 3937598 3872734  spread=14.53%
WSTAT round=1 n=4 3704126 4050312 4715133 3860484  spread=27.29%
P16 [r1.R2.16]     240s  obj=3704126     Z1=186.0    Z2=1646   Z3=4877.0    feas=y   ran 237s  py3.12
# [r1.R3.16]
WSTAT round=0 n=4 4638231 3933854 4644790 4675151  spread=18.84%
WSTAT round=1 n=4 4064084 3878734 4575386 3756392  spread=21.80%
WSTAT round=2 n=4 4853934 4437162 3901740 4395775  spread=24.40%
P16 [r1.R3.16]     240s  obj=3756392     Z1=193.0    Z2=2541   Z3=4702.0    feas=y   ran 237s  py3.12
