# [r1.p1.base]
WSTAT round=0 n=4 438791 760227 504490 787370  spread=79.44%
P1  [r1.p1.base]   240s  obj=438791      Z1=8.0      Z2=4085   Z3=622.0     feas=y   ran 200s  py3.12
# [r1.p1.rf50]
# [r1.p1.rf02]
WSTAT round=0 n=4 483050 689755 504490 740964  spread=53.39%
P1  [r1.p1.rf02]   240s  obj=483050      Z1=14.0     Z2=2704   Z3=636.0     feas=y   ran 235s  py3.12
# [r1.p1.rf50]
WSTAT round=0 n=4 535316 734034 524295 801801  spread=52.93%
FILL round=1 budget=95 moved=1 best=437697
P1  [r1.p1.rf50]   240s  obj=437697      Z1=15.0     Z2=4364   Z3=541.0     feas=y   ran 232s  py3.12
# [r1.p1.rf35]
WSTAT round=0 n=4 535292 695248 437484 721435  spread=64.91%
FILL round=1 budget=75 moved=0 best=437484
P1  [r1.p1.rf35]   240s  obj=437484      Z1=15.0     Z2=4293   Z3=541.0     feas=y   ran 232s  py3.12
# [r1.p1.both]
WSTAT round=0 n=4 486096 718072 524295 801801  spread=64.95%
PARFILL round=1 parity=even even=486096 odd=718072 wids=[16, 18, 20, 22]
FILL round=1 budget=111 moved=1 best=437697
P1  [r1.p1.both]   240s  obj=437697      Z1=15.0     Z2=4364   Z3=541.0     feas=y   ran 232s  py3.12
# [r1.p3.base]
WSTAT round=0 n=4 4274798 4682782 4331294 4720363  spread=10.42%
P3  [r1.p3.base]   240s  obj=4274798     Z1=106.0    Z2=5209   Z3=7289.0    feas=y   ran 239s  py3.12
# [r1.p3.rf02]
WSTAT round=0 n=4 4277106 4751497 4301333 4674714  spread=11.09%
P3  [r1.p3.rf02]   240s  obj=4277106     Z1=119.0    Z2=4755   Z3=7218.0    feas=y   ran 239s  py3.12
# [r1.p3.rf50]
WSTAT round=0 n=4 4602836 4650431 4380578 4687782  spread=7.01%
P3  [r1.p3.rf50]   240s  obj=4380578     Z1=118.0    Z2=4632   Z3=7420.0    feas=y   ran 239s  py3.12
# [r1.p3.rf35]
