# [A.p1]
DIRGATE fired: peak_util=1.016 in [1.00,1.30], timelimit 60 <= 60
BEAMSTAT salv=1 capped=0 used=0.10 level=0.25 B=67 K=5 work=94
BEAMSTAT salv=0 capped=0 used=0.88 level=1.00 B=67 K=5 work=693
BEAMSTAT salv=0 capped=0 used=0.88 level=1.00 B=96 K=4 work=633
BEAMSTAT salv=1 capped=0 used=0.10 level=0.31 B=67 K=5 work=142
BEAMSTAT salv=0 capped=0 used=0.88 level=1.00 B=96 K=3 work=1109
BEAMSTAT salv=0 capped=0 used=0.89 level=1.00 B=67 K=5 work=1090
BEAMSTAT salv=1 capped=0 used=0.10 level=0.25 B=96 K=3 work=90
BEAMSTAT salv=0 capped=0 used=0.88 level=1.00 B=48 K=6 work=813
BEAMSTAT salv=0 capped=0 used=0.88 level=1.00 B=67 K=5 work=651
BEAMSTAT salv=1 capped=0 used=0.10 level=0.24 B=48 K=6 work=92
BEAMSTAT salv=0 capped=0 used=0.87 level=1.00 B=96 K=4 work=774
BEAMSTAT salv=0 capped=0 used=0.87 level=1.00 B=96 K=3 work=663
BEAMSTAT salv=1 capped=0 used=0.10 level=0.22 B=96 K=4 work=86
BEAMSTAT salv=0 capped=0 used=0.87 level=1.00 B=96 K=4 work=667
WSTAT round=0 n=3 712652 708602 683809  spread=4.22%
PARFILL round=1 parity=even even=683809 odd=708602 wids=[12, 14, 16]
BEAMSTAT salv=0 capped=0 used=0.88 level=1.00 B=67 K=5 work=576
BEAMSTAT salv=0 capped=0 used=0.88 level=1.00 B=96 K=4 work=523
BEAMSTAT salv=0 capped=0 used=0.88 level=1.00 B=48 K=6 work=629
BEAMSTAT salv=0 capped=0 used=0.88 level=1.00 B=96 K=3 work=897
BEAMSTAT salv=0 capped=0 used=0.89 level=1.00 B=67 K=5 work=990
BEAMSTAT salv=0 capped=0 used=0.89 level=1.00 B=96 K=4 work=945
BEAMSTAT salv=0 capped=0 used=0.88 level=1.00 B=48 K=6 work=656
BEAMSTAT salv=0 capped=0 used=0.87 level=1.00 B=96 K=4 work=556
BEAMSTAT salv=0 capped=0 used=0.88 level=1.00 B=67 K=5 work=559
BEAMSTAT salv=0 capped=0 used=0.87 level=1.00 B=96 K=4 work=627
BEAMSTAT salv=0 capped=0 used=0.88 level=1.00 B=96 K=3 work=590
BEAMSTAT salv=0 capped=0 used=0.89 level=1.00 B=67 K=5 work=577
FILL round=1 budget=20 moved=1 best=665025
P1  [A.p1]          60s  obj=665025      Z1=21.0     Z2=4006   Z3=855.0     feas=y   ran 50s  py3.12
# WALL [A.p1] 50.06
