# [s.p16.base]
BEAMSTAT salv=1 capped=0 used=0.10 level=0.14 B=96 K=3 work=96
BEAMSTAT salv=1 capped=0 used=0.10 level=0.13 B=67 K=5 work=94
BEAMSTAT salv=0 capped=1 used=0.77 level=1.00 B=67 K=5 work=3799
BEAMSTAT salv=0 capped=1 used=0.88 level=1.00 B=96 K=4 work=5115
BEAMSTAT salv=1 capped=0 used=0.10 level=0.24 B=48 K=6 work=156
BEAMSTAT salv=1 capped=0 used=0.10 level=0.25 B=67 K=5 work=168
BEAMSTAT salv=0 capped=1 used=0.90 level=1.00 B=96 K=3 work=11252
BEAMSTAT salv=0 capped=1 used=0.87 level=1.00 B=67 K=5 work=11066
BEAMSTAT salv=1 capped=0 used=0.10 level=0.25 B=96 K=4 work=168
BEAMSTAT salv=1 capped=0 used=0.10 level=0.29 B=96 K=3 work=188
BEAMSTAT salv=1 capped=0 used=0.10 level=0.26 B=96 K=4 work=172
BEAMSTAT salv=1 capped=0 used=0.10 level=0.27 B=48 K=6 work=184
BEAMSTAT salv=1 capped=0 used=0.10 level=0.30 B=67 K=5 work=200
BEAMSTAT salv=1 capped=0 used=0.10 level=0.28 B=96 K=4 work=190
BEAMSTAT salv=1 capped=0 used=0.10 level=0.16 B=67 K=5 work=108
BEAMSTAT salv=0 capped=1 used=0.90 level=1.00 B=48 K=6 work=6729
BEAMSTAT salv=0 capped=1 used=0.86 level=1.00 B=67 K=5 work=6129
BEAMSTAT salv=1 capped=0 used=0.10 level=0.15 B=96 K=4 work=104
BEAMSTAT salv=1 capped=0 used=0.10 level=0.16 B=96 K=3 work=106
BEAMSTAT salv=1 capped=0 used=0.10 level=0.16 B=67 K=5 work=108
BEAMSTAT salv=0 capped=1 used=0.89 level=1.00 B=96 K=3 work=6490
BEAMSTAT salv=0 capped=0 used=0.89 level=1.00 B=96 K=4 work=5920
BEAMSTAT salv=1 capped=0 used=0.10 level=0.15 B=48 K=6 work=104
BEAMSTAT salv=1 capped=0 used=0.10 level=0.15 B=67 K=5 work=106
BEAMSTAT salv=1 capped=0 used=0.10 level=0.13 B=96 K=4 work=92
BEAMSTAT salv=0 capped=1 used=0.87 level=1.00 B=96 K=4 work=6212
BEAMSTAT salv=1 capped=0 used=0.10 level=0.11 B=96 K=3 work=78
BEAMSTAT salv=0 capped=1 used=0.78 level=1.00 B=48 K=6 work=12465
BEAMSTAT salv=0 capped=0 used=0.89 level=1.00 B=67 K=5 work=310
BEAMSTAT salv=1 capped=0 used=0.10 level=0.08 B=96 K=4 work=64
BEAMSTAT salv=1 capped=0 used=0.10 level=0.06 B=48 K=6 work=48
BEAMSTAT salv=1 capped=0 used=0.90 level=0.55 B=96 K=4 work=167
BEAMSTAT salv=1 capped=0 used=0.90 level=0.51 B=67 K=5 work=156
BEAMSTAT salv=1 capped=0 used=0.11 level=0.02 B=67 K=5 work=28
WSTAT round=0 n=4 2518775 3790662 2910019 3477415  spread=50.50%
P16 [s.p16.base]   240s  obj=2469078     Z1=99.0     Z2=1537   Z3=4578.0    feas=y   ran 239s  py3.12
# [s.p16.fcache]
BEAMSTAT salv=1 capped=0 used=0.10 level=0.13 B=67 K=5 work=96
BEAMSTAT salv=1 capped=0 used=0.10 level=0.12 B=96 K=3 work=84
BEAMSTAT salv=0 capped=0 used=0.90 level=1.00 B=96 K=4 work=1587
BEAMSTAT salv=0 capped=0 used=0.90 level=1.00 B=67 K=5 work=1608
BEAMSTAT salv=1 capped=0 used=0.10 level=0.23 B=67 K=5 work=152
BEAMSTAT salv=1 capped=0 used=0.10 level=0.25 B=48 K=6 work=168
