
P3  240s, ONE worker   obj=85680  feas=True  wall=239.2s   beam wall=105.2s over 6 calls
  phase              seconds   % wall
  cb_t_scan            104.5    43.7%
  cb_t_exact            40.4    16.9%
  cb_t_retry             0.3     0.1%
  cb_t_rebuild           0.1     0.0%
  cb_t_roll              0.0     0.0%
  accounted            145.4    60.8%   (beam wall 105.2 s -- the rest is the loop itself)

  count                     value
  cb_n_scan                     0
  cb_n_cell             112858160
  cb_n_ok                59345678
  cb_n_after             51084949
  cb_n_bitmap           184661047
  cb_n_exact             15211218
  cb_n_hard              41193915
  cb_n_corner                   0
  cb_n_sweep               129634
  cb_n_both                     0
  cb_n_pruned                   0
  cb_n_retry                  187
  cb_n_arskip                   0
  cb_n_arbad                    0
  cb_n_badrej                   0

  exact tests per cell visited: 0.1348   (bitmap resolved: 1.6362)
  cells that survive feasibility and get scored: 52.58%
  cells scored AFTER the best was found: 51084949 of 59345678 (86.1%) -- the early-exit prize
  cells the early exit skipped: 0 of 112858160 that would have been visited (0.0%)
  candidate set per (block,bay,orient): corner only 0.0%, full sweep 100.0%, BOTH 0.0%
