    brk calib: 352:6.62e-07 910:4.6e-08 -> rate 4.6e-08 at 910 cols, growth n^0.000
    brk tier: room=95s rate=4.6e-08 -> tier 0 (step 4 nout 40 nent 6) ncol~30466 pred=42.7s  [hard=112 slice=40s]
    brk calib: 366:6.21e-07 956:3.32e-08 -> rate 3.32e-08 at 956 cols, growth n^0.000
    brk tier: room=94s rate=3.32e-08 -> tier 0 (step 4 nout 40 nent 6) ncol~30782 pred=31.5s  [hard=111 slice=40s]
    brk calib: 762:1.14e-07 2510:3.07e-09 -> rate 3.07e-09 at 2510 cols, growth n^0.000
    brk tier: room=93s rate=3.07e-09 -> tier 0 (step 4 nout 40 nent 6) ncol~99902 pred=30.7s  [hard=110 slice=40s]
    brk calib: 352:7e-07 910:3.68e-08 -> rate 3.68e-08 at 910 cols, growth n^0.000
    brk tier: room=92s rate=3.68e-08 -> tier 0 (step 4 nout 40 nent 6) ncol~30782 pred=34.9s  [hard=109 slice=40s]
    brk cost: ncol~99902 real_ncol=98384 build=25.4s ask=39.8s total=31.9s
    brk cost: tier 0 ncol~99902 real_ncol=98384 build=25.4s total=31.9s  -> rate 2.544e-09 s/col^2
    brk[pressure] tgt=1 res=60 outs=3 admitted 3, displaced 0, obj 1727228509 vs base 2488362823 -> KEEP
    brk cost: ncol~30466 real_ncol=30161 build=6.6s ask=39.8s total=47.4s
    brk cost: tier 0 ncol~30466 real_ncol=30161 build=6.6s total=47.4s  -> rate 7.068e-09 s/col^2
    brk[pressure] tgt=0 res=51 outs=19 displaced b42 could not be rehomed in any other bay
    brk cost: ncol~30782 real_ncol=30436 build=7.1s ask=39.8s total=47.5s
    brk cost: tier 0 ncol~30782 real_ncol=30436 build=7.1s total=47.5s  -> rate 7.474e-09 s/col^2
    brk[pressure] tgt=0 res=52 outs=18 admitted 5, displaced 2, obj 94345 vs base 110800 -> KEEP
    brk cost: ncol~30782 real_ncol=30306 build=7.7s ask=39.8s total=48.1s
    brk cost: tier 0 ncol~30782 real_ncol=30306 build=7.7s total=48.1s  -> rate 8.178e-09 s/col^2
    brk[pressure] tgt=0 res=52 outs=18 admitted 8, displaced 5, obj 84630 vs base 114310 -> KEEP
    brk: declined, smallest tier predicts 5s of 9s
P3  brkpool 0.34 r2   240s  obj=84630       Z1=0.0      Z2=2796   Z3=471.0     feas=y   ran 239s
