    brk calib: 792:1.52e-07 1908:1.6e-08 -> rate 1.6e-08 at 1908 cols, growth n^0.000
    brk tier: room=416s rate=1.6e-08 -> tier 3 (step 6 nout 10 nent 2) ncol~45340 pred=32.9s  [hard=489 slice=172s]
    brk calib: 794:1.5e-07 1874:1.58e-08 -> rate 1.58e-08 at 1874 cols, growth n^0.000
    brk tier: room=412s rate=1.58e-08 -> tier 3 (step 6 nout 10 nent 2) ncol~46886 pred=34.8s  [hard=484 slice=172s]
    brk calib: 518:1.86e-06 1038:4.06e-08 -> rate 4.06e-08 at 1038 cols, growth n^0.000
    brk tier: room=398s rate=4.06e-08 -> tier 2 (step 4 nout 20 nent 5) ncol~91608 pred=341.0s  [hard=468 slice=172s]
    brk: build refused at tier 2 (2.9s) -- stepping down to tier 3
    brk calib: 790:7.76e-07 1808:1.76e-08 -> rate 1.76e-08 at 1808 cols, growth n^0.000
    brk tier: room=395s rate=1.76e-08 -> tier 3 (step 6 nout 10 nent 2) ncol~45680 pred=36.8s  [hard=464 slice=172s]
    brk cost: ncol~19976 real_ncol=20189 build=14.9s ask=171.8s total=189.3s
    brk cost: tier 3 ncol~19976 real_ncol=20189 build=14.9s total=189.3s  -> rate 3.736e-08 s/col^2
    brk[pressure] tgt=1 res=61 outs=10 displaced b5 could not be rehomed in any other bay
    brk cost: ncol~45340 real_ncol=44850 build=93.8s ask=171.8s total=307.4s
    brk cost: tier 3 ncol~45340 real_ncol=44850 build=93.8s total=307.4s  -> rate 4.565e-08 s/col^2
    brk[pressure] tgt=2 res=91 outs=10 displaced b4 could not be rehomed in any other bay
    brk cost: ncol~46886 real_ncol=46488 build=127.6s ask=171.8s total=304.1s
    brk cost: tier 3 ncol~46886 real_ncol=46488 build=127.6s total=304.1s  -> rate 5.804e-08 s/col^2
    brk[pressure] tgt=2 res=94 outs=10 displaced b11 could not be rehomed in any other bay
    brk cost: ncol~45680 real_ncol=45752 build=116.4s ask=171.8s total=295.5s
    brk cost: tier 3 ncol~45680 real_ncol=45752 build=116.4s total=295.5s  -> rate 5.579e-08 s/col^2
    brk[pressure] tgt=2 res=94 outs=10 displaced b15 could not be rehomed in any other bay
P6  six P6         900s  obj=29566129    Z1=4301.0   Z2=2164   Z3=5827.0    feas=y   ran 900s
