myalgorithm on P3: obj=90545  Z2=2299  Z3=527
   u*load = ['7002', '5565', '4703']   (max bay 0, min bay 2)

[1] BAY 0 RESIDENTS -- what each would pay to leave  (53 blocks, 3370 workload)
      the twenty cheapest to evict, by preference paid per unit of workload:
         blk  workload   pays  ->bay   pay/load   preferences
         4         138     20      2      0.145   [57, 6, 37]
         41        118     31      2      0.263   [62, 7, 31]
         78        171     54      1      0.316   [77, 23, 0]
         148        37     13      1      0.351   [55, 42, 3]
         179       231     86      2      0.372   [93, 0, 7]
         128       145     54      1      0.372   [70, 16, 14]
         134       151     58      1      0.384   [79, 21, 0]
         62        157     65      2      0.414   [80, 5, 15]
         181       212     96      1      0.453   [98, 2, 0]
         154        44     20      1      0.455   [60, 40, 0]
         150        32     15      1      0.469   [57, 42, 1]
         178       109     52      1      0.477   [76, 24, 0]
         137        62     31      2      0.500   [64, 3, 33]
         70        142     75      2      0.528   [85, 5, 10]
         86        106     61      2      0.575   [80, 1, 19]
         61         82     48      2      0.585   [67, 14, 19]
         34        167     98      2      0.587   [99, 0, 1]
         159        51     33      1      0.647   [58, 25, 17]
         27         94     61      1      0.649   [77, 16, 7]
         142        55     36      2      0.655   [68, 0, 32]

[2] GREEDY SWEEP in ratio order, with the TRUE piecewise Z2 recomputed each step
      moved  blk   workload  Z3paid    Z2      objective     delta
          0  -           -       0    2299        90545          -
          1  4         138      20    1907        91585      +1040
          2  41        118      51    1571        94555      +4010
          3  78        171     105    1216       100880     +10335
          4  148        37     118    1139       102445     +11900
          5  179       231     204     660       112950     +22405
          6  128       145     258     780       121650     +31105
          7  134       151     316    1037       131635     +41090
          8  62        157     381    1363       143015     +52470
          9  181       212     477    1978       160490     +69945
         10  154        44     497    2106       164130     +73585
         11  150        32     512    2199       166845     +76300
         12  178       109     564    2515       176225     +85680
         13  137        62     595    2644       181520     +90975
         14  70        142     670    2939       194245    +103700
         15  86        106     731    3159       204495    +113950
         16  61         82     779    3330       212550    +122005
         17  34        167     877    3677       228985    +138440
         18  159        51     910    3825       234675    +144130
         19  27         94     971    4097       245185    +154640
         20  142        55    1007    4212       251160    +160615
         21  184        29    1026    4296       254430    +163885
         22  37         30    1048    4383       258165    +167620
         23  28         90    1115    4570       269150    +178605
         24  190        41    1149    4689       274845    +184300
         25  1          44    1188    4817       281335    +190790

[3] BEST POINT OF THE SWEEP
   move the 0 cheapest out of bay 0:  Z2 2299 -> 2299,  Z3 527 -> 527
   objective 90545 -> 90545   (+0.00%, worth 0)
   u*load after: ['7002', '5565', '4703']

   the sweep finds nothing: the incumbent is already at the best point of this trade
