myalgorithm on P3: obj=90545  Z2=2299  Z3=527   (scorer says 90545)

[1] 98 of the 13193 cross-bay swaps improve the objective on their own
   the twenty best, each measured against the incumbent alone:
      delta    blk_a bay wl   pref_a          blk_b bay wl   pref_b          Z2    Z3
         -5970  4    0   138 [57, 6, 37]    105  2    66 [69, 15, 16]    2095   494
         -5605  100  1   104 [72, 17, 11]   148  0    37 [55, 42, 3]     2438   485
         -5485  148  0    37 [55, 42, 3]    164  1   144 [78, 21, 1]     2522   483
         -5250  100  1   104 [72, 17, 11]   150  0    32 [57, 42, 1]     2449   487
         -5135  150  0    32 [57, 42, 1]    164  1   144 [78, 21, 1]     2532   485
         -5095  4    0   138 [57, 6, 37]    53   2    96 [66, 18, 16]    2180   497
         -4625  100  1   104 [72, 17, 11]   154  0    44 [60, 40, 0]     2424   492
         -4620  100  1   104 [72, 17, 11]   184  0    29 [48, 29, 23]    2455   491
         -4510  154  0    44 [60, 40, 0]    164  1   144 [78, 21, 1]     2507   490
         -4505  164  1   144 [78, 21, 1]    184  0    29 [48, 29, 23]    2538   489
         -4380  98   0     5 [59, 0, 41]    105  2    66 [69, 15, 16]    2473   492
         -4180  37   0    30 [50, 28, 22]   100  1   104 [72, 17, 11]    2453   494
         -4120  100  1   104 [72, 17, 11]   156  0    24 [51, 29, 20]    2465   494
         -4090  33   0     7 [50, 29, 21]   100  1   104 [72, 17, 11]    2501   493
         -4065  37   0    30 [50, 28, 22]   164  1   144 [78, 21, 1]     2536   492
         -4040  41   0   118 [62, 7, 31]    105  2    66 [69, 15, 16]    2151   505
         -4000  156  0    24 [51, 29, 20]   164  1   144 [78, 21, 1]     2549   492
         -3975  33   0     7 [50, 29, 21]   164  1   144 [78, 21, 1]     2584   491
         -3780  105  2    66 [69, 15, 16]   140  0     5 [53, 16, 31]    2473   496
         -3675  105  2    66 [69, 15, 16]   184  0    29 [48, 29, 23]    2404   499

[2] GREEDY APPLICATION, re-priced after every acceptance
      swap 4    <-> 105    obj 90545 -> 84575  (-5970)
      swap 100  <-> 148    obj 84575 -> 78970  (-5605)
      swap 150  <-> 164    obj 78970 -> 73830  (-5140)
      swap 53   <-> 98     obj 73830 -> 70325  (-3505)
      swap 41   <-> 172    obj 70325 -> 68775  (-1550)
      swap 154  <-> 191    obj 68775 -> 67405  (-1370)
      swap 140  <-> 162    obj 67405 -> 66115  (-1290)
   7 swaps applied: obj 90545 -> 66115  (-26.98%),  Z2 2299 -> 3383,  Z3 527 -> 328

[3] CAN THE ENGINE SEAT THE MOVERS?  (new bay, own entry window, everyone else fixed)
      blk 4     bay 0 -> 2 : 6977 legal cells
      blk 41    bay 0 -> 2 : 671 legal cells
      blk 53    bay 2 -> 0 : BLOCKED
      blk 98    bay 0 -> 2 : 8074 legal cells
      blk 100   bay 1 -> 0 : BLOCKED
      blk 105   bay 2 -> 0 : BLOCKED
      blk 140   bay 0 -> 2 : 2279 legal cells
      blk 148   bay 0 -> 1 : 17 legal cells
      blk 150   bay 0 -> 1 : 6985 legal cells
      blk 154   bay 0 -> 1 : 2696 legal cells
      blk 162   bay 2 -> 0 : BLOCKED
      blk 164   bay 1 -> 0 : BLOCKED
      blk 172   bay 2 -> 0 : BLOCKED
      blk 191   bay 1 -> 0 : BLOCKED
   7 of 14 movers can be seated  -> partially blocked; only part of the gain is reachable
