w3mul arms verified at conw=0.25: 1 .. 24
=== w3m_1_r1.log  (w3mul=1 r1)  14:42:57
P3  w3mul=1 r1     240s  obj=96235       Z1=0.0      Z2=3767   Z3=516.0     ran 239s
=== w3m_3_r1.log  (w3mul=3 r1)  14:46:57
P3  w3mul=3 r1     240s  obj=92930       Z1=0.0      Z2=3496   Z3=503.0     ran 239s
=== w3m_6_r1.log  (w3mul=6 r1)  14:50:57
P3  w3mul=6 r1     240s  obj=90900       Z1=0.0      Z2=3630   Z3=485.0     ran 239s
=== w3m_12_r1.log  (w3mul=12 r1)  14:54:56
P3  w3mul=12 r1    240s  obj=90900       Z1=0.0      Z2=3630   Z3=485.0     ran 239s
=== w3m_24_r1.log  (w3mul=24 r1)  14:58:56
P3  w3mul=24 r1    240s  obj=90900       Z1=0.0      Z2=3630   Z3=485.0     ran 239s
=== w3m_1_r2.log  (w3mul=1 r2)  15:02:56
P3  w3mul=1 r2     240s  obj=94635       Z1=0.0      Z2=3297   Z3=521.0     ran 239s
=== w3m_3_r2.log  (w3mul=3 r2)  15:06:55
P3  w3mul=3 r2     240s  obj=102185      Z1=0.0      Z2=2557   Z3=596.0     ran 239s
=== w3m_6_r2.log  (w3mul=6 r2)  15:10:55
P3  w3mul=6 r2     240s  obj=90900       Z1=0.0      Z2=3630   Z3=485.0     ran 239s
=== w3m_12_r2.log  (w3mul=12 r2)  15:14:54
P3  w3mul=12 r2    240s  obj=90900       Z1=0.0      Z2=3630   Z3=485.0     ran 239s
=== w3m_24_r2.log  (w3mul=24 r2)  15:18:54
P3  w3mul=24 r2    240s  obj=90900       Z1=0.0      Z2=3630   Z3=485.0     ran 239s
=== mum_1.0_r1.log  (mum=1.0 r1)  15:22:54
P3  mum=1.0 r1     240s  obj=87560       Z1=0.0      Z2=3652   Z3=462.0     ran 239s
=== mum_0.0_r1.log  (mum=0.0 r1)  15:26:53
P3  mum=0.0 r1     240s  obj=87560       Z1=0.0      Z2=3652   Z3=462.0     ran 239s
=== mum_1.0_r2.log  (mum=1.0 r2)  15:30:53
P3  mum=1.0 r2     240s  obj=87560       Z1=0.0      Z2=3652   Z3=462.0     ran 239s
=== mum_0.0_r2.log  (mum=0.0 r2)  15:34:53
