installed  single beam obj=159475  in 20.9s
hmatch     single beam obj=159475  in 21.0s
identity ok: both engines return 159475 on one deterministic beam
hmatch engine installed  01:44:43
hmatch arms verified on the fastobj base, contact untouched
=== q9_hm0.0_r1.log  (hmatch=0.0 r1)  01:44:44
P3  hmatch=0.0 r1   240s  obj=106700      Z1=0.0      Z2=2680   Z3=622.0     feas=y   ran 239s
=== q9_hm0.5_r1.log  (hmatch=0.5 r1)  01:48:43
P3  hmatch=0.5 r1   240s  obj=100865      Z1=0.0      Z2=3433   Z3=558.0     feas=y   ran 239s
=== q9_hm2.0_r1.log  (hmatch=2.0 r1)  01:52:43
P3  hmatch=2.0 r1   240s  obj=94275       Z1=0.0      Z2=3615   Z3=508.0     feas=y   ran 239s
=== q9_hm8.0_r1.log  (hmatch=8.0 r1)  01:56:43
P3  hmatch=8.0 r1   240s  obj=104460      Z1=0.0      Z2=3762   Z3=571.0     feas=y   ran 239s
=== q9_hm0.0_r2.log  (hmatch=0.0 r2)  02:00:42
P3  hmatch=0.0 r2   240s  obj=96990       Z1=0.0      Z2=3108   Z3=543.0     feas=y   ran 239s
=== q9_hm0.5_r2.log  (hmatch=0.5 r2)  02:04:42
P3  hmatch=0.5 r2   240s  obj=100865      Z1=0.0      Z2=3433   Z3=558.0     feas=y   ran 239s
=== q9_hm2.0_r2.log  (hmatch=2.0 r2)  02:08:42
P3  hmatch=2.0 r2   240s  obj=94275       Z1=0.0      Z2=3615   Z3=508.0     feas=y   ran 239s
=== q9_hm8.0_r2.log  (hmatch=8.0 r2)  02:12:41
