    brk calib: 562:1.04e-07 1206:3.19e-08 -> rate 3.19e-08 at 1206 cols, growth n^0.000
    brk tier: room=415s rate=3.19e-08 -> tier 1 (step 4 nout 40 nent 7) ncol~106620 pred=362.3s  [hard=489 slice=172s]
    brk calib: 546:4.03e-07 1150:3.61e-08 -> rate 3.61e-08 at 1150 cols, growth n^0.000
    brk tier: room=411s rate=3.61e-08 -> tier 2 (step 4 nout 20 nent 5) ncol~96348 pred=334.7s  [hard=484 slice=172s]
    brk: build refused at tier 2 (7.8s) -- stepping down to tier 3
    brk calib: 520:1.73e-06 1040:4.13e-08 -> rate 4.13e-08 at 1040 cols, growth n^0.000
    brk tier: room=399s rate=4.13e-08 -> tier 2 (step 4 nout 20 nent 5) ncol~86694 pred=310.2s  [hard=470 slice=172s]
    brk: build refused at tier 2 (1.8s) -- stepping down to tier 3
    brk: build refused at tier 1 (22.4s) -- stepping down to tier 2
    brk calib: 790:7.71e-07 1808:1.8e-08 -> rate 1.8e-08 at 1808 cols, growth n^0.000
    brk tier: room=395s rate=1.8e-08 -> tier 3 (step 6 nout 10 nent 2) ncol~45680 pred=37.5s  [hard=465 slice=172s]
    brk: build refused at tier 2 (72.9s) -- stepping down to tier 3
    brk cost: ncol~18680 real_ncol=18946 build=11.1s ask=399.3s total=412.3s
    brk cost: tier 3 ncol~18680 real_ncol=18946 build=11.1s total=412.3s  -> rate 3.191e-08 s/col^2
    brk[pressure] tgt=1 res=56 outs=10 displaced b0 could not be rehomed in any other bay
    brk cost: ncol~19944 real_ncol=20091 build=11.1s ask=411.4s total=421.3s
    brk cost: tier 3 ncol~19944 real_ncol=20091 build=11.1s total=421.3s  -> rate 2.792e-08 s/col^2
    brk[pressure] tgt=1 res=61 outs=10 displaced b0 could not be rehomed in any other bay
    brk cost: ncol~45680 real_ncol=45752 build=108.6s ask=395.3s total=410.5s
    brk cost: tier 3 ncol~45680 real_ncol=45752 build=108.6s total=410.5s  -> rate 5.202e-08 s/col^2
    brk[pressure] tgt=2 res=94 outs=10 displaced b15 could not be rehomed in any other bay
    brk cost: ncol~19044 real_ncol=19192 build=8.3s ask=415.5s total=416.1s
    brk cost: tier 3 ncol~19044 real_ncol=19192 build=8.3s total=416.1s  -> rate 2.301e-08 s/col^2
    brk[pressure] tgt=1 res=60 outs=10 displaced b14 could not be rehomed in any other bay
P6  rel P6         900s  obj=29583182    Z1=4298.0   Z2=3177   Z3=6020.0    feas=y   ran 900s
