    brk calib: 360:3.22e-07 932:4.55e-08 -> rate 4.55e-08 at 932 cols, growth n^0.000
    brk tier: room=90s rate=4.55e-08 -> tier 0 (step 4 nout 40 nent 6) ncol~30782 pred=43.1s  [hard=106 slice=40s]
    brk calib: 366:2.59e-07 956:4.19e-08 -> rate 4.19e-08 at 956 cols, growth n^0.000
    brk tier: room=90s rate=4.19e-08 -> tier 0 (step 4 nout 40 nent 6) ncol~30782 pred=39.7s  [hard=106 slice=40s]
    brk calib: 362:3.16e-07 934:4.56e-08 -> rate 4.56e-08 at 934 cols, growth n^0.000
    brk tier: room=89s rate=4.56e-08 -> tier 0 (step 4 nout 40 nent 6) ncol~30782 pred=43.3s  [hard=104 slice=40s]
    brk calib: 364:2.71e-07 948:4.23e-08 -> rate 4.23e-08 at 948 cols, growth n^0.000
    brk tier: room=88s rate=4.23e-08 -> tier 0 (step 4 nout 40 nent 6) ncol~30782 pred=40.1s  [hard=104 slice=40s]
    brk cost: ncol~30782 real_ncol=30360 build=9.0s ask=90.2s total=97.8s
    brk cost: tier 0 ncol~30782 real_ncol=30360 build=9.0s total=97.8s  -> rate 9.481e-09 s/col^2
    brk cost: ncol~30782 real_ncol=30425 build=9.1s ask=90.2s total=98.0s
    brk cost: tier 0 ncol~30782 real_ncol=30425 build=9.1s total=98.0s  -> rate 9.552e-09 s/col^2
    brk cost: ncol~30782 real_ncol=30364 build=10.8s ask=88.5s total=96.0s
    brk cost: tier 0 ncol~30782 real_ncol=30364 build=10.8s total=96.0s  -> rate 1.145e-08 s/col^2
    brk cost: ncol~30782 real_ncol=30427 build=11.3s ask=88.1s total=95.5s
    brk cost: tier 0 ncol~30782 real_ncol=30427 build=11.3s total=95.5s  -> rate 1.197e-08 s/col^2
    brk[pressure] tgt=0 res=54 outs=16 admitted 3, displaced 1, obj 91325 vs base 101935 -> KEEP
    brk[pressure] tgt=0 res=54 outs=16 admitted 5, displaced 5, obj 95775 vs base 115790 -> KEEP
    brk[pressure] tgt=0 res=52 outs=18 admitted 4, displaced 1, obj 97440 vs base 108420 -> KEEP
    brk[pressure] tgt=0 res=53 outs=17 admitted 8, displaced 7, obj 90225 vs base 121540 -> KEEP
P3  rel P3 r2      240s  obj=90225       Z1=0.0      Z2=3105   Z3=498.0     feas=y   ran 240s
