    brk calib: 504:4.59e-07 886:4.08e-08 -> rate 4.08e-08 at 886 cols, growth n^0.000
    brk tier: room=46s rate=4.08e-08 -> tier 2 (step 4 nout 20 nent 2) ncol~25078 pred=25.7s  [hard=54 slice=19s]
    brk calib: 504:2.26e-07 886:3.83e-08 -> rate 3.83e-08 at 886 cols, growth n^0.000
    brk tier: room=45s rate=3.83e-08 -> tier 1 (step 4 nout 40 nent 3) ncol~30416 pred=35.4s  [hard=53 slice=19s]
    brk calib: 504:2.25e-07 886:3.97e-08 -> rate 3.97e-08 at 886 cols, growth n^0.000
    brk tier: room=45s rate=3.97e-08 -> tier 1 (step 4 nout 40 nent 3) ncol~30416 pred=36.7s  [hard=53 slice=19s]
    brk calib: 504:3.4e-07 886:3.8e-08 -> rate 3.8e-08 at 886 cols, growth n^0.000
    brk tier: room=45s rate=3.8e-08 -> tier 1 (step 4 nout 40 nent 3) ncol~30416 pred=35.2s  [hard=53 slice=19s]
    brk cost: ncol~25078 real_ncol=24402 build=1.2s ask=45.6s total=45.7s
    brk cost: tier 2 ncol~25078 real_ncol=24402 build=1.2s total=45.7s  -> rate 1.985e-09 s/col^2
    brk[pressure] tgt=0 res=65 outs=1 packer admitted NO outsider (seated 65 of 66 columns offered)
    brk cost: ncol~30416 real_ncol=29506 build=1.6s ask=45.4s total=45.6s
    brk cost: tier 1 ncol~30416 real_ncol=29506 build=1.6s total=45.6s  -> rate 1.728e-09 s/col^2
    brk[pressure] tgt=0 res=65 outs=1 packer admitted NO outsider (seated 65 of 66 columns offered)
    brk cost: ncol~30416 real_ncol=29640 build=1.7s ask=45.4s total=45.6s
    brk cost: tier 1 ncol~30416 real_ncol=29640 build=1.7s total=45.6s  -> rate 1.823e-09 s/col^2
    brk[pressure] tgt=0 res=65 outs=1 packer admitted NO outsider (seated 65 of 66 columns offered)
    brk cost: ncol~30416 real_ncol=29771 build=1.7s ask=45.3s total=45.4s
    brk cost: tier 1 ncol~30416 real_ncol=29771 build=1.7s total=45.4s  -> rate 1.875e-09 s/col^2
    brk[pressure] tgt=0 res=65 outs=1 packer admitted NO outsider (seated 65 of 66 columns offered)
P2  rel P2         120s  obj=31368       Z1=0.0      Z2=3342   Z3=90.0      feas=y   ran 119s
