    brk calib: 360:6.01e-07 932:3.44e-08 -> rate 3.44e-08 at 932 cols, growth n^0.000
    brk tier: room=95s rate=3.44e-08 -> tier 0 (step 4 nout 40 nent 6) ncol~31142 pred=33.4s  [hard=112 slice=40s]
    brk calib: 364:7.88e-07 950:3.22e-08 -> rate 3.22e-08 at 950 cols, growth n^0.000
    brk tier: room=93s rate=3.22e-08 -> tier 0 (step 4 nout 40 nent 6) ncol~30782 pred=30.5s  [hard=109 slice=40s]
    brk calib: 348:1.11e-06 908:3.73e-08 -> rate 3.73e-08 at 908 cols, growth n^0.000
    brk tier: room=93s rate=3.73e-08 -> tier 0 (step 4 nout 40 nent 6) ncol~30782 pred=35.3s  [hard=109 slice=40s]
    brk calib: 366:7.71e-07 956:3.35e-08 -> rate 3.35e-08 at 956 cols, growth n^0.000
    brk tier: room=93s rate=3.35e-08 -> tier 0 (step 4 nout 40 nent 6) ncol~30782 pred=31.7s  [hard=109 slice=40s]
    brk cost: ncol~31142 real_ncol=30632 build=7.4s ask=39.8s total=48.8s
    brk cost: tier 0 ncol~31142 real_ncol=30632 build=7.4s total=48.8s  -> rate 7.602e-09 s/col^2
    brk[pressure] tgt=0 res=54 outs=17 admitted 1, displaced 1, obj 100110 vs base 106700 -> KEEP
    brk cost: ncol~30782 real_ncol=30374 build=8.2s ask=39.8s total=48.5s
    brk cost: tier 0 ncol~30782 real_ncol=30374 build=8.2s total=48.5s  -> rate 8.608e-09 s/col^2
    brk[pressure] tgt=0 res=53 outs=17 displaced b187 could not be rehomed in any other bay
    brk cost: ncol~30782 real_ncol=30462 build=8.3s ask=39.8s total=49.6s
    brk cost: tier 0 ncol~30782 real_ncol=30462 build=8.3s total=49.6s  -> rate 8.74e-09 s/col^2
    brk cost: ncol~30782 real_ncol=30418 build=8.3s ask=39.8s total=49.5s
    brk cost: tier 0 ncol~30782 real_ncol=30418 build=8.3s total=49.5s  -> rate 8.735e-09 s/col^2
    brk[pressure] tgt=0 res=54 outs=16 admitted 6, displaced 4, obj 83095 vs base 107195 -> KEEP
    brk[pressure] tgt=0 res=53 outs=17 admitted 5, displaced 2, obj 88725 vs base 110235 -> KEEP
