   draw 1   obj=28261134     at 14s
   draw 2   obj=28248683     at 27s
   draw 16  obj=28145428     at 226s
   draw 20  obj=28110759     at 285s
   draw 34  obj=27887068     at 482s
P6  GRASP k=6  42 draws in 592s   best obj=27887068    Z1=3944.0  Z2=5290  Z3=10334.0
   finalist build=27887068    short-polish=27786975   
   finalist build=28110759    short-polish=28068573   
   finalist build=28143427    short-polish=28043085   
   finalist build=28145428    short-polish=28060762   
P6  GRASP k=6  polished     obj=27786975    Z1=3945.0  Z2=4845  Z3=9646.0  feasible=True
   -> -1.25% vs the fixed-order 28,138,113
   draw 1   obj=28261134     at 14s
   draw 2   obj=28248683     at 27s
   draw 16  obj=28145428     at 219s
   draw 20  obj=28110759     at 275s
   draw 34  obj=27887068     at 472s
P6  GRASP k=6  59 draws in 825s   best obj=27887068    Z1=3944.0  Z2=5290  Z3=10334.0
   finalist build=27887068    short-polish=27786975   
   finalist build=28110759    short-polish=28068573   
   finalist build=28143427    short-polish=28043085   
   finalist build=28145428    short-polish=28060762   
P6  GRASP k=6  polished     obj=27786975    Z1=3945.0  Z2=4845  Z3=9646.0  feasible=True
   -> -1.25% vs the fixed-order 28,138,113
   draw 1   obj=28261134     at 14s
   draw 11  obj=27607317     at 152s
P6  GRASP k=6  43 draws in 593s   best obj=27607317    Z1=3903.0  Z2=2952  Z3=10416.0
   finalist build=27607317    short-polish=27567651   
   finalist build=28252990    short-polish=28225636   
   finalist build=28261134    short-polish=28162286   
   finalist build=28396435    short-polish=28311105   
